Archive member included to satisfy reference by file (symbol)

C:/Program Files (x86)/Arm GNU Toolchain arm-none-eabi/14.2 rel1/bin/../lib/gcc/arm-none-eabi/14.2.1/thumb/v7-m/nofp\libc_nano.a(libc_a-exit.o)
                              C:/Program Files (x86)/Arm GNU Toolchain arm-none-eabi/14.2 rel1/bin/../lib/gcc/arm-none-eabi/14.2.1/thumb/v7-m/nofp/crt0.o (exit)
C:/Program Files (x86)/Arm GNU Toolchain arm-none-eabi/14.2 rel1/bin/../lib/gcc/arm-none-eabi/14.2.1/thumb/v7-m/nofp\libc_nano.a(libc_a-findfp.o)
                              C:/Program Files (x86)/Arm GNU Toolchain arm-none-eabi/14.2 rel1/bin/../lib/gcc/arm-none-eabi/14.2.1/thumb/v7-m/nofp\libc_nano.a(libc_a-exit.o) (__stdio_exit_handler)
C:/Program Files (x86)/Arm GNU Toolchain arm-none-eabi/14.2 rel1/bin/../lib/gcc/arm-none-eabi/14.2.1/thumb/v7-m/nofp\libc_nano.a(libc_a-fwalk.o)
                              C:/Program Files (x86)/Arm GNU Toolchain arm-none-eabi/14.2 rel1/bin/../lib/gcc/arm-none-eabi/14.2.1/thumb/v7-m/nofp\libc_nano.a(libc_a-findfp.o) (_fwalk_sglue)
C:/Program Files (x86)/Arm GNU Toolchain arm-none-eabi/14.2 rel1/bin/../lib/gcc/arm-none-eabi/14.2.1/thumb/v7-m/nofp\libc_nano.a(libc_a-stdio.o)
                              C:/Program Files (x86)/Arm GNU Toolchain arm-none-eabi/14.2 rel1/bin/../lib/gcc/arm-none-eabi/14.2.1/thumb/v7-m/nofp\libc_nano.a(libc_a-findfp.o) (__sread)
C:/Program Files (x86)/Arm GNU Toolchain arm-none-eabi/14.2 rel1/bin/../lib/gcc/arm-none-eabi/14.2.1/thumb/v7-m/nofp\libc_nano.a(libc_a-memset.o)
                              C:/Program Files (x86)/Arm GNU Toolchain arm-none-eabi/14.2 rel1/bin/../lib/gcc/arm-none-eabi/14.2.1/thumb/v7-m/nofp/crt0.o (memset)
C:/Program Files (x86)/Arm GNU Toolchain arm-none-eabi/14.2 rel1/bin/../lib/gcc/arm-none-eabi/14.2.1/thumb/v7-m/nofp\libc_nano.a(libc_a-closer.o)
                              C:/Program Files (x86)/Arm GNU Toolchain arm-none-eabi/14.2 rel1/bin/../lib/gcc/arm-none-eabi/14.2.1/thumb/v7-m/nofp\libc_nano.a(libc_a-stdio.o) (_close_r)
C:/Program Files (x86)/Arm GNU Toolchain arm-none-eabi/14.2 rel1/bin/../lib/gcc/arm-none-eabi/14.2.1/thumb/v7-m/nofp\libc_nano.a(libc_a-reent.o)
                              C:/Program Files (x86)/Arm GNU Toolchain arm-none-eabi/14.2 rel1/bin/../lib/gcc/arm-none-eabi/14.2.1/thumb/v7-m/nofp\libc_nano.a(libc_a-closer.o) (errno)
C:/Program Files (x86)/Arm GNU Toolchain arm-none-eabi/14.2 rel1/bin/../lib/gcc/arm-none-eabi/14.2.1/thumb/v7-m/nofp\libc_nano.a(libc_a-impure.o)
                              C:/Program Files (x86)/Arm GNU Toolchain arm-none-eabi/14.2 rel1/bin/../lib/gcc/arm-none-eabi/14.2.1/thumb/v7-m/nofp\libc_nano.a(libc_a-reent.o) (_impure_ptr)
C:/Program Files (x86)/Arm GNU Toolchain arm-none-eabi/14.2 rel1/bin/../lib/gcc/arm-none-eabi/14.2.1/thumb/v7-m/nofp\libc_nano.a(libc_a-lseekr.o)
                              C:/Program Files (x86)/Arm GNU Toolchain arm-none-eabi/14.2 rel1/bin/../lib/gcc/arm-none-eabi/14.2.1/thumb/v7-m/nofp\libc_nano.a(libc_a-stdio.o) (_lseek_r)
C:/Program Files (x86)/Arm GNU Toolchain arm-none-eabi/14.2 rel1/bin/../lib/gcc/arm-none-eabi/14.2.1/thumb/v7-m/nofp\libc_nano.a(libc_a-readr.o)
                              C:/Program Files (x86)/Arm GNU Toolchain arm-none-eabi/14.2 rel1/bin/../lib/gcc/arm-none-eabi/14.2.1/thumb/v7-m/nofp\libc_nano.a(libc_a-stdio.o) (_read_r)
C:/Program Files (x86)/Arm GNU Toolchain arm-none-eabi/14.2 rel1/bin/../lib/gcc/arm-none-eabi/14.2.1/thumb/v7-m/nofp\libc_nano.a(libc_a-writer.o)
                              C:/Program Files (x86)/Arm GNU Toolchain arm-none-eabi/14.2 rel1/bin/../lib/gcc/arm-none-eabi/14.2.1/thumb/v7-m/nofp\libc_nano.a(libc_a-stdio.o) (_write_r)
C:/Program Files (x86)/Arm GNU Toolchain arm-none-eabi/14.2 rel1/bin/../lib/gcc/arm-none-eabi/14.2.1/thumb/v7-m/nofp\libc_nano.a(libc_a-errno.o)
                              build/debug/syscalls.o (__errno)
C:/Program Files (x86)/Arm GNU Toolchain arm-none-eabi/14.2 rel1/bin/../lib/gcc/arm-none-eabi/14.2.1/thumb/v7-m/nofp\libc_nano.a(libc_a-init.o)
                              C:/Program Files (x86)/Arm GNU Toolchain arm-none-eabi/14.2 rel1/bin/../lib/gcc/arm-none-eabi/14.2.1/thumb/v7-m/nofp/crt0.o (__libc_init_array)
C:/Program Files (x86)/Arm GNU Toolchain arm-none-eabi/14.2 rel1/bin/../lib/gcc/arm-none-eabi/14.2.1/thumb/v7-m/nofp\libc_nano.a(libc_a-lock.o)
                              C:/Program Files (x86)/Arm GNU Toolchain arm-none-eabi/14.2 rel1/bin/../lib/gcc/arm-none-eabi/14.2.1/thumb/v7-m/nofp\libc_nano.a(libc_a-findfp.o) (__retarget_lock_init_recursive)
C:/Program Files (x86)/Arm GNU Toolchain arm-none-eabi/14.2 rel1/bin/../lib/gcc/arm-none-eabi/14.2.1/thumb/v7-m/nofp\libc_nano.a(libc_a-freer.o)
                              C:/Program Files (x86)/Arm GNU Toolchain arm-none-eabi/14.2 rel1/bin/../lib/gcc/arm-none-eabi/14.2.1/thumb/v7-m/nofp\libc_nano.a(libc_a-reent.o) (_free_r)
[...]
Memory Configuration

Name             Origin             Length             Attributes
RAM              0x20000000         0x00005000         xrw
FLASH            0x08000000         0x00020000         xr
*default*        0x00000000         0xffffffff

Linker script and memory map

LOAD C:/Program Files (x86)/Arm GNU Toolchain arm-none-eabi/14.2 rel1/bin/../lib/gcc/arm-none-eabi/14.2.1/thumb/v7-m/nofp/crti.o
LOAD C:/Program Files (x86)/Arm GNU Toolchain arm-none-eabi/14.2 rel1/bin/../lib/gcc/arm-none-eabi/14.2.1/thumb/v7-m/nofp/crtbegin.o
LOAD C:/Program Files (x86)/Arm GNU Toolchain arm-none-eabi/14.2 rel1/bin/../lib/gcc/arm-none-eabi/14.2.1/thumb/v7-m/nofp/crt0.o
LOAD build/debug/buttons.o
LOAD build/debug/main.o
LOAD build/debug/six_step.o
LOAD build/debug/stm32f1xx_hal.o
LOAD build/debug/stm32f1xx_hal_adc.o
LOAD build/debug/stm32f1xx_hal_adc_ex.o
LOAD build/debug/stm32f1xx_hal_cortex.o
LOAD build/debug/stm32f1xx_hal_dma.o
LOAD build/debug/stm32f1xx_hal_exti.o
LOAD build/debug/stm32f1xx_hal_flash.o
LOAD build/debug/stm32f1xx_hal_flash_ex.o
LOAD build/debug/stm32f1xx_hal_gpio.o
LOAD build/debug/stm32f1xx_hal_gpio_ex.o
LOAD build/debug/stm32f1xx_hal_iwdg.o
LOAD build/debug/stm32f1xx_hal_msp.o
LOAD build/debug/stm32f1xx_hal_pwr.o
LOAD build/debug/stm32f1xx_hal_rcc.o
LOAD build/debug/stm32f1xx_hal_rcc_ex.o
LOAD build/debug/stm32f1xx_hal_rtc.o
LOAD build/debug/stm32f1xx_hal_rtc_ex.o
LOAD build/debug/stm32f1xx_hal_tim.o
LOAD build/debug/stm32f1xx_hal_tim_ex.o
LOAD build/debug/stm32f1xx_it.o
LOAD build/debug/syscalls.o
LOAD build/debug/sysmem.o
LOAD build/debug/system_stm32f1xx.o
LOAD build/debug/startup_stm32f103xb.o
LOAD C:/Program Files (x86)/Arm GNU Toolchain arm-none-eabi/14.2 rel1/bin/../lib/gcc/arm-none-eabi/14.2.1/thumb/v7-m/nofp\libc_nano.a
LOAD C:/Program Files (x86)/Arm GNU Toolchain arm-none-eabi/14.2 rel1/bin/../lib/gcc/arm-none-eabi/14.2.1/thumb/v7-m/nofp\libm.a
LOAD C:/Program Files (x86)/Arm GNU Toolchain arm-none-eabi/14.2 rel1/bin/../lib/gcc/arm-none-eabi/14.2.1/thumb/v7-m/nofp\libnosys.a
START GROUP
LOAD C:/Program Files (x86)/Arm GNU Toolchain arm-none-eabi/14.2 rel1/bin/../lib/gcc/arm-none-eabi/14.2.1/thumb/v7-m/nofp\libgcc.a
LOAD C:/Program Files (x86)/Arm GNU Toolchain arm-none-eabi/14.2 rel1/bin/../lib/gcc/arm-none-eabi/14.2.1/thumb/v7-m/nofp\libc_nano.a
END GROUP
START GROUP
LOAD C:/Program Files (x86)/Arm GNU Toolchain arm-none-eabi/14.2 rel1/bin/../lib/gcc/arm-none-eabi/14.2.1/thumb/v7-m/nofp\libgcc.a
LOAD C:/Program Files (x86)/Arm GNU Toolchain arm-none-eabi/14.2 rel1/bin/../lib/gcc/arm-none-eabi/14.2.1/thumb/v7-m/nofp\libc_nano.a
END GROUP
LOAD C:/Program Files (x86)/Arm GNU Toolchain arm-none-eabi/14.2 rel1/bin/../lib/gcc/arm-none-eabi/14.2.1/thumb/v7-m/nofp/crtend.o
LOAD C:/Program Files (x86)/Arm GNU Toolchain arm-none-eabi/14.2 rel1/bin/../lib/gcc/arm-none-eabi/14.2.1/thumb/v7-m/nofp/crtn.o
                0x20005000                        _estack = (ORIGIN (RAM) + LENGTH (RAM))
                0x00000200                        _Min_Heap_Size = 0x200
                0x00000400                        _Min_Stack_Size = 0x400

.isr_vector     0x08000000      0x10c
                0x08000000                        . = ALIGN (0x4)
 *(.isr_vector)
 .isr_vector    0x08000000      0x10c build/debug/startup_stm32f103xb.o
                0x08000000                g_pfnVectors
                0x0800010c                        . = ALIGN (0x4)

.text           0x0800010c     0x30e8
                0x0800010c                        . = ALIGN (0x4)
 *(.text)
 .text          0x0800010c      0x378 C:/Program Files (x86)/Arm GNU Toolchain arm-none-eabi/14.2 rel1/bin/../lib/gcc/arm-none-eabi/14.2.1/thumb/v7-m/nofp\libgcc.a(_arm_addsubdf3.o)
                0x0800010c                __aeabi_drsub
                0x08000114                __aeabi_dsub
                0x08000114                __subdf3
                0x08000118                __aeabi_dadd
                0x08000118                __adddf3
                0x08000390                __floatunsidf
                0x08000390                __aeabi_ui2d
                0x080003b0                __floatsidf
                0x080003b0                __aeabi_i2d
                0x080003d4                __aeabi_f2d
                0x080003d4                __extendsfdf2
                0x08000418                __floatundidf
                0x08000418                __aeabi_ul2d
                0x08000428                __floatdidf
                0x08000428                __aeabi_l2d
 .text          0x08000484      0x110 C:/Program Files (x86)/Arm GNU Toolchain arm-none-eabi/14.2 rel1/bin/../lib/gcc/arm-none-eabi/14.2.1/thumb/v7-m/nofp\libgcc.a(_arm_cmpdf2.o)
                0x08000484                __gtdf2
                0x08000484                __gedf2
                0x0800048c                __ltdf2
                0x0800048c                __ledf2
                0x08000494                __nedf2
                0x08000494                __eqdf2
                0x08000494                __cmpdf2
                0x08000510                __aeabi_cdrcmple
                0x08000520                __aeabi_cdcmpeq
                0x08000520                __aeabi_cdcmple
                0x08000530                __aeabi_dcmpeq
                0x08000544                __aeabi_dcmplt
                0x08000558                __aeabi_dcmple
                0x0800056c                __aeabi_dcmpge
                0x08000580                __aeabi_dcmpgt
 *(.text*)
 .text.deregister_tm_clones
                0x08000594       0x1c C:/Program Files (x86)/Arm GNU Toolchain arm-none-eabi/14.2 rel1/bin/../lib/gcc/arm-none-eabi/14.2.1/thumb/v7-m/nofp/crtbegin.o
 .text.register_tm_clones
                0x080005b0       0x24 C:/Program Files (x86)/Arm GNU Toolchain arm-none-eabi/14.2 rel1/bin/../lib/gcc/arm-none-eabi/14.2.1/thumb/v7-m/nofp/crtbegin.o
 .text.__do_global_dtors_aux
                0x080005d4       0x28 C:/Program Files (x86)/Arm GNU Toolchain arm-none-eabi/14.2 rel1/bin/../lib/gcc/arm-none-eabi/14.2.1/thumb/v7-m/nofp/crtbegin.o
 .text.frame_dummy
                0x080005fc       0x24 C:/Program Files (x86)/Arm GNU Toolchain arm-none-eabi/14.2 rel1/bin/../lib/gcc/arm-none-eabi/14.2.1/thumb/v7-m/nofp/crtbegin.o
 .text.init     0x08000620        0x6 build/debug/buttons.o
                0x08000620                init
 .text.tick     0x08000626       0x8a build/debug/buttons.o
                0x08000626                tick
 .text.isClicked
                0x080006b0        0xe build/debug/buttons.o
                0x080006b0                isClicked
 *fill*         0x080006be        0x2 
 .text.MX_GPIO_Init
                0x080006c0       0xd0 build/debug/main.o
 .text.MX_DMA_Init
                0x08000790       0x34 build/debug/main.o
 .text.map      0x080007c4       0x18 build/debug/main.o
                0x080007c4                map
 .text.HAL_TIM_PeriodElapsedCallback
                0x080007dc      0x178 build/debug/main.o
                0x080007dc                HAL_TIM_PeriodElapsedCallback
 .text.Error_Handler
                0x08000954        0x4 build/debug/main.o
                0x08000954                Error_Handler
 .text.MX_ADC1_Init
                0x08000958       0x54 build/debug/main.o
 .text.MX_TIM1_Init
                0x080009ac       0xfc build/debug/main.o
 .text.MX_RTC_Init
                0x08000aa8       0x28 build/debug/main.o
 .text.MX_IWDG_Init
                0x08000ad0       0x24 build/debug/main.o
 .text.SystemClock_Config
                0x08000af4       0x90 build/debug/main.o
                0x08000af4                SystemClock_Config
 .text.main     0x08000b84      0x10c build/debug/main.o
                0x08000b84                main
 .text.MC_DisablePWM
                0x08000c90       0x24 build/debug/six_step.o
                0x08000c90                MC_DisablePWM
 .text.MC_EnablePWM
                0x08000cb4       0x24 build/debug/six_step.o
                0x08000cb4                MC_EnablePWM
 .text.MC_InitPWM
                0x08000cd8       0x38 build/debug/six_step.o
                0x08000cd8                MC_InitPWM
 .text.MC_LoadStep
                0x08000d10      0x19c build/debug/six_step.o
                0x08000d10                MC_LoadStep
 .text.MC_SetDuty
                0x08000eac       0x10 build/debug/six_step.o
                0x08000eac                MC_SetDuty
 .text.HAL_InitTick
                0x08000ebc       0x4c build/debug/stm32f1xx_hal.o
                0x08000ebc                HAL_InitTick
 .text.HAL_Init
                0x08000f08       0x24 build/debug/stm32f1xx_hal.o
                0x08000f08                HAL_Init
 .text.HAL_IncTick
                0x08000f2c       0x18 build/debug/stm32f1xx_hal.o
                0x08000f2c                HAL_IncTick
 .text.HAL_GetTick
                0x08000f44        0xc build/debug/stm32f1xx_hal.o
                0x08000f44                HAL_GetTick
 .text.HAL_ADC_ConvCpltCallback
                0x08000f50        0x2 build/debug/stm32f1xx_hal_adc.o
                0x08000f50                HAL_ADC_ConvCpltCallback
 .text.ADC_DMAConvCplt
                0x08000f52       0x52 build/debug/stm32f1xx_hal_adc.o
                0x08000f52                ADC_DMAConvCplt
 .text.HAL_ADC_ConvHalfCpltCallback
                0x08000fa4        0x2 build/debug/stm32f1xx_hal_adc.o
                0x08000fa4                HAL_ADC_ConvHalfCpltCallback
 .text.ADC_DMAHalfConvCplt
                0x08000fa6        0xa build/debug/stm32f1xx_hal_adc.o
                0x08000fa6                ADC_DMAHalfConvCplt
 .text.HAL_ADC_LevelOutOfWindowCallback
                0x08000fb0        0x2 build/debug/stm32f1xx_hal_adc.o
                0x08000fb0                HAL_ADC_LevelOutOfWindowCallback
 .text.HAL_ADC_IRQHandler
                0x08000fb2      0x102 build/debug/stm32f1xx_hal_adc.o
                0x08000fb2                HAL_ADC_IRQHandler
 .text.HAL_ADC_ErrorCallback
                0x080010b4        0x2 build/debug/stm32f1xx_hal_adc.o
                0x080010b4                HAL_ADC_ErrorCallback
 .text.ADC_DMAError
                0x080010b6       0x1a build/debug/stm32f1xx_hal_adc.o
                0x080010b6                ADC_DMAError
 .text.HAL_ADC_ConfigChannel
                0x080010d0      0x140 build/debug/stm32f1xx_hal_adc.o
                0x080010d0                HAL_ADC_ConfigChannel
 .text.ADC_Enable
                0x08001210       0x88 build/debug/stm32f1xx_hal_adc.o
                0x08001210                ADC_Enable
 .text.HAL_ADC_Start_DMA
                0x08001298      0x130 build/debug/stm32f1xx_hal_adc.o
                0x08001298                HAL_ADC_Start_DMA
 .text.ADC_ConversionStop_Disable
                0x080013c8       0x56 build/debug/stm32f1xx_hal_adc.o
                0x080013c8                ADC_ConversionStop_Disable
 *fill*         0x0800141e        0x2 
 .text.HAL_ADC_Init
                0x08001420      0x108 build/debug/stm32f1xx_hal_adc.o
                0x08001420                HAL_ADC_Init
 .text.HAL_ADC_Stop
                0x08001528       0x34 build/debug/stm32f1xx_hal_adc.o
                0x08001528                HAL_ADC_Stop
 .text.HAL_ADCEx_Calibration_Start
                0x0800155c      0x100 build/debug/stm32f1xx_hal_adc_ex.o
                0x0800155c                HAL_ADCEx_Calibration_Start
 .text.HAL_ADCEx_InjectedConvCpltCallback
                0x0800165c        0x2 build/debug/stm32f1xx_hal_adc_ex.o
                0x0800165c                HAL_ADCEx_InjectedConvCpltCallback
 *fill*         0x0800165e        0x2 
 .text.__NVIC_SetPriority
                0x08001660       0x28 build/debug/stm32f1xx_hal_cortex.o
 .text.NVIC_EncodePriority
                0x08001688       0x3e build/debug/stm32f1xx_hal_cortex.o
 *fill*         0x080016c6        0x2 
 .text.HAL_NVIC_SetPriorityGrouping
                0x080016c8       0x24 build/debug/stm32f1xx_hal_cortex.o
                0x080016c8                HAL_NVIC_SetPriorityGrouping
 .text.HAL_NVIC_SetPriority
                0x080016ec       0x20 build/debug/stm32f1xx_hal_cortex.o
                0x080016ec                HAL_NVIC_SetPriority
 .text.HAL_NVIC_EnableIRQ
                0x0800170c       0x1c build/debug/stm32f1xx_hal_cortex.o
                0x0800170c                HAL_NVIC_EnableIRQ
 .text.HAL_SYSTICK_Config
                0x08001728       0x28 build/debug/stm32f1xx_hal_cortex.o
                0x08001728                HAL_SYSTICK_Config
 .text.DMA_SetConfig
                0x08001750       0x2c build/debug/stm32f1xx_hal_dma.o
 .text.HAL_DMA_Init
                0x0800177c       0x68 build/debug/stm32f1xx_hal_dma.o
                0x0800177c                HAL_DMA_Init
 .text.HAL_DMA_Start_IT
                0x080017e4       0x74 build/debug/stm32f1xx_hal_dma.o
                0x080017e4                HAL_DMA_Start_IT
 .text.HAL_DMA_IRQHandler
                0x08001858      0x144 build/debug/stm32f1xx_hal_dma.o
                0x08001858                HAL_DMA_IRQHandler
 .text.HAL_GPIO_Init
                0x0800199c      0x214 build/debug/stm32f1xx_hal_gpio.o
                0x0800199c                HAL_GPIO_Init
 .text.HAL_GPIO_ReadPin
                0x08001bb0        0xe build/debug/stm32f1xx_hal_gpio.o
                0x08001bb0                HAL_GPIO_ReadPin
 .text.HAL_GPIO_WritePin
                0x08001bbe        0xc build/debug/stm32f1xx_hal_gpio.o
                0x08001bbe                HAL_GPIO_WritePin
 .text.HAL_GPIO_TogglePin
                0x08001bca       0x12 build/debug/stm32f1xx_hal_gpio.o
                0x08001bca                HAL_GPIO_TogglePin
 .text.HAL_IWDG_Init
                0x08001bdc       0x5c build/debug/stm32f1xx_hal_iwdg.o
                0x08001bdc                HAL_IWDG_Init
 .text.HAL_IWDG_Refresh
                0x08001c38        0xc build/debug/stm32f1xx_hal_iwdg.o
                0x08001c38                HAL_IWDG_Refresh
 .text.HAL_MspInit
                0x08001c44       0x44 build/debug/stm32f1xx_hal_msp.o
                0x08001c44                HAL_MspInit
 .text.HAL_ADC_MspInit
                0x08001c88       0xa8 build/debug/stm32f1xx_hal_msp.o
                0x08001c88                HAL_ADC_MspInit
 .text.HAL_RTC_MspInit
                0x08001d30       0x40 build/debug/stm32f1xx_hal_msp.o
                0x08001d30                HAL_RTC_MspInit
 .text.HAL_TIM_Base_MspInit
                0x08001d70       0x60 build/debug/stm32f1xx_hal_msp.o
                0x08001d70                HAL_TIM_Base_MspInit
 .text.HAL_TIM_MspPostInit
                0x08001dd0       0x50 build/debug/stm32f1xx_hal_msp.o
                0x08001dd0                HAL_TIM_MspPostInit
 .text.HAL_PWR_EnableBkUpAccess
                0x08001e20        0xc build/debug/stm32f1xx_hal_pwr.o
                0x08001e20                HAL_PWR_EnableBkUpAccess
 .text.HAL_PWR_DisableBkUpAccess
                0x08001e2c        0xc build/debug/stm32f1xx_hal_pwr.o
                0x08001e2c                HAL_PWR_DisableBkUpAccess
 .text.RCC_Delay
                0x08001e38       0x2c build/debug/stm32f1xx_hal_rcc.o
 .text.HAL_RCC_OscConfig
                0x08001e64      0x410 build/debug/stm32f1xx_hal_rcc.o
                0x08001e64                HAL_RCC_OscConfig
 .text.HAL_RCC_EnableCSS
                0x08002274        0xc build/debug/stm32f1xx_hal_rcc.o
                0x08002274                HAL_RCC_EnableCSS
 .text.HAL_RCC_GetSysClockFreq
                0x08002280       0x54 build/debug/stm32f1xx_hal_rcc.o
                0x08002280                HAL_RCC_GetSysClockFreq
 .text.HAL_RCC_ClockConfig
                0x080022d4      0x16c build/debug/stm32f1xx_hal_rcc.o
                0x080022d4                HAL_RCC_ClockConfig
 .text.HAL_RCC_GetHCLKFreq
                0x08002440        0xc build/debug/stm32f1xx_hal_rcc.o
                0x08002440                HAL_RCC_GetHCLKFreq
 .text.HAL_RCC_GetPCLK2Freq
                0x0800244c       0x20 build/debug/stm32f1xx_hal_rcc.o
                0x0800244c                HAL_RCC_GetPCLK2Freq
 .text.HAL_RCC_CSSCallback
                0x0800246c        0x2 build/debug/stm32f1xx_hal_rcc.o
                0x0800246c                HAL_RCC_CSSCallback
 *fill*         0x0800246e        0x2 
 .text.HAL_RCC_NMI_IRQHandler
                0x08002470       0x20 build/debug/stm32f1xx_hal_rcc.o
                0x08002470                HAL_RCC_NMI_IRQHandler
 .text.HAL_RCCEx_PeriphCLKConfig
                0x08002490      0x118 build/debug/stm32f1xx_hal_rcc_ex.o
                0x08002490                HAL_RCCEx_PeriphCLKConfig
 .text.HAL_RCCEx_GetPeriphCLKFreq
                0x080025a8       0xd8 build/debug/stm32f1xx_hal_rcc_ex.o
                0x080025a8                HAL_RCCEx_GetPeriphCLKFreq
 .text.RTC_EnterInitMode
                0x08002680       0x30 build/debug/stm32f1xx_hal_rtc.o
 .text.RTC_ExitInitMode
                0x080026b0       0x32 build/debug/stm32f1xx_hal_rtc.o
 .text.HAL_RTC_WaitForSynchro
                0x080026e2       0x38 build/debug/stm32f1xx_hal_rtc.o
                0x080026e2                HAL_RTC_WaitForSynchro
 *fill*         0x0800271a        0x2 
 .text.HAL_RTC_Init
                0x0800271c       0xb0 build/debug/stm32f1xx_hal_rtc.o
                0x0800271c                HAL_RTC_Init
 .text.HAL_RTCEx_BKUPWrite
                0x080027cc       0x10 build/debug/stm32f1xx_hal_rtc_ex.o
                0x080027cc                HAL_RTCEx_BKUPWrite
 .text.HAL_RTCEx_BKUPRead
                0x080027dc       0x10 build/debug/stm32f1xx_hal_rtc_ex.o
                0x080027dc                HAL_RTCEx_BKUPRead
 .text.TIM_OC1_SetConfig
                0x080027ec       0x54 build/debug/stm32f1xx_hal_tim.o
 .text.TIM_OC3_SetConfig
                0x08002840       0x5c build/debug/stm32f1xx_hal_tim.o
 .text.TIM_OC4_SetConfig
                0x0800289c       0x48 build/debug/stm32f1xx_hal_tim.o
 .text.TIM_TI1_ConfigInputStage
                0x080028e4       0x24 build/debug/stm32f1xx_hal_tim.o
 .text.TIM_TI2_ConfigInputStage
                0x08002908       0x26 build/debug/stm32f1xx_hal_tim.o
 .text.TIM_ITRx_SetConfig
                0x0800292e       0x10 build/debug/stm32f1xx_hal_tim.o
 *fill*         0x0800293e        0x2 
 .text.HAL_TIM_Base_Start_IT
                0x08002940       0x64 build/debug/stm32f1xx_hal_tim.o
                0x08002940                HAL_TIM_Base_Start_IT
 .text.HAL_TIM_PWM_MspInit
                0x080029a4        0x2 build/debug/stm32f1xx_hal_tim.o
                0x080029a4                HAL_TIM_PWM_MspInit
 .text.HAL_TIM_OC_DelayElapsedCallback
                0x080029a6        0x2 build/debug/stm32f1xx_hal_tim.o
                0x080029a6                HAL_TIM_OC_DelayElapsedCallback
 .text.HAL_TIM_IC_CaptureCallback
                0x080029a8        0x2 build/debug/stm32f1xx_hal_tim.o
                0x080029a8                HAL_TIM_IC_CaptureCallback
 .text.HAL_TIM_PWM_PulseFinishedCallback
                0x080029aa        0x2 build/debug/stm32f1xx_hal_tim.o
                0x080029aa                HAL_TIM_PWM_PulseFinishedCallback
 .text.HAL_TIM_TriggerCallback
                0x080029ac        0x2 build/debug/stm32f1xx_hal_tim.o
                0x080029ac                HAL_TIM_TriggerCallback
 .text.HAL_TIM_IRQHandler
                0x080029ae      0x15e build/debug/stm32f1xx_hal_tim.o
                0x080029ae                HAL_TIM_IRQHandler
 .text.TIM_Base_SetConfig
                0x08002b0c       0x84 build/debug/stm32f1xx_hal_tim.o
                0x08002b0c                TIM_Base_SetConfig
 .text.HAL_TIM_Base_Init
                0x08002b90       0x58 build/debug/stm32f1xx_hal_tim.o
                0x08002b90                HAL_TIM_Base_Init
 .text.HAL_TIM_PWM_Init
                0x08002be8       0x58 build/debug/stm32f1xx_hal_tim.o
                0x08002be8                HAL_TIM_PWM_Init
 .text.TIM_OC2_SetConfig
                0x08002c40       0x5c build/debug/stm32f1xx_hal_tim.o
                0x08002c40                TIM_OC2_SetConfig
 .text.HAL_TIM_PWM_ConfigChannel
                0x08002c9c       0xdc build/debug/stm32f1xx_hal_tim.o
                0x08002c9c                HAL_TIM_PWM_ConfigChannel
 .text.TIM_ETR_SetConfig
                0x08002d78       0x18 build/debug/stm32f1xx_hal_tim.o
                0x08002d78                TIM_ETR_SetConfig
 .text.HAL_TIM_ConfigClockSource
                0x08002d90       0xfe build/debug/stm32f1xx_hal_tim.o
                0x08002d90                HAL_TIM_ConfigClockSource
 .text.TIM_CCxChannelCmd
                0x08002e8e       0x1e build/debug/stm32f1xx_hal_tim.o
                0x08002e8e                TIM_CCxChannelCmd
 .text.HAL_TIM_PWM_Start
                0x08002eac       0xd4 build/debug/stm32f1xx_hal_tim.o
                0x08002eac                HAL_TIM_PWM_Start
 .text.HAL_TIM_PWM_Stop
                0x08002f80       0x84 build/debug/stm32f1xx_hal_tim.o
                0x08002f80                HAL_TIM_PWM_Stop
 .text.HAL_TIMEx_MasterConfigSynchronization
                0x08003004       0x6c build/debug/stm32f1xx_hal_tim_ex.o
                0x08003004                HAL_TIMEx_MasterConfigSynchronization
 .text.HAL_TIMEx_ConfigBreakDeadTime
                0x08003070       0x52 build/debug/stm32f1xx_hal_tim_ex.o
                0x08003070                HAL_TIMEx_ConfigBreakDeadTime
 .text.HAL_TIMEx_CommutCallback
                0x080030c2        0x2 build/debug/stm32f1xx_hal_tim_ex.o
                0x080030c2                HAL_TIMEx_CommutCallback
 .text.HAL_TIMEx_BreakCallback
                0x080030c4        0x2 build/debug/stm32f1xx_hal_tim_ex.o
                0x080030c4                HAL_TIMEx_BreakCallback
 .text.NMI_Handler
                0x080030c6        0x8 build/debug/stm32f1xx_it.o
                0x080030c6                NMI_Handler
 .text.HardFault_Handler
                0x080030ce        0x2 build/debug/stm32f1xx_it.o
                0x080030ce                HardFault_Handler
 .text.MemManage_Handler
                0x080030d0        0x2 build/debug/stm32f1xx_it.o
                0x080030d0                MemManage_Handler
 .text.BusFault_Handler
                0x080030d2        0x2 build/debug/stm32f1xx_it.o
                0x080030d2                BusFault_Handler
 .text.UsageFault_Handler
                0x080030d4        0x2 build/debug/stm32f1xx_it.o
                0x080030d4                UsageFault_Handler
 .text.SVC_Handler
                0x080030d6        0x2 build/debug/stm32f1xx_it.o
                0x080030d6                SVC_Handler
 .text.DebugMon_Handler
                0x080030d8        0x2 build/debug/stm32f1xx_it.o
                0x080030d8                DebugMon_Handler
 .text.PendSV_Handler
                0x080030da        0x2 build/debug/stm32f1xx_it.o
                0x080030da                PendSV_Handler
 .text.SysTick_Handler
                0x080030dc        0x8 build/debug/stm32f1xx_it.o
                0x080030dc                SysTick_Handler
 .text.DMA1_Channel1_IRQHandler
                0x080030e4       0x10 build/debug/stm32f1xx_it.o
                0x080030e4                DMA1_Channel1_IRQHandler
 .text.ADC1_2_IRQHandler
                0x080030f4       0x10 build/debug/stm32f1xx_it.o
                0x080030f4                ADC1_2_IRQHandler
 .text.TIM1_BRK_IRQHandler
                0x08003104       0x10 build/debug/stm32f1xx_it.o
                0x08003104                TIM1_BRK_IRQHandler
 .text.TIM1_UP_IRQHandler
                0x08003114       0x10 build/debug/stm32f1xx_it.o
                0x08003114                TIM1_UP_IRQHandler
 .text.TIM1_TRG_COM_IRQHandler
                0x08003124       0x10 build/debug/stm32f1xx_it.o
                0x08003124                TIM1_TRG_COM_IRQHandler
 .text.SystemInit
                0x08003134        0x2 build/debug/system_stm32f1xx.o
                0x08003134                SystemInit
 *fill*         0x08003136        0x2 
 .text.Reset_Handler
                0x08003138       0x48 build/debug/startup_stm32f103xb.o
                0x08003138                Reset_Handler
 .text.Default_Handler
                0x08003180        0x2 build/debug/startup_stm32f103xb.o
                0x08003180                RTC_Alarm_IRQHandler
                0x08003180                EXTI2_IRQHandler
                0x08003180                TIM1_CC_IRQHandler
                0x08003180                PVD_IRQHandler
                0x08003180                EXTI3_IRQHandler
                0x08003180                EXTI0_IRQHandler
                0x08003180                I2C2_EV_IRQHandler
                0x08003180                SPI1_IRQHandler
                0x08003180                TAMPER_IRQHandler
                0x08003180                DMA1_Channel4_IRQHandler
                0x08003180                USART3_IRQHandler
                0x08003180                RTC_IRQHandler
                0x08003180                DMA1_Channel7_IRQHandler
                0x08003180                CAN1_RX1_IRQHandler
                0x08003180                TIM4_IRQHandler
                0x08003180                I2C1_EV_IRQHandler
                0x08003180                DMA1_Channel6_IRQHandler
                0x08003180                TIM3_IRQHandler
                0x08003180                RCC_IRQHandler
                0x08003180                Default_Handler
                0x08003180                EXTI15_10_IRQHandler
                0x08003180                EXTI9_5_IRQHandler
                0x08003180                SPI2_IRQHandler
                0x08003180                DMA1_Channel5_IRQHandler
                0x08003180                EXTI4_IRQHandler
                0x08003180                USB_LP_CAN1_RX0_IRQHandler
                0x08003180                USB_HP_CAN1_TX_IRQHandler
                0x08003180                DMA1_Channel3_IRQHandler
                0x08003180                WWDG_IRQHandler
                0x08003180                TIM2_IRQHandler
                0x08003180                EXTI1_IRQHandler
                0x08003180                USART2_IRQHandler
                0x08003180                I2C2_ER_IRQHandler
                0x08003180                DMA1_Channel2_IRQHandler
                0x08003180                CAN1_SCE_IRQHandler
                0x08003180                FLASH_IRQHandler
                0x08003180                USART1_IRQHandler
                0x08003180                I2C1_ER_IRQHandler
                0x08003180                USBWakeUp_IRQHandler
 .text.memset   0x08003182       0x10 C:/Program Files (x86)/Arm GNU Toolchain arm-none-eabi/14.2 rel1/bin/../lib/gcc/arm-none-eabi/14.2.1/thumb/v7-m/nofp\libc_nano.a(libc_a-memset.o)
                0x08003182                memset
 *fill*         0x08003192        0x2 
 .text.__libc_init_array
                0x08003194       0x48 C:/Program Files (x86)/Arm GNU Toolchain arm-none-eabi/14.2 rel1/bin/../lib/gcc/arm-none-eabi/14.2.1/thumb/v7-m/nofp\libc_nano.a(libc_a-init.o)
                0x08003194                __libc_init_array
 *(.glue_7)
 .glue_7        0x080031dc        0x0 linker stubs
 *(.glue_7t)
 .glue_7t       0x080031dc        0x0 linker stubs
 *(.eh_frame)
 .eh_frame      0x080031dc        0x0 C:/Program Files (x86)/Arm GNU Toolchain arm-none-eabi/14.2 rel1/bin/../lib/gcc/arm-none-eabi/14.2.1/thumb/v7-m/nofp/crtbegin.o
 *(.init)
 .init          0x080031dc        0x4 C:/Program Files (x86)/Arm GNU Toolchain arm-none-eabi/14.2 rel1/bin/../lib/gcc/arm-none-eabi/14.2.1/thumb/v7-m/nofp/crti.o
                0x080031dc                _init
 .init          0x080031e0        0x8 C:/Program Files (x86)/Arm GNU Toolchain arm-none-eabi/14.2 rel1/bin/../lib/gcc/arm-none-eabi/14.2.1/thumb/v7-m/nofp/crtn.o
 *(.fini)
 .fini          0x080031e8        0x4 C:/Program Files (x86)/Arm GNU Toolchain arm-none-eabi/14.2 rel1/bin/../lib/gcc/arm-none-eabi/14.2.1/thumb/v7-m/nofp/crti.o
                0x080031e8                _fini
 .fini          0x080031ec        0x8 C:/Program Files (x86)/Arm GNU Toolchain arm-none-eabi/14.2 rel1/bin/../lib/gcc/arm-none-eabi/14.2.1/thumb/v7-m/nofp/crtn.o
                0x080031f4                        . = ALIGN (0x4)
                0x080031f4                        _etext = .

.vfp11_veneer   0x080031f4        0x0
 .vfp11_veneer  0x080031f4        0x0 linker stubs

.v4_bx          0x080031f4        0x0
 .v4_bx         0x080031f4        0x0 linker stubs

.iplt           0x080031f4        0x0
 .iplt          0x080031f4        0x0 C:/Program Files (x86)/Arm GNU Toolchain arm-none-eabi/14.2 rel1/bin/../lib/gcc/arm-none-eabi/14.2.1/thumb/v7-m/nofp/crtbegin.o

.rodata         0x080031f4       0x40
                0x080031f4                        . = ALIGN (0x4)
 *(.rodata)
 *(.rodata*)
 .rodata.aPredivFactorTable.0
                0x080031f4        0x2 build/debug/stm32f1xx_hal_rcc.o
 *fill*         0x080031f6        0x2 
 .rodata.aPLLMULFactorTable.1
                0x080031f8       0x10 build/debug/stm32f1xx_hal_rcc.o
 .rodata.aPredivFactorTable.0
                0x08003208        0x2 build/debug/stm32f1xx_hal_rcc_ex.o
 *fill*         0x0800320a        0x2 
 .rodata.aPLLMULFactorTable.1
                0x0800320c       0x10 build/debug/stm32f1xx_hal_rcc_ex.o
 .rodata.APBPrescTable
                0x0800321c        0x8 build/debug/system_stm32f1xx.o
                0x0800321c                APBPrescTable
 .rodata.AHBPrescTable
                0x08003224       0x10 build/debug/system_stm32f1xx.o
                0x08003224                AHBPrescTable
                0x08003234                        . = ALIGN (0x4)

.ARM.extab      0x08003234        0x0
                0x08003234                        . = ALIGN (0x4)
 *(.ARM.extab* .gnu.linkonce.armextab.*)
                0x08003234                        . = ALIGN (0x4)

.ARM            0x08003234        0x0
                0x08003234                        . = ALIGN (0x4)
                0x08003234                        __exidx_start = .
 *(.ARM.exidx*)
                0x08003234                        __exidx_end = .
                0x08003234                        . = ALIGN (0x4)

.preinit_array  0x08003234        0x0
                0x08003234                        . = ALIGN (0x4)
                0x08003234                        PROVIDE (__preinit_array_start = .)
 *(.preinit_array*)
                0x08003234                        PROVIDE (__preinit_array_end = .)
                0x08003234                        . = ALIGN (0x4)

.init_array     0x08003234        0x4
                0x08003234                        . = ALIGN (0x4)
                0x08003234                        PROVIDE (__init_array_start = .)
 *(SORT_BY_NAME(.init_array.*))
 *(.init_array*)
 .init_array    0x08003234        0x4 C:/Program Files (x86)/Arm GNU Toolchain arm-none-eabi/14.2 rel1/bin/../lib/gcc/arm-none-eabi/14.2.1/thumb/v7-m/nofp/crtbegin.o
                0x08003238                        PROVIDE (__init_array_end = .)
                0x08003238                        . = ALIGN (0x4)

.fini_array     0x08003238        0x4
                0x08003238                        . = ALIGN (0x4)
                [!provide]                        PROVIDE (__fini_array_start = .)
 *(SORT_BY_NAME(.fini_array.*))
 *(.fini_array*)
 .fini_array    0x08003238        0x4 C:/Program Files (x86)/Arm GNU Toolchain arm-none-eabi/14.2 rel1/bin/../lib/gcc/arm-none-eabi/14.2.1/thumb/v7-m/nofp/crtbegin.o
                [!provide]                        PROVIDE (__fini_array_end = .)
                0x0800323c                        . = ALIGN (0x4)
                0x0800323c                        _sidata = LOADADDR (.data)

.rel.dyn        0x0800323c        0x0
 .rel.iplt      0x0800323c        0x0 C:/Program Files (x86)/Arm GNU Toolchain arm-none-eabi/14.2 rel1/bin/../lib/gcc/arm-none-eabi/14.2.1/thumb/v7-m/nofp/crtbegin.o

.data           0x20000000       0x28 load address 0x0800323c
                0x20000000                        . = ALIGN (0x4)
                0x20000000                        _sdata = .
 *(.data)
 *(.data*)
 .data.start_stop_btt
                0x20000000       0x14 build/debug/main.o
                0x20000000                start_stop_btt
 .data.gase_max_pos
                0x20000014        0x4 build/debug/main.o
                0x20000014                gase_max_pos
 .data.gase_zero_pos
                0x20000018        0x4 build/debug/main.o
                0x20000018                gase_zero_pos
 .data.uwTickFreq
                0x2000001c        0x1 build/debug/stm32f1xx_hal.o
                0x2000001c                uwTickFreq
 *fill*         0x2000001d        0x3 
 .data.uwTickPrio
                0x20000020        0x4 build/debug/stm32f1xx_hal.o
                0x20000020                uwTickPrio
 .data.SystemCoreClock
                0x20000024        0x4 build/debug/system_stm32f1xx.o
                0x20000024                SystemCoreClock
 *(.RamFunc)
 *(.RamFunc*)
                0x20000028                        . = ALIGN (0x4)
                0x20000028                        _edata = .

.tm_clone_table
                0x20000028        0x0 load address 0x08003264
 .tm_clone_table
                0x20000028        0x0 C:/Program Files (x86)/Arm GNU Toolchain arm-none-eabi/14.2 rel1/bin/../lib/gcc/arm-none-eabi/14.2.1/thumb/v7-m/nofp/crtbegin.o
 .tm_clone_table
                0x20000028        0x0 C:/Program Files (x86)/Arm GNU Toolchain arm-none-eabi/14.2 rel1/bin/../lib/gcc/arm-none-eabi/14.2.1/thumb/v7-m/nofp/crtend.o

.igot.plt       0x20000028        0x0 load address 0x08003264
 .igot.plt      0x20000028        0x0 C:/Program Files (x86)/Arm GNU Toolchain arm-none-eabi/14.2 rel1/bin/../lib/gcc/arm-none-eabi/14.2.1/thumb/v7-m/nofp/crtbegin.o
                0x20000028                        . = ALIGN (0x4)

.bss            0x20000028      0x108 load address 0x08003264
                0x20000028                        _sbss = .
                0x20000028                        __bss_start__ = _sbss
 *(.bss)
 *(.bss*)
 .bss.completed.1
                0x20000028        0x1 C:/Program Files (x86)/Arm GNU Toolchain arm-none-eabi/14.2 rel1/bin/../lib/gcc/arm-none-eabi/14.2.1/thumb/v7-m/nofp/crtbegin.o
 *fill*         0x20000029        0x3 
 .bss.object.0  0x2000002c       0x18 C:/Program Files (x86)/Arm GNU Toolchain arm-none-eabi/14.2 rel1/bin/../lib/gcc/arm-none-eabi/14.2.1/thumb/v7-m/nofp/crtbegin.o
 .bss.isMotorEnabled
                0x20000044        0x1 build/debug/main.o
                0x20000044                isMotorEnabled
 *fill*         0x20000045        0x1 
 .bss.target_duty
                0x20000046        0x2 build/debug/main.o
                0x20000046                target_duty
 .bss.adc_value
                0x20000048        0x2 build/debug/main.o
                0x20000048                adc_value
 .bss.hall_value
                0x2000004a        0x1 build/debug/main.o
                0x2000004a                hall_value
 *fill*         0x2000004b        0x1 
 .bss.duty_dt   0x2000004c        0x2 build/debug/main.o
                0x2000004c                duty_dt
 .bss.duty      0x2000004e        0x2 build/debug/main.o
                0x2000004e                duty
 .bss.htim1     0x20000050       0x48 build/debug/main.o
                0x20000050                htim1
 .bss.hrtc      0x20000098       0x14 build/debug/main.o
                0x20000098                hrtc
 .bss.hiwdg     0x200000ac        0xc build/debug/main.o
                0x200000ac                hiwdg
 .bss.hdma_adc1
                0x200000b8       0x44 build/debug/main.o
                0x200000b8                hdma_adc1
 .bss.hadc1     0x200000fc       0x30 build/debug/main.o
                0x200000fc                hadc1
 .bss.uwTick    0x2000012c        0x4 build/debug/stm32f1xx_hal.o
                0x2000012c                uwTick
 *(COMMON)
                0x20000130                        . = ALIGN (0x4)
                0x20000130                        _ebss = .
                0x20000130                        __bss_end__ = _ebss

._user_heap_stack
                0x20000130      0x600 load address 0x08003264
                0x20000130                        . = ALIGN (0x8)
                [!provide]                        PROVIDE (end = .)
                0x20000130                        PROVIDE (_end = .)
                0x20000330                        . = (. + _Min_Heap_Size)
 *fill*         0x20000130      0x200 
                0x20000730                        . = (. + _Min_Stack_Size)
 *fill*         0x20000330      0x400 
                0x20000730                        . = ALIGN (0x8)

/DISCARD/
 libc.a(*)
 libm.a(*)
 libgcc.a(*)
OUTPUT(build/debug/motorConrtol2.elf elf32-littlearm)
LOAD linker stubs
LOAD C:/Program Files (x86)/Arm GNU Toolchain arm-none-eabi/14.2 rel1/bin/../lib/gcc/arm-none-eabi/14.2.1/thumb/v7-m/nofp\libc.a
LOAD C:/Program Files (x86)/Arm GNU Toolchain arm-none-eabi/14.2 rel1/bin/../lib/gcc/arm-none-eabi/14.2.1/thumb/v7-m/nofp\libm.a
LOAD C:/Program Files (x86)/Arm GNU Toolchain arm-none-eabi/14.2 rel1/bin/../lib/gcc/arm-none-eabi/14.2.1/thumb/v7-m/nofp\libgcc.a

.ARM.attributes
                0x00000000       0x29
 .ARM.attributes
                0x00000000       0x1d C:/Program Files (x86)/Arm GNU Toolchain arm-none-eabi/14.2 rel1/bin/../lib/gcc/arm-none-eabi/14.2.1/thumb/v7-m/nofp/crti.o
 .ARM.attributes
                0x0000001d       0x2d C:/Program Files (x86)/Arm GNU Toolchain arm-none-eabi/14.2 rel1/bin/../lib/gcc/arm-none-eabi/14.2.1/thumb/v7-m/nofp/crtbegin.o
 .ARM.attributes
                0x0000004a       0x2d build/debug/buttons.o
 .ARM.attributes
                0x00000077       0x2d build/debug/main.o
 .ARM.attributes
                0x000000a4       0x2d build/debug/six_step.o
 .ARM.attributes
                0x000000d1       0x2d build/debug/stm32f1xx_hal.o
 .ARM.attributes
                0x000000fe       0x2d build/debug/stm32f1xx_hal_adc.o
 .ARM.attributes
                0x0000012b       0x2d build/debug/stm32f1xx_hal_adc_ex.o
 .ARM.attributes
                0x00000158       0x2d build/debug/stm32f1xx_hal_cortex.o
 .ARM.attributes
                0x00000185       0x2d build/debug/stm32f1xx_hal_dma.o
 .ARM.attributes
                0x000001b2       0x2d build/debug/stm32f1xx_hal_gpio.o
 .ARM.attributes
                0x000001df       0x2d build/debug/stm32f1xx_hal_iwdg.o
 .ARM.attributes
                0x0000020c       0x2d build/debug/stm32f1xx_hal_msp.o
 .ARM.attributes
                0x00000239       0x2d build/debug/stm32f1xx_hal_pwr.o
 .ARM.attributes
                0x00000266       0x2d build/debug/stm32f1xx_hal_rcc.o
 .ARM.attributes
                0x00000293       0x2d build/debug/stm32f1xx_hal_rcc_ex.o
 .ARM.attributes
                0x000002c0       0x2d build/debug/stm32f1xx_hal_rtc.o
 .ARM.attributes
                0x000002ed       0x2d build/debug/stm32f1xx_hal_rtc_ex.o
 .ARM.attributes
                0x0000031a       0x2d build/debug/stm32f1xx_hal_tim.o
 .ARM.attributes
                0x00000347       0x2d build/debug/stm32f1xx_hal_tim_ex.o
 .ARM.attributes
                0x00000374       0x2d build/debug/stm32f1xx_it.o
 .ARM.attributes
                0x000003a1       0x2d build/debug/system_stm32f1xx.o
 .ARM.attributes
                0x000003ce       0x21 build/debug/startup_stm32f103xb.o
 .ARM.attributes
                0x000003ef       0x2d C:/Program Files (x86)/Arm GNU Toolchain arm-none-eabi/14.2 rel1/bin/../lib/gcc/arm-none-eabi/14.2.1/thumb/v7-m/nofp\libc_nano.a(libc_a-memset.o)
 .ARM.attributes
                0x0000041c       0x2d C:/Program Files (x86)/Arm GNU Toolchain arm-none-eabi/14.2 rel1/bin/../lib/gcc/arm-none-eabi/14.2.1/thumb/v7-m/nofp\libc_nano.a(libc_a-init.o)
 .ARM.attributes
                0x00000449       0x1d C:/Program Files (x86)/Arm GNU Toolchain arm-none-eabi/14.2 rel1/bin/../lib/gcc/arm-none-eabi/14.2.1/thumb/v7-m/nofp\libgcc.a(_arm_addsubdf3.o)
 .ARM.attributes
                0x00000466       0x1d C:/Program Files (x86)/Arm GNU Toolchain arm-none-eabi/14.2 rel1/bin/../lib/gcc/arm-none-eabi/14.2.1/thumb/v7-m/nofp\libgcc.a(_arm_cmpdf2.o)
 .ARM.attributes
                0x00000483       0x2d C:/Program Files (x86)/Arm GNU Toolchain arm-none-eabi/14.2 rel1/bin/../lib/gcc/arm-none-eabi/14.2.1/thumb/v7-m/nofp/crtend.o
 .ARM.attributes
                0x000004b0       0x1d C:/Program Files (x86)/Arm GNU Toolchain arm-none-eabi/14.2 rel1/bin/../lib/gcc/arm-none-eabi/14.2.1/thumb/v7-m/nofp/crtn.o

.comment        0x00000000       0x45
 .comment       0x00000000       0x45 build/debug/buttons.o
                                 0x46 (size before relaxing)
 .comment       0x00000045       0x46 build/debug/main.o
 .comment       0x00000045       0x46 build/debug/six_step.o
 .comment       0x00000045       0x46 build/debug/stm32f1xx_hal.o
 .comment       0x00000045       0x46 build/debug/stm32f1xx_hal_adc.o
 .comment       0x00000045       0x46 build/debug/stm32f1xx_hal_adc_ex.o
 .comment       0x00000045       0x46 build/debug/stm32f1xx_hal_cortex.o
 .comment       0x00000045       0x46 build/debug/stm32f1xx_hal_dma.o
 .comment       0x00000045       0x46 build/debug/stm32f1xx_hal_gpio.o
 .comment       0x00000045       0x46 build/debug/stm32f1xx_hal_iwdg.o
 .comment       0x00000045       0x46 build/debug/stm32f1xx_hal_msp.o
 .comment       0x00000045       0x46 build/debug/stm32f1xx_hal_pwr.o
 .comment       0x00000045       0x46 build/debug/stm32f1xx_hal_rcc.o
 .comment       0x00000045       0x46 build/debug/stm32f1xx_hal_rcc_ex.o
 .comment       0x00000045       0x46 build/debug/stm32f1xx_hal_rtc.o
 .comment       0x00000045       0x46 build/debug/stm32f1xx_hal_rtc_ex.o
 .comment       0x00000045       0x46 build/debug/stm32f1xx_hal_tim.o
 .comment       0x00000045       0x46 build/debug/stm32f1xx_hal_tim_ex.o
 .comment       0x00000045       0x46 build/debug/stm32f1xx_it.o
 .comment       0x00000045       0x46 build/debug/system_stm32f1xx.o

.debug_info     0x00000000    0x11134
 .debug_info    0x00000000      0x315 build/debug/buttons.o
 .debug_info    0x00000315     0x2001 build/debug/main.o
 .debug_info    0x00002316      0xca8 build/debug/six_step.o
 .debug_info    0x00002fbe      0x7a2 build/debug/stm32f1xx_hal.o
 .debug_info    0x00003760      0xed9 build/debug/stm32f1xx_hal_adc.o
 .debug_info    0x00004639      0xc3a build/debug/stm32f1xx_hal_adc_ex.o
 .debug_info    0x00005273      0xcd9 build/debug/stm32f1xx_hal_cortex.o
 .debug_info    0x00005f4c      0x7f2 build/debug/stm32f1xx_hal_dma.o
 .debug_info    0x0000673e      0x604 build/debug/stm32f1xx_hal_gpio.o
 .debug_info    0x00006d42      0x1f6 build/debug/stm32f1xx_hal_iwdg.o
 .debug_info    0x00006f38     0x1177 build/debug/stm32f1xx_hal_msp.o
 .debug_info    0x000080af      0x66f build/debug/stm32f1xx_hal_pwr.o
 .debug_info    0x0000871e      0x9c7 build/debug/stm32f1xx_hal_rcc.o
 .debug_info    0x000090e5      0x420 build/debug/stm32f1xx_hal_rcc_ex.o
 .debug_info    0x00009505     0x1249 build/debug/stm32f1xx_hal_rtc.o
 .debug_info    0x0000a74e      0x74c build/debug/stm32f1xx_hal_rtc_ex.o
 .debug_info    0x0000ae9a     0x3c0f build/debug/stm32f1xx_hal_tim.o
 .debug_info    0x0000eaa9     0x1a9e build/debug/stm32f1xx_hal_tim_ex.o
 .debug_info    0x00010547      0x990 build/debug/stm32f1xx_it.o
 .debug_info    0x00010ed7      0x22d build/debug/system_stm32f1xx.o
 .debug_info    0x00011104       0x30 build/debug/startup_stm32f103xb.o

.debug_abbrev   0x00000000     0x2c79
 .debug_abbrev  0x00000000      0x18c build/debug/buttons.o
 .debug_abbrev  0x0000018c      0x399 build/debug/main.o
 .debug_abbrev  0x00000525      0x1d7 build/debug/six_step.o
 .debug_abbrev  0x000006fc      0x22d build/debug/stm32f1xx_hal.o
 .debug_abbrev  0x00000929      0x252 build/debug/stm32f1xx_hal_adc.o
 .debug_abbrev  0x00000b7b      0x287 build/debug/stm32f1xx_hal_adc_ex.o
 .debug_abbrev  0x00000e02      0x36d build/debug/stm32f1xx_hal_cortex.o
 .debug_abbrev  0x0000116f      0x244 build/debug/stm32f1xx_hal_dma.o
 .debug_abbrev  0x000013b3      0x1f7 build/debug/stm32f1xx_hal_gpio.o
 .debug_abbrev  0x000015aa      0x139 build/debug/stm32f1xx_hal_iwdg.o
 .debug_abbrev  0x000016e3      0x2b4 build/debug/stm32f1xx_hal_msp.o
 .debug_abbrev  0x00001997      0x1e9 build/debug/stm32f1xx_hal_pwr.o
 .debug_abbrev  0x00001b80      0x2a0 build/debug/stm32f1xx_hal_rcc.o
 .debug_abbrev  0x00001e20      0x1d8 build/debug/stm32f1xx_hal_rcc_ex.o
 .debug_abbrev  0x00001ff8      0x235 build/debug/stm32f1xx_hal_rtc.o
 .debug_abbrev  0x0000222d      0x223 build/debug/stm32f1xx_hal_rtc_ex.o
 .debug_abbrev  0x00002450      0x270 build/debug/stm32f1xx_hal_tim.o
 .debug_abbrev  0x000026c0      0x26e build/debug/stm32f1xx_hal_tim_ex.o
 .debug_abbrev  0x0000292e      0x1e4 build/debug/stm32f1xx_it.o
 .debug_abbrev  0x00002b12      0x143 build/debug/system_stm32f1xx.o
 .debug_abbrev  0x00002c55       0x24 build/debug/startup_stm32f103xb.o

.debug_loclists
                0x00000000     0x86b9
 .debug_loclists
                0x00000000       0x5d build/debug/buttons.o
 .debug_loclists
                0x0000005d      0x10b build/debug/main.o
 .debug_loclists
                0x00000168       0x33 build/debug/six_step.o
 .debug_loclists
                0x0000019b       0xe1 build/debug/stm32f1xx_hal.o
 .debug_loclists
                0x0000027c      0x7c5 build/debug/stm32f1xx_hal_adc.o
 .debug_loclists
                0x00000a41      0x5b1 build/debug/stm32f1xx_hal_adc_ex.o
 .debug_loclists
                0x00000ff2      0x530 build/debug/stm32f1xx_hal_cortex.o
 .debug_loclists
                0x00001522      0x562 build/debug/stm32f1xx_hal_dma.o
 .debug_loclists
                0x00001a84      0x300 build/debug/stm32f1xx_hal_gpio.o
 .debug_loclists
                0x00001d84       0x68 build/debug/stm32f1xx_hal_iwdg.o
 .debug_loclists
                0x00001dec      0x109 build/debug/stm32f1xx_hal_msp.o
 .debug_loclists
                0x00001ef5      0x100 build/debug/stm32f1xx_hal_pwr.o
 .debug_loclists
                0x00001ff5      0x42e build/debug/stm32f1xx_hal_rcc.o
 .debug_loclists
                0x00002423      0x2ca build/debug/stm32f1xx_hal_rcc_ex.o
 .debug_loclists
                0x000026ed      0xf8b build/debug/stm32f1xx_hal_rtc.o
 .debug_loclists
                0x00003678      0x3e4 build/debug/stm32f1xx_hal_rtc_ex.o
 .debug_loclists
                0x00003a5c     0x37f3 build/debug/stm32f1xx_hal_tim.o
 .debug_loclists
                0x0000724f     0x13b3 build/debug/stm32f1xx_hal_tim_ex.o
 .debug_loclists
                0x00008602       0xb7 build/debug/system_stm32f1xx.o

.debug_aranges  0x00000000      0xe48
 .debug_aranges
                0x00000000       0x38 build/debug/buttons.o
 .debug_aranges
                0x00000038       0x70 build/debug/main.o
 .debug_aranges
                0x000000a8       0x40 build/debug/six_step.o
 .debug_aranges
                0x000000e8       0xe0 build/debug/stm32f1xx_hal.o
 .debug_aranges
                0x000001c8       0xf0 build/debug/stm32f1xx_hal_adc.o
 .debug_aranges
                0x000002b8       0x80 build/debug/stm32f1xx_hal_adc_ex.o
 .debug_aranges
                0x00000338       0xc0 build/debug/stm32f1xx_hal_cortex.o
 .debug_aranges
                0x000003f8       0x80 build/debug/stm32f1xx_hal_dma.o
 .debug_aranges
                0x00000478       0x58 build/debug/stm32f1xx_hal_gpio.o
 .debug_aranges
                0x000004d0       0x28 build/debug/stm32f1xx_hal_iwdg.o
 .debug_aranges
                0x000004f8       0x58 build/debug/stm32f1xx_hal_msp.o
 .debug_aranges
                0x00000550       0xa8 build/debug/stm32f1xx_hal_pwr.o
 .debug_aranges
                0x000005f8       0x90 build/debug/stm32f1xx_hal_rcc.o
 .debug_aranges
                0x00000688       0x30 build/debug/stm32f1xx_hal_rcc_ex.o
 .debug_aranges
                0x000006b8       0xf8 build/debug/stm32f1xx_hal_rtc.o
 .debug_aranges
                0x000007b0       0x88 build/debug/stm32f1xx_hal_rtc_ex.o
 .debug_aranges
                0x00000838      0x3d0 build/debug/stm32f1xx_hal_tim.o
 .debug_aranges
                0x00000c08      0x168 build/debug/stm32f1xx_hal_tim_ex.o
 .debug_aranges
                0x00000d70       0x88 build/debug/stm32f1xx_it.o
 .debug_aranges
                0x00000df8       0x28 build/debug/system_stm32f1xx.o
 .debug_aranges
                0x00000e20       0x28 build/debug/startup_stm32f103xb.o

.debug_rnglists
                0x00000000      0xae2
 .debug_rnglists
                0x00000000       0x26 build/debug/buttons.o
 .debug_rnglists
                0x00000026       0x62 build/debug/main.o
 .debug_rnglists
                0x00000088       0x2c build/debug/six_step.o
 .debug_rnglists
                0x000000b4       0xa3 build/debug/stm32f1xx_hal.o
 .debug_rnglists
                0x00000157       0xb8 build/debug/stm32f1xx_hal_adc.o
 .debug_rnglists
                0x0000020f       0x62 build/debug/stm32f1xx_hal_adc_ex.o
 .debug_rnglists
                0x00000271       0x8b build/debug/stm32f1xx_hal_cortex.o
 .debug_rnglists
                0x000002fc       0x5e build/debug/stm32f1xx_hal_dma.o
 .debug_rnglists
                0x0000035a       0x3f build/debug/stm32f1xx_hal_gpio.o
 .debug_rnglists
                0x00000399       0x19 build/debug/stm32f1xx_hal_iwdg.o
 .debug_rnglists
                0x000003b2       0x3e build/debug/stm32f1xx_hal_msp.o
 .debug_rnglists
                0x000003f0       0x7a build/debug/stm32f1xx_hal_pwr.o
 .debug_rnglists
                0x0000046a       0x7d build/debug/stm32f1xx_hal_rcc.o
 .debug_rnglists
                0x000004e7       0x2f build/debug/stm32f1xx_hal_rcc_ex.o
 .debug_rnglists
                0x00000516       0xbe build/debug/stm32f1xx_hal_rtc.o
 .debug_rnglists
                0x000005d4       0x61 build/debug/stm32f1xx_hal_rtc_ex.o
 .debug_rnglists
                0x00000635      0x2ff build/debug/stm32f1xx_hal_tim.o
 .debug_rnglists
                0x00000934      0x11a build/debug/stm32f1xx_hal_tim_ex.o
 .debug_rnglists
                0x00000a4e       0x61 build/debug/stm32f1xx_it.o
 .debug_rnglists
                0x00000aaf       0x1a build/debug/system_stm32f1xx.o
 .debug_rnglists
                0x00000ac9       0x19 build/debug/startup_stm32f103xb.o

.debug_line     0x00000000     0xdf24
 .debug_line    0x00000000      0x350 build/debug/buttons.o
 .debug_line    0x00000350      0x9a0 build/debug/main.o
 .debug_line    0x00000cf0      0x2bb build/debug/six_step.o
 .debug_line    0x00000fab      0x52e build/debug/stm32f1xx_hal.o
 .debug_line    0x000014d9      0xe64 build/debug/stm32f1xx_hal_adc.o
 .debug_line    0x0000233d      0xb2c build/debug/stm32f1xx_hal_adc_ex.o
 .debug_line    0x00002e69      0x6a7 build/debug/stm32f1xx_hal_cortex.o
 .debug_line    0x00003510      0xade build/debug/stm32f1xx_hal_dma.o
 .debug_line    0x00003fee      0x5c9 build/debug/stm32f1xx_hal_gpio.o
 .debug_line    0x000045b7      0x281 build/debug/stm32f1xx_hal_iwdg.o
 .debug_line    0x00004838      0x472 build/debug/stm32f1xx_hal_msp.o
 .debug_line    0x00004caa      0x470 build/debug/stm32f1xx_hal_pwr.o
 .debug_line    0x0000511a      0xcb8 build/debug/stm32f1xx_hal_rcc.o
 .debug_line    0x00005dd2      0x4a9 build/debug/stm32f1xx_hal_rcc_ex.o
 .debug_line    0x0000627b     0x114c build/debug/stm32f1xx_hal_rtc.o
 .debug_line    0x000073c7      0x62b build/debug/stm32f1xx_hal_rtc_ex.o
 .debug_line    0x000079f2     0x45a4 build/debug/stm32f1xx_hal_tim.o
 .debug_line    0x0000bf96     0x1980 build/debug/stm32f1xx_hal_tim_ex.o
 .debug_line    0x0000d916      0x355 build/debug/stm32f1xx_it.o
 .debug_line    0x0000dc6b      0x245 build/debug/system_stm32f1xx.o
 .debug_line    0x0000deb0       0x74 build/debug/startup_stm32f103xb.o

.debug_str      0x00000000     0x41d5
 .debug_str     0x00000000     0x41d5 build/debug/buttons.o
                                0x26d (size before relaxing)
 .debug_str     0x000041d5     0x156e build/debug/main.o
 .debug_str     0x000041d5      0x758 build/debug/six_step.o
 .debug_str     0x000041d5      0x800 build/debug/stm32f1xx_hal.o
 .debug_str     0x000041d5      0x8ac build/debug/stm32f1xx_hal_adc.o
 .debug_str     0x000041d5      0x88f build/debug/stm32f1xx_hal_adc_ex.o
 .debug_str     0x000041d5      0x8a5 build/debug/stm32f1xx_hal_cortex.o
 .debug_str     0x000041d5      0x5cf build/debug/stm32f1xx_hal_dma.o
 .debug_str     0x000041d5      0x3d2 build/debug/stm32f1xx_hal_gpio.o
 .debug_str     0x000041d5      0x24d build/debug/stm32f1xx_hal_iwdg.o
 .debug_str     0x000041d5      0xdae build/debug/stm32f1xx_hal_msp.o
 .debug_str     0x000041d5      0x46d build/debug/stm32f1xx_hal_pwr.o
 .debug_str     0x000041d5      0x5fd build/debug/stm32f1xx_hal_rcc.o
 .debug_str     0x000041d5      0x3a5 build/debug/stm32f1xx_hal_rcc_ex.o
 .debug_str     0x000041d5      0x6e1 build/debug/stm32f1xx_hal_rtc.o
 .debug_str     0x000041d5      0x573 build/debug/stm32f1xx_hal_rtc_ex.o
 .debug_str     0x000041d5     0x1657 build/debug/stm32f1xx_hal_tim.o
 .debug_str     0x000041d5      0xe63 build/debug/stm32f1xx_hal_tim_ex.o
 .debug_str     0x000041d5      0x8b9 build/debug/stm32f1xx_it.o
 .debug_str     0x000041d5      0x226 build/debug/system_stm32f1xx.o
 .debug_str     0x000041d5       0x59 build/debug/startup_stm32f103xb.o

.debug_frame    0x00000000     0x272c
 .debug_frame   0x00000000       0x5c build/debug/buttons.o
 .debug_frame   0x0000005c      0x154 build/debug/main.o
 .debug_frame   0x000001b0       0x84 build/debug/six_step.o
 .debug_frame   0x00000234      0x1cc build/debug/stm32f1xx_hal.o
 .debug_frame   0x00000400      0x2c8 build/debug/stm32f1xx_hal_adc.o
 .debug_frame   0x000006c8      0x19c build/debug/stm32f1xx_hal_adc_ex.o
 .debug_frame   0x00000864      0x19c build/debug/stm32f1xx_hal_cortex.o
 .debug_frame   0x00000a00      0x144 build/debug/stm32f1xx_hal_dma.o
 .debug_frame   0x00000b44       0xe4 build/debug/stm32f1xx_hal_gpio.o
 .debug_frame   0x00000c28       0x44 build/debug/stm32f1xx_hal_iwdg.o
 .debug_frame   0x00000c6c       0xe0 build/debug/stm32f1xx_hal_msp.o
 .debug_frame   0x00000d4c      0x140 build/debug/stm32f1xx_hal_pwr.o
 .debug_frame   0x00000e8c      0x184 build/debug/stm32f1xx_hal_rcc.o
 .debug_frame   0x00001010       0x60 build/debug/stm32f1xx_hal_rcc_ex.o
 .debug_frame   0x00001070      0x344 build/debug/stm32f1xx_hal_rtc.o
 .debug_frame   0x000013b4      0x134 build/debug/stm32f1xx_hal_rtc_ex.o
 .debug_frame   0x000014e8      0xb18 build/debug/stm32f1xx_hal_tim.o
 .debug_frame   0x00002000      0x418 build/debug/stm32f1xx_hal_tim_ex.o
 .debug_frame   0x00002418      0x128 build/debug/stm32f1xx_it.o
 .debug_frame   0x00002540       0x30 build/debug/system_stm32f1xx.o
 .debug_frame   0x00002570       0x20 C:/Program Files (x86)/Arm GNU Toolchain arm-none-eabi/14.2 rel1/bin/../lib/gcc/arm-none-eabi/14.2.1/thumb/v7-m/nofp\libc_nano.a(libc_a-memset.o)
 .debug_frame   0x00002590       0x2c C:/Program Files (x86)/Arm GNU Toolchain arm-none-eabi/14.2 rel1/bin/../lib/gcc/arm-none-eabi/14.2.1/thumb/v7-m/nofp\libc_nano.a(libc_a-init.o)
 .debug_frame   0x000025bc       0xac C:/Program Files (x86)/Arm GNU Toolchain arm-none-eabi/14.2 rel1/bin/../lib/gcc/arm-none-eabi/14.2.1/thumb/v7-m/nofp\libgcc.a(_arm_addsubdf3.o)
 .debug_frame   0x00002668       0xc4 C:/Program Files (x86)/Arm GNU Toolchain arm-none-eabi/14.2 rel1/bin/../lib/gcc/arm-none-eabi/14.2.1/thumb/v7-m/nofp\libgcc.a(_arm_cmpdf2.o)

.debug_line_str
                0x00000000      0x10b
 .debug_line_str
                0x00000000      0x10b build/debug/startup_stm32f103xb.o
                                 0x3d (size before relaxing)
 .debug_line_str
                0x0000010b       0xce C:/Program Files (x86)/Arm GNU Toolchain arm-none-eabi/14.2 rel1/bin/../lib/gcc/arm-none-eabi/14.2.1/thumb/v7-m/nofp\libgcc.a(_arm_addsubdf3.o)
 .debug_line_str
                0x0000010b       0xce C:/Program Files (x86)/Arm GNU Toolchain arm-none-eabi/14.2 rel1/bin/../lib/gcc/arm-none-eabi/14.2.1/thumb/v7-m/nofp\libgcc.a(_arm_cmpdf2.o)

Cross Reference Table

Symbol                                            File
ADC1_2_IRQHandler                                 build/debug/stm32f1xx_it.o
ADC_ConversionStop_Disable                        build/debug/stm32f1xx_hal_adc.o
                                                  build/debug/stm32f1xx_hal_adc_ex.o
ADC_DMAConvCplt                                   build/debug/stm32f1xx_hal_adc.o
                                                  build/debug/stm32f1xx_hal_adc_ex.o
ADC_DMAError                                      build/debug/stm32f1xx_hal_adc.o
                                                  build/debug/stm32f1xx_hal_adc_ex.o
ADC_DMAHalfConvCplt                               build/debug/stm32f1xx_hal_adc.o
                                                  build/debug/stm32f1xx_hal_adc_ex.o
ADC_Enable                                        build/debug/stm32f1xx_hal_adc.o
                                                  build/debug/stm32f1xx_hal_adc_ex.o
AHBPrescTable                                     build/debug/system_stm32f1xx.o
                                                  build/debug/stm32f1xx_hal_rcc.o
APBPrescTable                                     build/debug/system_stm32f1xx.o
                                                  build/debug/stm32f1xx_hal_rcc.o
BusFault_Handler                                  build/debug/stm32f1xx_it.o
CAN1_RX1_IRQHandler                               build/debug/startup_stm32f103xb.o
CAN1_SCE_IRQHandler                               build/debug/startup_stm32f103xb.o
DMA1_Channel1_IRQHandler                          build/debug/stm32f1xx_it.o
DMA1_Channel2_IRQHandler                          build/debug/startup_stm32f103xb.o
DMA1_Channel3_IRQHandler                          build/debug/startup_stm32f103xb.o
DMA1_Channel4_IRQHandler                          build/debug/startup_stm32f103xb.o
DMA1_Channel5_IRQHandler                          build/debug/startup_stm32f103xb.o
DMA1_Channel6_IRQHandler                          build/debug/startup_stm32f103xb.o
DMA1_Channel7_IRQHandler                          build/debug/startup_stm32f103xb.o
DebugMon_Handler                                  build/debug/stm32f1xx_it.o
Default_Handler                                   build/debug/startup_stm32f103xb.o
EXTI0_IRQHandler                                  build/debug/startup_stm32f103xb.o
EXTI15_10_IRQHandler                              build/debug/startup_stm32f103xb.o
EXTI1_IRQHandler                                  build/debug/startup_stm32f103xb.o
EXTI2_IRQHandler                                  build/debug/startup_stm32f103xb.o
EXTI3_IRQHandler                                  build/debug/startup_stm32f103xb.o
EXTI4_IRQHandler                                  build/debug/startup_stm32f103xb.o
EXTI9_5_IRQHandler                                build/debug/startup_stm32f103xb.o
Error_Handler                                     build/debug/main.o
                                                  build/debug/stm32f1xx_hal_msp.o
FLASH_IRQHandler                                  build/debug/startup_stm32f103xb.o
FLASH_PageErase                                   build/debug/stm32f1xx_hal_flash_ex.o
                                                  build/debug/stm32f1xx_hal_flash.o
FLASH_WaitForLastOperation                        build/debug/stm32f1xx_hal_flash.o
                                                  build/debug/stm32f1xx_hal_flash_ex.o
HAL_ADCEx_Calibration_Start                       build/debug/stm32f1xx_hal_adc_ex.o
                                                  build/debug/main.o
HAL_ADCEx_InjectedConfigChannel                   build/debug/stm32f1xx_hal_adc_ex.o
HAL_ADCEx_InjectedConvCpltCallback                build/debug/stm32f1xx_hal_adc_ex.o
                                                  build/debug/stm32f1xx_hal_adc.o
HAL_ADCEx_InjectedGetValue                        build/debug/stm32f1xx_hal_adc_ex.o
HAL_ADCEx_InjectedPollForConversion               build/debug/stm32f1xx_hal_adc_ex.o
HAL_ADCEx_InjectedStart                           build/debug/stm32f1xx_hal_adc_ex.o
HAL_ADCEx_InjectedStart_IT                        build/debug/stm32f1xx_hal_adc_ex.o
HAL_ADCEx_InjectedStop                            build/debug/stm32f1xx_hal_adc_ex.o
HAL_ADCEx_InjectedStop_IT                         build/debug/stm32f1xx_hal_adc_ex.o
HAL_ADCEx_MultiModeConfigChannel                  build/debug/stm32f1xx_hal_adc_ex.o
HAL_ADCEx_MultiModeGetValue                       build/debug/stm32f1xx_hal_adc_ex.o
HAL_ADCEx_MultiModeStart_DMA                      build/debug/stm32f1xx_hal_adc_ex.o
HAL_ADCEx_MultiModeStop_DMA                       build/debug/stm32f1xx_hal_adc_ex.o
HAL_ADC_AnalogWDGConfig                           build/debug/stm32f1xx_hal_adc.o
HAL_ADC_ConfigChannel                             build/debug/stm32f1xx_hal_adc.o
                                                  build/debug/main.o
HAL_ADC_ConvCpltCallback                          build/debug/stm32f1xx_hal_adc.o
HAL_ADC_ConvHalfCpltCallback                      build/debug/stm32f1xx_hal_adc.o
HAL_ADC_DeInit                                    build/debug/stm32f1xx_hal_adc.o
HAL_ADC_ErrorCallback                             build/debug/stm32f1xx_hal_adc.o
HAL_ADC_GetError                                  build/debug/stm32f1xx_hal_adc.o
HAL_ADC_GetState                                  build/debug/stm32f1xx_hal_adc.o
HAL_ADC_GetValue                                  build/debug/stm32f1xx_hal_adc.o
HAL_ADC_IRQHandler                                build/debug/stm32f1xx_hal_adc.o
                                                  build/debug/stm32f1xx_it.o
HAL_ADC_Init                                      build/debug/stm32f1xx_hal_adc.o
                                                  build/debug/main.o
HAL_ADC_LevelOutOfWindowCallback                  build/debug/stm32f1xx_hal_adc.o
HAL_ADC_MspDeInit                                 build/debug/stm32f1xx_hal_msp.o
                                                  build/debug/stm32f1xx_hal_adc.o
HAL_ADC_MspInit                                   build/debug/stm32f1xx_hal_msp.o
                                                  build/debug/stm32f1xx_hal_adc.o
HAL_ADC_PollForConversion                         build/debug/stm32f1xx_hal_adc.o
HAL_ADC_PollForEvent                              build/debug/stm32f1xx_hal_adc.o
HAL_ADC_Start                                     build/debug/stm32f1xx_hal_adc.o
HAL_ADC_Start_DMA                                 build/debug/stm32f1xx_hal_adc.o
                                                  build/debug/main.o
HAL_ADC_Start_IT                                  build/debug/stm32f1xx_hal_adc.o
HAL_ADC_Stop                                      build/debug/stm32f1xx_hal_adc.o
                                                  build/debug/main.o
HAL_ADC_Stop_DMA                                  build/debug/stm32f1xx_hal_adc.o
HAL_ADC_Stop_IT                                   build/debug/stm32f1xx_hal_adc.o
HAL_DBGMCU_DisableDBGSleepMode                    build/debug/stm32f1xx_hal.o
HAL_DBGMCU_DisableDBGStandbyMode                  build/debug/stm32f1xx_hal.o
HAL_DBGMCU_DisableDBGStopMode                     build/debug/stm32f1xx_hal.o
HAL_DBGMCU_EnableDBGSleepMode                     build/debug/stm32f1xx_hal.o
HAL_DBGMCU_EnableDBGStandbyMode                   build/debug/stm32f1xx_hal.o
HAL_DBGMCU_EnableDBGStopMode                      build/debug/stm32f1xx_hal.o
HAL_DMA_Abort                                     build/debug/stm32f1xx_hal_dma.o
                                                  build/debug/stm32f1xx_hal_adc_ex.o
                                                  build/debug/stm32f1xx_hal_adc.o
HAL_DMA_Abort_IT                                  build/debug/stm32f1xx_hal_dma.o
                                                  build/debug/stm32f1xx_hal_tim_ex.o
                                                  build/debug/stm32f1xx_hal_tim.o
HAL_DMA_DeInit                                    build/debug/stm32f1xx_hal_dma.o
                                                  build/debug/stm32f1xx_hal_msp.o
HAL_DMA_GetError                                  build/debug/stm32f1xx_hal_dma.o
HAL_DMA_GetState                                  build/debug/stm32f1xx_hal_dma.o
HAL_DMA_IRQHandler                                build/debug/stm32f1xx_hal_dma.o
                                                  build/debug/stm32f1xx_it.o
HAL_DMA_Init                                      build/debug/stm32f1xx_hal_dma.o
                                                  build/debug/stm32f1xx_hal_msp.o
HAL_DMA_PollForTransfer                           build/debug/stm32f1xx_hal_dma.o
HAL_DMA_RegisterCallback                          build/debug/stm32f1xx_hal_dma.o
HAL_DMA_Start                                     build/debug/stm32f1xx_hal_dma.o
HAL_DMA_Start_IT                                  build/debug/stm32f1xx_hal_dma.o
                                                  build/debug/stm32f1xx_hal_tim_ex.o
                                                  build/debug/stm32f1xx_hal_tim.o
                                                  build/debug/stm32f1xx_hal_adc_ex.o
                                                  build/debug/stm32f1xx_hal_adc.o
HAL_DMA_UnRegisterCallback                        build/debug/stm32f1xx_hal_dma.o
HAL_DeInit                                        build/debug/stm32f1xx_hal.o
HAL_Delay                                         build/debug/stm32f1xx_hal.o
HAL_EXTI_ClearConfigLine                          build/debug/stm32f1xx_hal_exti.o
HAL_EXTI_ClearPending                             build/debug/stm32f1xx_hal_exti.o
HAL_EXTI_GenerateSWI                              build/debug/stm32f1xx_hal_exti.o
HAL_EXTI_GetConfigLine                            build/debug/stm32f1xx_hal_exti.o
HAL_EXTI_GetHandle                                build/debug/stm32f1xx_hal_exti.o
HAL_EXTI_GetPending                               build/debug/stm32f1xx_hal_exti.o
HAL_EXTI_IRQHandler                               build/debug/stm32f1xx_hal_exti.o
HAL_EXTI_RegisterCallback                         build/debug/stm32f1xx_hal_exti.o
HAL_EXTI_SetConfigLine                            build/debug/stm32f1xx_hal_exti.o
HAL_FLASHEx_Erase                                 build/debug/stm32f1xx_hal_flash_ex.o
HAL_FLASHEx_Erase_IT                              build/debug/stm32f1xx_hal_flash_ex.o
HAL_FLASHEx_OBErase                               build/debug/stm32f1xx_hal_flash_ex.o
HAL_FLASHEx_OBGetConfig                           build/debug/stm32f1xx_hal_flash_ex.o
HAL_FLASHEx_OBGetUserData                         build/debug/stm32f1xx_hal_flash_ex.o
HAL_FLASHEx_OBProgram                             build/debug/stm32f1xx_hal_flash_ex.o
HAL_FLASH_EndOfOperationCallback                  build/debug/stm32f1xx_hal_flash.o
HAL_FLASH_GetError                                build/debug/stm32f1xx_hal_flash.o
HAL_FLASH_IRQHandler                              build/debug/stm32f1xx_hal_flash.o
HAL_FLASH_Lock                                    build/debug/stm32f1xx_hal_flash.o
HAL_FLASH_OB_Launch                               build/debug/stm32f1xx_hal_flash.o
HAL_FLASH_OB_Lock                                 build/debug/stm32f1xx_hal_flash.o
HAL_FLASH_OB_Unlock                               build/debug/stm32f1xx_hal_flash.o
HAL_FLASH_OperationErrorCallback                  build/debug/stm32f1xx_hal_flash.o
HAL_FLASH_Program                                 build/debug/stm32f1xx_hal_flash.o
HAL_FLASH_Program_IT                              build/debug/stm32f1xx_hal_flash.o
HAL_FLASH_Unlock                                  build/debug/stm32f1xx_hal_flash.o
HAL_GPIOEx_ConfigEventout                         build/debug/stm32f1xx_hal_gpio_ex.o
HAL_GPIOEx_DisableEventout                        build/debug/stm32f1xx_hal_gpio_ex.o
HAL_GPIOEx_EnableEventout                         build/debug/stm32f1xx_hal_gpio_ex.o
HAL_GPIO_DeInit                                   build/debug/stm32f1xx_hal_gpio.o
                                                  build/debug/stm32f1xx_hal_msp.o
HAL_GPIO_EXTI_Callback                            build/debug/stm32f1xx_hal_gpio.o
HAL_GPIO_EXTI_IRQHandler                          build/debug/stm32f1xx_hal_gpio.o
HAL_GPIO_Init                                     build/debug/stm32f1xx_hal_gpio.o
                                                  build/debug/stm32f1xx_hal_rcc.o
                                                  build/debug/stm32f1xx_hal_msp.o
                                                  build/debug/main.o
HAL_GPIO_LockPin                                  build/debug/stm32f1xx_hal_gpio.o
HAL_GPIO_ReadPin                                  build/debug/stm32f1xx_hal_gpio.o
                                                  build/debug/main.o
                                                  build/debug/buttons.o
HAL_GPIO_TogglePin                                build/debug/stm32f1xx_hal_gpio.o
                                                  build/debug/main.o
HAL_GPIO_WritePin                                 build/debug/stm32f1xx_hal_gpio.o
                                                  build/debug/six_step.o
                                                  build/debug/main.o
HAL_GetDEVID                                      build/debug/stm32f1xx_hal.o
HAL_GetHalVersion                                 build/debug/stm32f1xx_hal.o
HAL_GetREVID                                      build/debug/stm32f1xx_hal.o
HAL_GetTick                                       build/debug/stm32f1xx_hal.o
                                                  build/debug/stm32f1xx_hal_rtc_ex.o
                                                  build/debug/stm32f1xx_hal_rtc.o
                                                  build/debug/stm32f1xx_hal_rcc_ex.o
                                                  build/debug/stm32f1xx_hal_rcc.o
                                                  build/debug/stm32f1xx_hal_iwdg.o
                                                  build/debug/stm32f1xx_hal_flash.o
                                                  build/debug/stm32f1xx_hal_dma.o
                                                  build/debug/stm32f1xx_hal_adc_ex.o
                                                  build/debug/stm32f1xx_hal_adc.o
                                                  build/debug/buttons.o
HAL_GetTickFreq                                   build/debug/stm32f1xx_hal.o
HAL_GetTickPrio                                   build/debug/stm32f1xx_hal.o
HAL_GetUIDw0                                      build/debug/stm32f1xx_hal.o
HAL_GetUIDw1                                      build/debug/stm32f1xx_hal.o
HAL_GetUIDw2                                      build/debug/stm32f1xx_hal.o
HAL_IWDG_Init                                     build/debug/stm32f1xx_hal_iwdg.o
                                                  build/debug/main.o
HAL_IWDG_Refresh                                  build/debug/stm32f1xx_hal_iwdg.o
                                                  build/debug/main.o
HAL_IncTick                                       build/debug/stm32f1xx_hal.o
                                                  build/debug/stm32f1xx_it.o
HAL_Init                                          build/debug/stm32f1xx_hal.o
                                                  build/debug/main.o
HAL_InitTick                                      build/debug/stm32f1xx_hal.o
                                                  build/debug/stm32f1xx_hal_rcc.o
HAL_MspDeInit                                     build/debug/stm32f1xx_hal.o
HAL_MspInit                                       build/debug/stm32f1xx_hal_msp.o
                                                  build/debug/stm32f1xx_hal.o
HAL_NVIC_ClearPendingIRQ                          build/debug/stm32f1xx_hal_cortex.o
HAL_NVIC_DisableIRQ                               build/debug/stm32f1xx_hal_cortex.o
                                                  build/debug/stm32f1xx_hal_msp.o
HAL_NVIC_EnableIRQ                                build/debug/stm32f1xx_hal_cortex.o
                                                  build/debug/stm32f1xx_hal_msp.o
                                                  build/debug/main.o
HAL_NVIC_GetActive                                build/debug/stm32f1xx_hal_cortex.o
HAL_NVIC_GetPendingIRQ                            build/debug/stm32f1xx_hal_cortex.o
HAL_NVIC_GetPriority                              build/debug/stm32f1xx_hal_cortex.o
HAL_NVIC_GetPriorityGrouping                      build/debug/stm32f1xx_hal_cortex.o
HAL_NVIC_SetPendingIRQ                            build/debug/stm32f1xx_hal_cortex.o
HAL_NVIC_SetPriority                              build/debug/stm32f1xx_hal_cortex.o
                                                  build/debug/stm32f1xx_hal_msp.o
                                                  build/debug/stm32f1xx_hal.o
                                                  build/debug/main.o
HAL_NVIC_SetPriorityGrouping                      build/debug/stm32f1xx_hal_cortex.o
                                                  build/debug/stm32f1xx_hal.o
HAL_NVIC_SystemReset                              build/debug/stm32f1xx_hal_cortex.o
                                                  build/debug/stm32f1xx_hal_flash.o
HAL_PWR_ConfigPVD                                 build/debug/stm32f1xx_hal_pwr.o
HAL_PWR_DeInit                                    build/debug/stm32f1xx_hal_pwr.o
HAL_PWR_DisableBkUpAccess                         build/debug/stm32f1xx_hal_pwr.o
                                                  build/debug/main.o
HAL_PWR_DisablePVD                                build/debug/stm32f1xx_hal_pwr.o
HAL_PWR_DisableSEVOnPend                          build/debug/stm32f1xx_hal_pwr.o
HAL_PWR_DisableSleepOnExit                        build/debug/stm32f1xx_hal_pwr.o
HAL_PWR_DisableWakeUpPin                          build/debug/stm32f1xx_hal_pwr.o
HAL_PWR_EnableBkUpAccess                          build/debug/stm32f1xx_hal_pwr.o
                                                  build/debug/stm32f1xx_hal_msp.o
                                                  build/debug/main.o
HAL_PWR_EnablePVD                                 build/debug/stm32f1xx_hal_pwr.o
HAL_PWR_EnableSEVOnPend                           build/debug/stm32f1xx_hal_pwr.o
HAL_PWR_EnableSleepOnExit                         build/debug/stm32f1xx_hal_pwr.o
HAL_PWR_EnableWakeUpPin                           build/debug/stm32f1xx_hal_pwr.o
HAL_PWR_EnterSLEEPMode                            build/debug/stm32f1xx_hal_pwr.o
HAL_PWR_EnterSTANDBYMode                          build/debug/stm32f1xx_hal_pwr.o
HAL_PWR_EnterSTOPMode                             build/debug/stm32f1xx_hal_pwr.o
HAL_PWR_PVDCallback                               build/debug/stm32f1xx_hal_pwr.o
HAL_PWR_PVD_IRQHandler                            build/debug/stm32f1xx_hal_pwr.o
HAL_RCCEx_GetPeriphCLKConfig                      build/debug/stm32f1xx_hal_rcc_ex.o
HAL_RCCEx_GetPeriphCLKFreq                        build/debug/stm32f1xx_hal_rcc_ex.o
                                                  build/debug/stm32f1xx_hal_rtc.o
                                                  build/debug/stm32f1xx_hal_adc_ex.o
                                                  build/debug/stm32f1xx_hal_adc.o
HAL_RCCEx_PeriphCLKConfig                         build/debug/stm32f1xx_hal_rcc_ex.o
                                                  build/debug/main.o
HAL_RCC_CSSCallback                               build/debug/stm32f1xx_hal_rcc.o
HAL_RCC_ClockConfig                               build/debug/stm32f1xx_hal_rcc.o
                                                  build/debug/main.o
HAL_RCC_DeInit                                    build/debug/stm32f1xx_hal_rcc.o
HAL_RCC_DisableCSS                                build/debug/stm32f1xx_hal_rcc.o
HAL_RCC_EnableCSS                                 build/debug/stm32f1xx_hal_rcc.o
                                                  build/debug/main.o
HAL_RCC_GetClockConfig                            build/debug/stm32f1xx_hal_rcc.o
HAL_RCC_GetHCLKFreq                               build/debug/stm32f1xx_hal_rcc.o
HAL_RCC_GetOscConfig                              build/debug/stm32f1xx_hal_rcc.o
HAL_RCC_GetPCLK1Freq                              build/debug/stm32f1xx_hal_rcc.o
HAL_RCC_GetPCLK2Freq                              build/debug/stm32f1xx_hal_rcc.o
                                                  build/debug/stm32f1xx_hal_rcc_ex.o
HAL_RCC_GetSysClockFreq                           build/debug/stm32f1xx_hal_rcc.o
HAL_RCC_MCOConfig                                 build/debug/stm32f1xx_hal_rcc.o
HAL_RCC_NMI_IRQHandler                            build/debug/stm32f1xx_hal_rcc.o
                                                  build/debug/stm32f1xx_it.o
HAL_RCC_OscConfig                                 build/debug/stm32f1xx_hal_rcc.o
                                                  build/debug/main.o
HAL_RTCEx_BKUPRead                                build/debug/stm32f1xx_hal_rtc_ex.o
                                                  build/debug/main.o
HAL_RTCEx_BKUPWrite                               build/debug/stm32f1xx_hal_rtc_ex.o
                                                  build/debug/main.o
HAL_RTCEx_DeactivateSecond                        build/debug/stm32f1xx_hal_rtc_ex.o
HAL_RTCEx_DeactivateTamper                        build/debug/stm32f1xx_hal_rtc_ex.o
HAL_RTCEx_PollForTamper1Event                     build/debug/stm32f1xx_hal_rtc_ex.o
HAL_RTCEx_RTCEventCallback                        build/debug/stm32f1xx_hal_rtc_ex.o
HAL_RTCEx_RTCEventErrorCallback                   build/debug/stm32f1xx_hal_rtc_ex.o
HAL_RTCEx_RTCIRQHandler                           build/debug/stm32f1xx_hal_rtc_ex.o
HAL_RTCEx_SetSecond_IT                            build/debug/stm32f1xx_hal_rtc_ex.o
HAL_RTCEx_SetSmoothCalib                          build/debug/stm32f1xx_hal_rtc_ex.o
HAL_RTCEx_SetTamper                               build/debug/stm32f1xx_hal_rtc_ex.o
HAL_RTCEx_SetTamper_IT                            build/debug/stm32f1xx_hal_rtc_ex.o
HAL_RTCEx_Tamper1EventCallback                    build/debug/stm32f1xx_hal_rtc_ex.o
HAL_RTCEx_TamperIRQHandler                        build/debug/stm32f1xx_hal_rtc_ex.o
HAL_RTC_AlarmAEventCallback                       build/debug/stm32f1xx_hal_rtc.o
HAL_RTC_AlarmIRQHandler                           build/debug/stm32f1xx_hal_rtc.o
HAL_RTC_DeInit                                    build/debug/stm32f1xx_hal_rtc.o
HAL_RTC_DeactivateAlarm                           build/debug/stm32f1xx_hal_rtc.o
HAL_RTC_GetAlarm                                  build/debug/stm32f1xx_hal_rtc.o
HAL_RTC_GetDate                                   build/debug/stm32f1xx_hal_rtc.o
HAL_RTC_GetState                                  build/debug/stm32f1xx_hal_rtc.o
HAL_RTC_GetTime                                   build/debug/stm32f1xx_hal_rtc.o
HAL_RTC_Init                                      build/debug/stm32f1xx_hal_rtc.o
                                                  build/debug/main.o
HAL_RTC_MspDeInit                                 build/debug/stm32f1xx_hal_msp.o
HAL_RTC_MspInit                                   build/debug/stm32f1xx_hal_msp.o
HAL_RTC_PollForAlarmAEvent                        build/debug/stm32f1xx_hal_rtc.o
HAL_RTC_SetAlarm                                  build/debug/stm32f1xx_hal_rtc.o
HAL_RTC_SetAlarm_IT                               build/debug/stm32f1xx_hal_rtc.o
HAL_RTC_SetDate                                   build/debug/stm32f1xx_hal_rtc.o
HAL_RTC_SetTime                                   build/debug/stm32f1xx_hal_rtc.o
HAL_RTC_WaitForSynchro                            build/debug/stm32f1xx_hal_rtc.o
HAL_ResumeTick                                    build/debug/stm32f1xx_hal.o
HAL_SYSTICK_CLKSourceConfig                       build/debug/stm32f1xx_hal_cortex.o
HAL_SYSTICK_Callback                              build/debug/stm32f1xx_hal_cortex.o
HAL_SYSTICK_Config                                build/debug/stm32f1xx_hal_cortex.o
                                                  build/debug/stm32f1xx_hal.o
HAL_SYSTICK_IRQHandler                            build/debug/stm32f1xx_hal_cortex.o
HAL_SetTickFreq                                   build/debug/stm32f1xx_hal.o
HAL_SuspendTick                                   build/debug/stm32f1xx_hal.o
HAL_TIMEx_BreakCallback                           build/debug/stm32f1xx_hal_tim_ex.o
                                                  build/debug/stm32f1xx_hal_tim.o
HAL_TIMEx_CommutCallback                          build/debug/stm32f1xx_hal_tim_ex.o
                                                  build/debug/stm32f1xx_hal_tim.o
HAL_TIMEx_CommutHalfCpltCallback                  build/debug/stm32f1xx_hal_tim_ex.o
HAL_TIMEx_ConfigBreakDeadTime                     build/debug/stm32f1xx_hal_tim_ex.o
                                                  build/debug/main.o
HAL_TIMEx_ConfigCommutEvent                       build/debug/stm32f1xx_hal_tim_ex.o
HAL_TIMEx_ConfigCommutEvent_DMA                   build/debug/stm32f1xx_hal_tim_ex.o
HAL_TIMEx_ConfigCommutEvent_IT                    build/debug/stm32f1xx_hal_tim_ex.o
HAL_TIMEx_GetChannelNState                        build/debug/stm32f1xx_hal_tim_ex.o
HAL_TIMEx_HallSensor_DeInit                       build/debug/stm32f1xx_hal_tim_ex.o
HAL_TIMEx_HallSensor_GetState                     build/debug/stm32f1xx_hal_tim_ex.o
HAL_TIMEx_HallSensor_Init                         build/debug/stm32f1xx_hal_tim_ex.o
HAL_TIMEx_HallSensor_MspDeInit                    build/debug/stm32f1xx_hal_tim_ex.o
HAL_TIMEx_HallSensor_MspInit                      build/debug/stm32f1xx_hal_tim_ex.o
HAL_TIMEx_HallSensor_Start                        build/debug/stm32f1xx_hal_tim_ex.o
HAL_TIMEx_HallSensor_Start_DMA                    build/debug/stm32f1xx_hal_tim_ex.o
HAL_TIMEx_HallSensor_Start_IT                     build/debug/stm32f1xx_hal_tim_ex.o
HAL_TIMEx_HallSensor_Stop                         build/debug/stm32f1xx_hal_tim_ex.o
HAL_TIMEx_HallSensor_Stop_DMA                     build/debug/stm32f1xx_hal_tim_ex.o
HAL_TIMEx_HallSensor_Stop_IT                      build/debug/stm32f1xx_hal_tim_ex.o
HAL_TIMEx_MasterConfigSynchronization             build/debug/stm32f1xx_hal_tim_ex.o
                                                  build/debug/main.o
HAL_TIMEx_OCN_Start                               build/debug/stm32f1xx_hal_tim_ex.o
HAL_TIMEx_OCN_Start_DMA                           build/debug/stm32f1xx_hal_tim_ex.o
HAL_TIMEx_OCN_Start_IT                            build/debug/stm32f1xx_hal_tim_ex.o
HAL_TIMEx_OCN_Stop                                build/debug/stm32f1xx_hal_tim_ex.o
HAL_TIMEx_OCN_Stop_DMA                            build/debug/stm32f1xx_hal_tim_ex.o
HAL_TIMEx_OCN_Stop_IT                             build/debug/stm32f1xx_hal_tim_ex.o
HAL_TIMEx_OnePulseN_Start                         build/debug/stm32f1xx_hal_tim_ex.o
HAL_TIMEx_OnePulseN_Start_IT                      build/debug/stm32f1xx_hal_tim_ex.o
HAL_TIMEx_OnePulseN_Stop                          build/debug/stm32f1xx_hal_tim_ex.o
HAL_TIMEx_OnePulseN_Stop_IT                       build/debug/stm32f1xx_hal_tim_ex.o
HAL_TIMEx_PWMN_Start                              build/debug/stm32f1xx_hal_tim_ex.o
HAL_TIMEx_PWMN_Start_DMA                          build/debug/stm32f1xx_hal_tim_ex.o
HAL_TIMEx_PWMN_Start_IT                           build/debug/stm32f1xx_hal_tim_ex.o
HAL_TIMEx_PWMN_Stop                               build/debug/stm32f1xx_hal_tim_ex.o
HAL_TIMEx_PWMN_Stop_DMA                           build/debug/stm32f1xx_hal_tim_ex.o
HAL_TIMEx_PWMN_Stop_IT                            build/debug/stm32f1xx_hal_tim_ex.o
HAL_TIMEx_RemapConfig                             build/debug/stm32f1xx_hal_tim_ex.o
HAL_TIM_Base_DeInit                               build/debug/stm32f1xx_hal_tim.o
HAL_TIM_Base_GetState                             build/debug/stm32f1xx_hal_tim.o
HAL_TIM_Base_Init                                 build/debug/stm32f1xx_hal_tim.o
                                                  build/debug/main.o
HAL_TIM_Base_MspDeInit                            build/debug/stm32f1xx_hal_msp.o
HAL_TIM_Base_MspInit                              build/debug/stm32f1xx_hal_msp.o
HAL_TIM_Base_Start                                build/debug/stm32f1xx_hal_tim.o
HAL_TIM_Base_Start_DMA                            build/debug/stm32f1xx_hal_tim.o
HAL_TIM_Base_Start_IT                             build/debug/stm32f1xx_hal_tim.o
                                                  build/debug/six_step.o
HAL_TIM_Base_Stop                                 build/debug/stm32f1xx_hal_tim.o
HAL_TIM_Base_Stop_DMA                             build/debug/stm32f1xx_hal_tim.o
HAL_TIM_Base_Stop_IT                              build/debug/stm32f1xx_hal_tim.o
HAL_TIM_ConfigClockSource                         build/debug/stm32f1xx_hal_tim.o
                                                  build/debug/main.o
HAL_TIM_ConfigOCrefClear                          build/debug/stm32f1xx_hal_tim.o
HAL_TIM_ConfigTI1Input                            build/debug/stm32f1xx_hal_tim.o
HAL_TIM_DMABurstState                             build/debug/stm32f1xx_hal_tim.o
HAL_TIM_DMABurst_MultiReadStart                   build/debug/stm32f1xx_hal_tim.o
HAL_TIM_DMABurst_MultiWriteStart                  build/debug/stm32f1xx_hal_tim.o
HAL_TIM_DMABurst_ReadStart                        build/debug/stm32f1xx_hal_tim.o
HAL_TIM_DMABurst_ReadStop                         build/debug/stm32f1xx_hal_tim.o
HAL_TIM_DMABurst_WriteStart                       build/debug/stm32f1xx_hal_tim.o
HAL_TIM_DMABurst_WriteStop                        build/debug/stm32f1xx_hal_tim.o
HAL_TIM_Encoder_DeInit                            build/debug/stm32f1xx_hal_tim.o
HAL_TIM_Encoder_GetState                          build/debug/stm32f1xx_hal_tim.o
HAL_TIM_Encoder_Init                              build/debug/stm32f1xx_hal_tim.o
HAL_TIM_Encoder_MspDeInit                         build/debug/stm32f1xx_hal_tim.o
HAL_TIM_Encoder_MspInit                           build/debug/stm32f1xx_hal_tim.o
HAL_TIM_Encoder_Start                             build/debug/stm32f1xx_hal_tim.o
HAL_TIM_Encoder_Start_DMA                         build/debug/stm32f1xx_hal_tim.o
HAL_TIM_Encoder_Start_IT                          build/debug/stm32f1xx_hal_tim.o
HAL_TIM_Encoder_Stop                              build/debug/stm32f1xx_hal_tim.o
HAL_TIM_Encoder_Stop_DMA                          build/debug/stm32f1xx_hal_tim.o
HAL_TIM_Encoder_Stop_IT                           build/debug/stm32f1xx_hal_tim.o
HAL_TIM_ErrorCallback                             build/debug/stm32f1xx_hal_tim.o
                                                  build/debug/stm32f1xx_hal_tim_ex.o
HAL_TIM_GenerateEvent                             build/debug/stm32f1xx_hal_tim.o
HAL_TIM_GetActiveChannel                          build/debug/stm32f1xx_hal_tim.o
HAL_TIM_GetChannelState                           build/debug/stm32f1xx_hal_tim.o
HAL_TIM_IC_CaptureCallback                        build/debug/stm32f1xx_hal_tim.o
HAL_TIM_IC_CaptureHalfCpltCallback                build/debug/stm32f1xx_hal_tim.o
HAL_TIM_IC_ConfigChannel                          build/debug/stm32f1xx_hal_tim.o
HAL_TIM_IC_DeInit                                 build/debug/stm32f1xx_hal_tim.o
HAL_TIM_IC_GetState                               build/debug/stm32f1xx_hal_tim.o
HAL_TIM_IC_Init                                   build/debug/stm32f1xx_hal_tim.o
HAL_TIM_IC_MspDeInit                              build/debug/stm32f1xx_hal_tim.o
HAL_TIM_IC_MspInit                                build/debug/stm32f1xx_hal_tim.o
HAL_TIM_IC_Start                                  build/debug/stm32f1xx_hal_tim.o
HAL_TIM_IC_Start_DMA                              build/debug/stm32f1xx_hal_tim.o
HAL_TIM_IC_Start_IT                               build/debug/stm32f1xx_hal_tim.o
HAL_TIM_IC_Stop                                   build/debug/stm32f1xx_hal_tim.o
HAL_TIM_IC_Stop_DMA                               build/debug/stm32f1xx_hal_tim.o
HAL_TIM_IC_Stop_IT                                build/debug/stm32f1xx_hal_tim.o
HAL_TIM_IRQHandler                                build/debug/stm32f1xx_hal_tim.o
                                                  build/debug/stm32f1xx_it.o
HAL_TIM_MspPostInit                               build/debug/stm32f1xx_hal_msp.o
                                                  build/debug/main.o
HAL_TIM_OC_ConfigChannel                          build/debug/stm32f1xx_hal_tim.o
HAL_TIM_OC_DeInit                                 build/debug/stm32f1xx_hal_tim.o
HAL_TIM_OC_DelayElapsedCallback                   build/debug/stm32f1xx_hal_tim.o
HAL_TIM_OC_GetState                               build/debug/stm32f1xx_hal_tim.o
HAL_TIM_OC_Init                                   build/debug/stm32f1xx_hal_tim.o
HAL_TIM_OC_MspDeInit                              build/debug/stm32f1xx_hal_tim.o
HAL_TIM_OC_MspInit                                build/debug/stm32f1xx_hal_tim.o
HAL_TIM_OC_Start                                  build/debug/stm32f1xx_hal_tim.o
HAL_TIM_OC_Start_DMA                              build/debug/stm32f1xx_hal_tim.o
HAL_TIM_OC_Start_IT                               build/debug/stm32f1xx_hal_tim.o
HAL_TIM_OC_Stop                                   build/debug/stm32f1xx_hal_tim.o
HAL_TIM_OC_Stop_DMA                               build/debug/stm32f1xx_hal_tim.o
HAL_TIM_OC_Stop_IT                                build/debug/stm32f1xx_hal_tim.o
HAL_TIM_OnePulse_ConfigChannel                    build/debug/stm32f1xx_hal_tim.o
HAL_TIM_OnePulse_DeInit                           build/debug/stm32f1xx_hal_tim.o
HAL_TIM_OnePulse_GetState                         build/debug/stm32f1xx_hal_tim.o
HAL_TIM_OnePulse_Init                             build/debug/stm32f1xx_hal_tim.o
HAL_TIM_OnePulse_MspDeInit                        build/debug/stm32f1xx_hal_tim.o
HAL_TIM_OnePulse_MspInit                          build/debug/stm32f1xx_hal_tim.o
HAL_TIM_OnePulse_Start                            build/debug/stm32f1xx_hal_tim.o
HAL_TIM_OnePulse_Start_IT                         build/debug/stm32f1xx_hal_tim.o
HAL_TIM_OnePulse_Stop                             build/debug/stm32f1xx_hal_tim.o
HAL_TIM_OnePulse_Stop_IT                          build/debug/stm32f1xx_hal_tim.o
HAL_TIM_PWM_ConfigChannel                         build/debug/stm32f1xx_hal_tim.o
                                                  build/debug/main.o
HAL_TIM_PWM_DeInit                                build/debug/stm32f1xx_hal_tim.o
HAL_TIM_PWM_GetState                              build/debug/stm32f1xx_hal_tim.o
HAL_TIM_PWM_Init                                  build/debug/stm32f1xx_hal_tim.o
                                                  build/debug/main.o
HAL_TIM_PWM_MspDeInit                             build/debug/stm32f1xx_hal_tim.o
HAL_TIM_PWM_MspInit                               build/debug/stm32f1xx_hal_tim.o
HAL_TIM_PWM_PulseFinishedCallback                 build/debug/stm32f1xx_hal_tim.o
                                                  build/debug/stm32f1xx_hal_tim_ex.o
HAL_TIM_PWM_PulseFinishedHalfCpltCallback         build/debug/stm32f1xx_hal_tim.o
HAL_TIM_PWM_Start                                 build/debug/stm32f1xx_hal_tim.o
                                                  build/debug/six_step.o
HAL_TIM_PWM_Start_DMA                             build/debug/stm32f1xx_hal_tim.o
HAL_TIM_PWM_Start_IT                              build/debug/stm32f1xx_hal_tim.o
HAL_TIM_PWM_Stop                                  build/debug/stm32f1xx_hal_tim.o
                                                  build/debug/six_step.o
HAL_TIM_PWM_Stop_DMA                              build/debug/stm32f1xx_hal_tim.o
HAL_TIM_PWM_Stop_IT                               build/debug/stm32f1xx_hal_tim.o
HAL_TIM_PeriodElapsedCallback                     build/debug/main.o
HAL_TIM_PeriodElapsedHalfCpltCallback             build/debug/stm32f1xx_hal_tim.o
HAL_TIM_ReadCapturedValue                         build/debug/stm32f1xx_hal_tim.o
HAL_TIM_SlaveConfigSynchro                        build/debug/stm32f1xx_hal_tim.o
HAL_TIM_SlaveConfigSynchro_IT                     build/debug/stm32f1xx_hal_tim.o
HAL_TIM_TriggerCallback                           build/debug/stm32f1xx_hal_tim.o
HAL_TIM_TriggerHalfCpltCallback                   build/debug/stm32f1xx_hal_tim.o
HardFault_Handler                                 build/debug/stm32f1xx_it.o
I2C1_ER_IRQHandler                                build/debug/startup_stm32f103xb.o
I2C1_EV_IRQHandler                                build/debug/startup_stm32f103xb.o
I2C2_ER_IRQHandler                                build/debug/startup_stm32f103xb.o
I2C2_EV_IRQHandler                                build/debug/startup_stm32f103xb.o
MC_DisablePWM                                     build/debug/six_step.o
                                                  build/debug/main.o
MC_EnablePWM                                      build/debug/six_step.o
                                                  build/debug/main.o
MC_InitPWM                                        build/debug/six_step.o
                                                  build/debug/main.o
MC_LoadStep                                       build/debug/six_step.o
                                                  build/debug/main.o
MC_SetDuty                                        build/debug/six_step.o
                                                  build/debug/main.o
MemManage_Handler                                 build/debug/stm32f1xx_it.o
NMI_Handler                                       build/debug/stm32f1xx_it.o
PVD_IRQHandler                                    build/debug/startup_stm32f103xb.o
PendSV_Handler                                    build/debug/stm32f1xx_it.o
RCC_IRQHandler                                    build/debug/startup_stm32f103xb.o
RTC_Alarm_IRQHandler                              build/debug/startup_stm32f103xb.o
RTC_IRQHandler                                    build/debug/startup_stm32f103xb.o
Reset_Handler                                     build/debug/startup_stm32f103xb.o