Archive member included to satisfy reference by file (symbol)

C:/Program Files (x86)/Arm GNU Toolchain arm-none-eabi/14.2 rel1/bin/../lib/gcc/arm-none-eabi/14.2.1/thumb/v7-m/nofp\libc_nano.a(libc_a-exit.o)
                              C:/Program Files (x86)/Arm GNU Toolchain arm-none-eabi/14.2 rel1/bin/../lib/gcc/arm-none-eabi/14.2.1/thumb/v7-m/nofp/crt0.o (exit)
C:/Program Files (x86)/Arm GNU Toolchain arm-none-eabi/14.2 rel1/bin/../lib/gcc/arm-none-eabi/14.2.1/thumb/v7-m/nofp\libc_nano.a(libc_a-findfp.o)
                              C:/Program Files (x86)/Arm GNU Toolchain arm-none-eabi/14.2 rel1/bin/../lib/gcc/arm-none-eabi/14.2.1/thumb/v7-m/nofp\libc_nano.a(libc_a-exit.o) (__stdio_exit_handler)
C:/Program Files (x86)/Arm GNU Toolchain arm-none-eabi/14.2 rel1/bin/../lib/gcc/arm-none-eabi/14.2.1/thumb/v7-m/nofp\libc_nano.a(libc_a-fwalk.o)
                              C:/Program Files (x86)/Arm GNU Toolchain arm-none-eabi/14.2 rel1/bin/../lib/gcc/arm-none-eabi/14.2.1/thumb/v7-m/nofp\libc_nano.a(libc_a-findfp.o) (_fwalk_sglue)
C:/Program Files (x86)/Arm GNU Toolchain arm-none-eabi/14.2 rel1/bin/../lib/gcc/arm-none-eabi/14.2.1/thumb/v7-m/nofp\libc_nano.a(libc_a-stdio.o)
                              C:/Program Files (x86)/Arm GNU Toolchain arm-none-eabi/14.2 rel1/bin/../lib/gcc/arm-none-eabi/14.2.1/thumb/v7-m/nofp\libc_nano.a(libc_a-findfp.o) (__sread)
C:/Program Files (x86)/Arm GNU Toolchain arm-none-eabi/14.2 rel1/bin/../lib/gcc/arm-none-eabi/14.2.1/thumb/v7-m/nofp\libc_nano.a(libc_a-memset.o)
                              C:/Program Files (x86)/Arm GNU Toolchain arm-none-eabi/14.2 rel1/bin/../lib/gcc/arm-none-eabi/14.2.1/thumb/v7-m/nofp/crt0.o (memset)
C:/Program Files (x86)/Arm GNU Toolchain arm-none-eabi/14.2 rel1/bin/../lib/gcc/arm-none-eabi/14.2.1/thumb/v7-m/nofp\libc_nano.a(libc_a-closer.o)
                              C:/Program Files (x86)/Arm GNU Toolchain arm-none-eabi/14.2 rel1/bin/../lib/gcc/arm-none-eabi/14.2.1/thumb/v7-m/nofp\libc_nano.a(libc_a-stdio.o) (_close_r)
C:/Program Files (x86)/Arm GNU Toolchain arm-none-eabi/14.2 rel1/bin/../lib/gcc/arm-none-eabi/14.2.1/thumb/v7-m/nofp\libc_nano.a(libc_a-reent.o)
                              C:/Program Files (x86)/Arm GNU Toolchain arm-none-eabi/14.2 rel1/bin/../lib/gcc/arm-none-eabi/14.2.1/thumb/v7-m/nofp\libc_nano.a(libc_a-closer.o) (errno)
C:/Program Files (x86)/Arm GNU Toolchain arm-none-eabi/14.2 rel1/bin/../lib/gcc/arm-none-eabi/14.2.1/thumb/v7-m/nofp\libc_nano.a(libc_a-impure.o)
                              C:/Program Files (x86)/Arm GNU Toolchain arm-none-eabi/14.2 rel1/bin/../lib/gcc/arm-none-eabi/14.2.1/thumb/v7-m/nofp\libc_nano.a(libc_a-reent.o) (_impure_ptr)
C:/Program Files (x86)/Arm GNU Toolchain arm-none-eabi/14.2 rel1/bin/../lib/gcc/arm-none-eabi/14.2.1/thumb/v7-m/nofp\libc_nano.a(libc_a-lseekr.o)
                              C:/Program Files (x86)/Arm GNU Toolchain arm-none-eabi/14.2 rel1/bin/../lib/gcc/arm-none-eabi/14.2.1/thumb/v7-m/nofp\libc_nano.a(libc_a-stdio.o) (_lseek_r)
C:/Program Files (x86)/Arm GNU Toolchain arm-none-eabi/14.2 rel1/bin/../lib/gcc/arm-none-eabi/14.2.1/thumb/v7-m/nofp\libc_nano.a(libc_a-readr.o)
                              C:/Program Files (x86)/Arm GNU Toolchain arm-none-eabi/14.2 rel1/bin/../lib/gcc/arm-none-eabi/14.2.1/thumb/v7-m/nofp\libc_nano.a(libc_a-stdio.o) (_read_r)
C:/Program Files (x86)/Arm GNU Toolchain arm-none-eabi/14.2 rel1/bin/../lib/gcc/arm-none-eabi/14.2.1/thumb/v7-m/nofp\libc_nano.a(libc_a-writer.o)
                              C:/Program Files (x86)/Arm GNU Toolchain arm-none-eabi/14.2 rel1/bin/../lib/gcc/arm-none-eabi/14.2.1/thumb/v7-m/nofp\libc_nano.a(libc_a-stdio.o) (_write_r)
C:/Program Files (x86)/Arm GNU Toolchain arm-none-eabi/14.2 rel1/bin/../lib/gcc/arm-none-eabi/14.2.1/thumb/v7-m/nofp\libc_nano.a(libc_a-errno.o)
                              build/debug/syscalls.o (__errno)
C:/Program Files (x86)/Arm GNU Toolchain arm-none-eabi/14.2 rel1/bin/../lib/gcc/arm-none-eabi/14.2.1/thumb/v7-m/nofp\libc_nano.a(libc_a-init.o)
                              C:/Program Files (x86)/Arm GNU Toolchain arm-none-eabi/14.2 rel1/bin/../lib/gcc/arm-none-eabi/14.2.1/thumb/v7-m/nofp/crt0.o (__libc_init_array)
C:/Program Files (x86)/Arm GNU Toolchain arm-none-eabi/14.2 rel1/bin/../lib/gcc/arm-none-eabi/14.2.1/thumb/v7-m/nofp\libc_nano.a(libc_a-lock.o)
                              C:/Program Files (x86)/Arm GNU Toolchain arm-none-eabi/14.2 rel1/bin/../lib/gcc/arm-none-eabi/14.2.1/thumb/v7-m/nofp\libc_nano.a(libc_a-findfp.o) (__retarget_lock_init_recursive)
C:/Program Files (x86)/Arm GNU Toolchain arm-none-eabi/14.2 rel1/bin/../lib/gcc/arm-none-eabi/14.2.1/thumb/v7-m/nofp\libc_nano.a(libc_a-freer.o)
                              C:/Program Files (x86)/Arm GNU Toolchain arm-none-eabi/14.2 rel1/bin/../lib/gcc/arm-none-eabi/14.2.1/thumb/v7-m/nofp\libc_nano.a(libc_a-reent.o) (_free_r)
[...]
Memory Configuration

Name             Origin             Length             Attributes
RAM              0x20000000         0x00005000         xrw
FLASH            0x08000000         0x00020000         xr
*default*        0x00000000         0xffffffff

Linker script and memory map

LOAD C:/Program Files (x86)/Arm GNU Toolchain arm-none-eabi/14.2 rel1/bin/../lib/gcc/arm-none-eabi/14.2.1/thumb/v7-m/nofp/crti.o
LOAD C:/Program Files (x86)/Arm GNU Toolchain arm-none-eabi/14.2 rel1/bin/../lib/gcc/arm-none-eabi/14.2.1/thumb/v7-m/nofp/crtbegin.o
LOAD C:/Program Files (x86)/Arm GNU Toolchain arm-none-eabi/14.2 rel1/bin/../lib/gcc/arm-none-eabi/14.2.1/thumb/v7-m/nofp/crt0.o
LOAD build/debug/main.o
LOAD build/debug/six_step.o
LOAD build/debug/stm32f1xx_hal.o
LOAD build/debug/stm32f1xx_hal_adc.o
LOAD build/debug/stm32f1xx_hal_adc_ex.o
LOAD build/debug/stm32f1xx_hal_cortex.o
LOAD build/debug/stm32f1xx_hal_dma.o
LOAD build/debug/stm32f1xx_hal_exti.o
LOAD build/debug/stm32f1xx_hal_flash.o
LOAD build/debug/stm32f1xx_hal_flash_ex.o
LOAD build/debug/stm32f1xx_hal_gpio.o
LOAD build/debug/stm32f1xx_hal_gpio_ex.o
LOAD build/debug/stm32f1xx_hal_iwdg.o
LOAD build/debug/stm32f1xx_hal_msp.o
LOAD build/debug/stm32f1xx_hal_pwr.o
LOAD build/debug/stm32f1xx_hal_rcc.o
LOAD build/debug/stm32f1xx_hal_rcc_ex.o
LOAD build/debug/stm32f1xx_hal_tim.o
LOAD build/debug/stm32f1xx_hal_tim_ex.o
LOAD build/debug/stm32f1xx_it.o
LOAD build/debug/syscalls.o
LOAD build/debug/sysmem.o
LOAD build/debug/system_stm32f1xx.o
LOAD build/debug/startup_stm32f103xb.o
LOAD C:/Program Files (x86)/Arm GNU Toolchain arm-none-eabi/14.2 rel1/bin/../lib/gcc/arm-none-eabi/14.2.1/thumb/v7-m/nofp\libc_nano.a
LOAD C:/Program Files (x86)/Arm GNU Toolchain arm-none-eabi/14.2 rel1/bin/../lib/gcc/arm-none-eabi/14.2.1/thumb/v7-m/nofp\libm.a
LOAD C:/Program Files (x86)/Arm GNU Toolchain arm-none-eabi/14.2 rel1/bin/../lib/gcc/arm-none-eabi/14.2.1/thumb/v7-m/nofp\libnosys.a
START GROUP
LOAD C:/Program Files (x86)/Arm GNU Toolchain arm-none-eabi/14.2 rel1/bin/../lib/gcc/arm-none-eabi/14.2.1/thumb/v7-m/nofp\libgcc.a
LOAD C:/Program Files (x86)/Arm GNU Toolchain arm-none-eabi/14.2 rel1/bin/../lib/gcc/arm-none-eabi/14.2.1/thumb/v7-m/nofp\libc_nano.a
END GROUP
START GROUP
LOAD C:/Program Files (x86)/Arm GNU Toolchain arm-none-eabi/14.2 rel1/bin/../lib/gcc/arm-none-eabi/14.2.1/thumb/v7-m/nofp\libgcc.a
LOAD C:/Program Files (x86)/Arm GNU Toolchain arm-none-eabi/14.2 rel1/bin/../lib/gcc/arm-none-eabi/14.2.1/thumb/v7-m/nofp\libc_nano.a
END GROUP
LOAD C:/Program Files (x86)/Arm GNU Toolchain arm-none-eabi/14.2 rel1/bin/../lib/gcc/arm-none-eabi/14.2.1/thumb/v7-m/nofp/crtend.o
LOAD C:/Program Files (x86)/Arm GNU Toolchain arm-none-eabi/14.2 rel1/bin/../lib/gcc/arm-none-eabi/14.2.1/thumb/v7-m/nofp/crtn.o
                0x20005000                        _estack = (ORIGIN (RAM) + LENGTH (RAM))
                0x00000200                        _Min_Heap_Size = 0x200
                0x00000400                        _Min_Stack_Size = 0x400

.isr_vector     0x08000000      0x10c
                0x08000000                        . = ALIGN (0x4)
 *(.isr_vector)
 .isr_vector    0x08000000      0x10c build/debug/startup_stm32f103xb.o
                0x08000000                g_pfnVectors
                0x0800010c                        . = ALIGN (0x4)

.text           0x0800010c     0x2d04
                0x0800010c                        . = ALIGN (0x4)
 *(.text)
 .text          0x0800010c      0x378 C:/Program Files (x86)/Arm GNU Toolchain arm-none-eabi/14.2 rel1/bin/../lib/gcc/arm-none-eabi/14.2.1/thumb/v7-m/nofp\libgcc.a(_arm_addsubdf3.o)
                0x0800010c                __aeabi_drsub
                0x08000114                __aeabi_dsub
                0x08000114                __subdf3
                0x08000118                __aeabi_dadd
                0x08000118                __adddf3
                0x08000390                __floatunsidf
                0x08000390                __aeabi_ui2d
                0x080003b0                __floatsidf
                0x080003b0                __aeabi_i2d
                0x080003d4                __aeabi_f2d
                0x080003d4                __extendsfdf2
                0x08000418                __floatundidf
                0x08000418                __aeabi_ul2d
                0x08000428                __floatdidf
                0x08000428                __aeabi_l2d
 .text          0x08000484      0x110 C:/Program Files (x86)/Arm GNU Toolchain arm-none-eabi/14.2 rel1/bin/../lib/gcc/arm-none-eabi/14.2.1/thumb/v7-m/nofp\libgcc.a(_arm_cmpdf2.o)
                0x08000484                __gtdf2
                0x08000484                __gedf2
                0x0800048c                __ltdf2
                0x0800048c                __ledf2
                0x08000494                __nedf2
                0x08000494                __eqdf2
                0x08000494                __cmpdf2
                0x08000510                __aeabi_cdrcmple
                0x08000520                __aeabi_cdcmpeq
                0x08000520                __aeabi_cdcmple
                0x08000530                __aeabi_dcmpeq
                0x08000544                __aeabi_dcmplt
                0x08000558                __aeabi_dcmple
                0x0800056c                __aeabi_dcmpge
                0x08000580                __aeabi_dcmpgt
 *(.text*)
 .text.deregister_tm_clones
                0x08000594       0x1c C:/Program Files (x86)/Arm GNU Toolchain arm-none-eabi/14.2 rel1/bin/../lib/gcc/arm-none-eabi/14.2.1/thumb/v7-m/nofp/crtbegin.o
 .text.register_tm_clones
                0x080005b0       0x24 C:/Program Files (x86)/Arm GNU Toolchain arm-none-eabi/14.2 rel1/bin/../lib/gcc/arm-none-eabi/14.2.1/thumb/v7-m/nofp/crtbegin.o
 .text.__do_global_dtors_aux
                0x080005d4       0x28 C:/Program Files (x86)/Arm GNU Toolchain arm-none-eabi/14.2 rel1/bin/../lib/gcc/arm-none-eabi/14.2.1/thumb/v7-m/nofp/crtbegin.o
 .text.frame_dummy
                0x080005fc       0x24 C:/Program Files (x86)/Arm GNU Toolchain arm-none-eabi/14.2 rel1/bin/../lib/gcc/arm-none-eabi/14.2.1/thumb/v7-m/nofp/crtbegin.o
 .text.MX_GPIO_Init
                0x08000620       0xa4 build/debug/main.o
 .text.MX_DMA_Init
                0x080006c4       0x34 build/debug/main.o
 .text.map      0x080006f8       0x18 build/debug/main.o
                0x080006f8                map
 .text.HAL_TIM_PeriodElapsedCallback
                0x08000710      0x128 build/debug/main.o
                0x08000710                HAL_TIM_PeriodElapsedCallback
 .text.Error_Handler
                0x08000838        0x4 build/debug/main.o
                0x08000838                Error_Handler
 .text.MX_ADC1_Init
                0x0800083c       0x54 build/debug/main.o
 .text.MX_TIM1_Init
                0x08000890       0xfc build/debug/main.o
 .text.MX_IWDG_Init
                0x0800098c       0x24 build/debug/main.o
 .text.SystemClock_Config
                0x080009b0       0x86 build/debug/main.o
                0x080009b0                SystemClock_Config
 *fill*         0x08000a36        0x2 
 .text.main     0x08000a38       0x6c build/debug/main.o
                0x08000a38                main
 .text.MC_DisablePWM
                0x08000aa4       0x24 build/debug/six_step.o
                0x08000aa4                MC_DisablePWM
 .text.MC_EnablePWM
                0x08000ac8       0x24 build/debug/six_step.o
                0x08000ac8                MC_EnablePWM
 .text.MC_InitPWM
                0x08000aec       0x38 build/debug/six_step.o
                0x08000aec                MC_InitPWM
 .text.MC_LoadStep
                0x08000b24      0x19c build/debug/six_step.o
                0x08000b24                MC_LoadStep
 .text.MC_SetDuty
                0x08000cc0       0x10 build/debug/six_step.o
                0x08000cc0                MC_SetDuty
 .text.HAL_InitTick
                0x08000cd0       0x4c build/debug/stm32f1xx_hal.o
                0x08000cd0                HAL_InitTick
 .text.HAL_Init
                0x08000d1c       0x24 build/debug/stm32f1xx_hal.o
                0x08000d1c                HAL_Init
 .text.HAL_IncTick
                0x08000d40       0x18 build/debug/stm32f1xx_hal.o
                0x08000d40                HAL_IncTick
 .text.HAL_GetTick
                0x08000d58        0xc build/debug/stm32f1xx_hal.o
                0x08000d58                HAL_GetTick
 .text.HAL_ADC_ConvCpltCallback
                0x08000d64        0x2 build/debug/stm32f1xx_hal_adc.o
                0x08000d64                HAL_ADC_ConvCpltCallback
 .text.ADC_DMAConvCplt
                0x08000d66       0x52 build/debug/stm32f1xx_hal_adc.o
                0x08000d66                ADC_DMAConvCplt
 .text.HAL_ADC_ConvHalfCpltCallback
                0x08000db8        0x2 build/debug/stm32f1xx_hal_adc.o
                0x08000db8                HAL_ADC_ConvHalfCpltCallback
 .text.ADC_DMAHalfConvCplt
                0x08000dba        0xa build/debug/stm32f1xx_hal_adc.o
                0x08000dba                ADC_DMAHalfConvCplt
 .text.HAL_ADC_LevelOutOfWindowCallback
                0x08000dc4        0x2 build/debug/stm32f1xx_hal_adc.o
                0x08000dc4                HAL_ADC_LevelOutOfWindowCallback
 .text.HAL_ADC_IRQHandler
                0x08000dc6      0x102 build/debug/stm32f1xx_hal_adc.o
                0x08000dc6                HAL_ADC_IRQHandler
 .text.HAL_ADC_ErrorCallback
                0x08000ec8        0x2 build/debug/stm32f1xx_hal_adc.o
                0x08000ec8                HAL_ADC_ErrorCallback
 .text.ADC_DMAError
                0x08000eca       0x1a build/debug/stm32f1xx_hal_adc.o
                0x08000eca                ADC_DMAError
 .text.HAL_ADC_ConfigChannel
                0x08000ee4      0x140 build/debug/stm32f1xx_hal_adc.o
                0x08000ee4                HAL_ADC_ConfigChannel
 .text.ADC_Enable
                0x08001024       0x88 build/debug/stm32f1xx_hal_adc.o
                0x08001024                ADC_Enable
 .text.HAL_ADC_Start_DMA
                0x080010ac      0x130 build/debug/stm32f1xx_hal_adc.o
                0x080010ac                HAL_ADC_Start_DMA
 .text.ADC_ConversionStop_Disable
                0x080011dc       0x56 build/debug/stm32f1xx_hal_adc.o
                0x080011dc                ADC_ConversionStop_Disable
 *fill*         0x08001232        0x2 
 .text.HAL_ADC_Init
                0x08001234      0x108 build/debug/stm32f1xx_hal_adc.o
                0x08001234                HAL_ADC_Init
 .text.HAL_ADC_Stop
                0x0800133c       0x34 build/debug/stm32f1xx_hal_adc.o
                0x0800133c                HAL_ADC_Stop
 .text.HAL_ADCEx_Calibration_Start
                0x08001370      0x100 build/debug/stm32f1xx_hal_adc_ex.o
                0x08001370                HAL_ADCEx_Calibration_Start
 .text.HAL_ADCEx_InjectedConvCpltCallback
                0x08001470        0x2 build/debug/stm32f1xx_hal_adc_ex.o
                0x08001470                HAL_ADCEx_InjectedConvCpltCallback
 *fill*         0x08001472        0x2 
 .text.__NVIC_SetPriority
                0x08001474       0x28 build/debug/stm32f1xx_hal_cortex.o
 .text.NVIC_EncodePriority
                0x0800149c       0x3e build/debug/stm32f1xx_hal_cortex.o
 *fill*         0x080014da        0x2 
 .text.HAL_NVIC_SetPriorityGrouping
                0x080014dc       0x24 build/debug/stm32f1xx_hal_cortex.o
                0x080014dc                HAL_NVIC_SetPriorityGrouping
 .text.HAL_NVIC_SetPriority
                0x08001500       0x20 build/debug/stm32f1xx_hal_cortex.o
                0x08001500                HAL_NVIC_SetPriority
 .text.HAL_NVIC_EnableIRQ
                0x08001520       0x1c build/debug/stm32f1xx_hal_cortex.o
                0x08001520                HAL_NVIC_EnableIRQ
 .text.HAL_SYSTICK_Config
                0x0800153c       0x28 build/debug/stm32f1xx_hal_cortex.o
                0x0800153c                HAL_SYSTICK_Config
 .text.DMA_SetConfig
                0x08001564       0x2c build/debug/stm32f1xx_hal_dma.o
 .text.HAL_DMA_Init
                0x08001590       0x68 build/debug/stm32f1xx_hal_dma.o
                0x08001590                HAL_DMA_Init
 .text.HAL_DMA_Start_IT
                0x080015f8       0x74 build/debug/stm32f1xx_hal_dma.o
                0x080015f8                HAL_DMA_Start_IT
 .text.HAL_DMA_IRQHandler
                0x0800166c      0x144 build/debug/stm32f1xx_hal_dma.o
                0x0800166c                HAL_DMA_IRQHandler
 .text.HAL_GPIO_Init
                0x080017b0      0x214 build/debug/stm32f1xx_hal_gpio.o
                0x080017b0                HAL_GPIO_Init
 .text.HAL_GPIO_ReadPin
                0x080019c4        0xe build/debug/stm32f1xx_hal_gpio.o
                0x080019c4                HAL_GPIO_ReadPin
 .text.HAL_GPIO_WritePin
                0x080019d2        0xc build/debug/stm32f1xx_hal_gpio.o
                0x080019d2                HAL_GPIO_WritePin
 .text.HAL_GPIO_TogglePin
                0x080019de       0x12 build/debug/stm32f1xx_hal_gpio.o
                0x080019de                HAL_GPIO_TogglePin
 .text.HAL_IWDG_Init
                0x080019f0       0x5c build/debug/stm32f1xx_hal_iwdg.o
                0x080019f0                HAL_IWDG_Init
 .text.HAL_IWDG_Refresh
                0x08001a4c        0xc build/debug/stm32f1xx_hal_iwdg.o
                0x08001a4c                HAL_IWDG_Refresh
 .text.HAL_MspInit
                0x08001a58       0x44 build/debug/stm32f1xx_hal_msp.o
                0x08001a58                HAL_MspInit
 .text.HAL_ADC_MspInit
                0x08001a9c       0xa8 build/debug/stm32f1xx_hal_msp.o
                0x08001a9c                HAL_ADC_MspInit
 .text.HAL_TIM_Base_MspInit
                0x08001b44       0x60 build/debug/stm32f1xx_hal_msp.o
                0x08001b44                HAL_TIM_Base_MspInit
 .text.HAL_TIM_MspPostInit
                0x08001ba4       0x50 build/debug/stm32f1xx_hal_msp.o
                0x08001ba4                HAL_TIM_MspPostInit
 .text.RCC_Delay
                0x08001bf4       0x2c build/debug/stm32f1xx_hal_rcc.o
 .text.HAL_RCC_OscConfig
                0x08001c20      0x410 build/debug/stm32f1xx_hal_rcc.o
                0x08001c20                HAL_RCC_OscConfig
 .text.HAL_RCC_GetSysClockFreq
                0x08002030       0x54 build/debug/stm32f1xx_hal_rcc.o
                0x08002030                HAL_RCC_GetSysClockFreq
 .text.HAL_RCC_ClockConfig
                0x08002084      0x16c build/debug/stm32f1xx_hal_rcc.o
                0x08002084                HAL_RCC_ClockConfig
 .text.HAL_RCC_GetHCLKFreq
                0x080021f0        0xc build/debug/stm32f1xx_hal_rcc.o
                0x080021f0                HAL_RCC_GetHCLKFreq
 .text.HAL_RCC_GetPCLK2Freq
                0x080021fc       0x20 build/debug/stm32f1xx_hal_rcc.o
                0x080021fc                HAL_RCC_GetPCLK2Freq
 .text.HAL_RCCEx_PeriphCLKConfig
                0x0800221c      0x118 build/debug/stm32f1xx_hal_rcc_ex.o
                0x0800221c                HAL_RCCEx_PeriphCLKConfig
 .text.HAL_RCCEx_GetPeriphCLKFreq
                0x08002334       0xd8 build/debug/stm32f1xx_hal_rcc_ex.o
                0x08002334                HAL_RCCEx_GetPeriphCLKFreq
 .text.TIM_OC1_SetConfig
                0x0800240c       0x54 build/debug/stm32f1xx_hal_tim.o
 .text.TIM_OC3_SetConfig
                0x08002460       0x5c build/debug/stm32f1xx_hal_tim.o
 .text.TIM_OC4_SetConfig
                0x080024bc       0x48 build/debug/stm32f1xx_hal_tim.o
 .text.TIM_TI1_ConfigInputStage
                0x08002504       0x24 build/debug/stm32f1xx_hal_tim.o
 .text.TIM_TI2_ConfigInputStage
                0x08002528       0x26 build/debug/stm32f1xx_hal_tim.o
 .text.TIM_ITRx_SetConfig
                0x0800254e       0x10 build/debug/stm32f1xx_hal_tim.o
 *fill*         0x0800255e        0x2 
 .text.HAL_TIM_Base_Start_IT
                0x08002560       0x64 build/debug/stm32f1xx_hal_tim.o
                0x08002560                HAL_TIM_Base_Start_IT
 .text.HAL_TIM_PWM_MspInit
                0x080025c4        0x2 build/debug/stm32f1xx_hal_tim.o
                0x080025c4                HAL_TIM_PWM_MspInit
 .text.HAL_TIM_OC_DelayElapsedCallback
                0x080025c6        0x2 build/debug/stm32f1xx_hal_tim.o
                0x080025c6                HAL_TIM_OC_DelayElapsedCallback
 .text.HAL_TIM_IC_CaptureCallback
                0x080025c8        0x2 build/debug/stm32f1xx_hal_tim.o
                0x080025c8                HAL_TIM_IC_CaptureCallback
 .text.HAL_TIM_PWM_PulseFinishedCallback
                0x080025ca        0x2 build/debug/stm32f1xx_hal_tim.o
                0x080025ca                HAL_TIM_PWM_PulseFinishedCallback
 .text.HAL_TIM_TriggerCallback
                0x080025cc        0x2 build/debug/stm32f1xx_hal_tim.o
                0x080025cc                HAL_TIM_TriggerCallback
 .text.HAL_TIM_IRQHandler
                0x080025ce      0x15e build/debug/stm32f1xx_hal_tim.o
                0x080025ce                HAL_TIM_IRQHandler
 .text.TIM_Base_SetConfig
                0x0800272c       0x84 build/debug/stm32f1xx_hal_tim.o
                0x0800272c                TIM_Base_SetConfig
 .text.HAL_TIM_Base_Init
                0x080027b0       0x58 build/debug/stm32f1xx_hal_tim.o
                0x080027b0                HAL_TIM_Base_Init
 .text.HAL_TIM_PWM_Init
                0x08002808       0x58 build/debug/stm32f1xx_hal_tim.o
                0x08002808                HAL_TIM_PWM_Init
 .text.TIM_OC2_SetConfig
                0x08002860       0x5c build/debug/stm32f1xx_hal_tim.o
                0x08002860                TIM_OC2_SetConfig
 .text.HAL_TIM_PWM_ConfigChannel
                0x080028bc       0xdc build/debug/stm32f1xx_hal_tim.o
                0x080028bc                HAL_TIM_PWM_ConfigChannel
 .text.TIM_ETR_SetConfig
                0x08002998       0x18 build/debug/stm32f1xx_hal_tim.o
                0x08002998                TIM_ETR_SetConfig
 .text.HAL_TIM_ConfigClockSource
                0x080029b0       0xfe build/debug/stm32f1xx_hal_tim.o
                0x080029b0                HAL_TIM_ConfigClockSource
 .text.TIM_CCxChannelCmd
                0x08002aae       0x1e build/debug/stm32f1xx_hal_tim.o
                0x08002aae                TIM_CCxChannelCmd
 .text.HAL_TIM_PWM_Start
                0x08002acc       0xd4 build/debug/stm32f1xx_hal_tim.o
                0x08002acc                HAL_TIM_PWM_Start
 .text.HAL_TIM_PWM_Stop
                0x08002ba0       0x84 build/debug/stm32f1xx_hal_tim.o
                0x08002ba0                HAL_TIM_PWM_Stop
 .text.HAL_TIMEx_MasterConfigSynchronization
                0x08002c24       0x6c build/debug/stm32f1xx_hal_tim_ex.o
                0x08002c24                HAL_TIMEx_MasterConfigSynchronization
 .text.HAL_TIMEx_ConfigBreakDeadTime
                0x08002c90       0x52 build/debug/stm32f1xx_hal_tim_ex.o
                0x08002c90                HAL_TIMEx_ConfigBreakDeadTime
 .text.HAL_TIMEx_CommutCallback
                0x08002ce2        0x2 build/debug/stm32f1xx_hal_tim_ex.o
                0x08002ce2                HAL_TIMEx_CommutCallback
 .text.HAL_TIMEx_BreakCallback
                0x08002ce4        0x2 build/debug/stm32f1xx_hal_tim_ex.o
                0x08002ce4                HAL_TIMEx_BreakCallback
 .text.NMI_Handler
                0x08002ce6        0x2 build/debug/stm32f1xx_it.o
                0x08002ce6                NMI_Handler
 .text.HardFault_Handler
                0x08002ce8        0x2 build/debug/stm32f1xx_it.o
                0x08002ce8                HardFault_Handler
 .text.MemManage_Handler
                0x08002cea        0x2 build/debug/stm32f1xx_it.o
                0x08002cea                MemManage_Handler
 .text.BusFault_Handler
                0x08002cec        0x2 build/debug/stm32f1xx_it.o
                0x08002cec                BusFault_Handler
 .text.UsageFault_Handler
                0x08002cee        0x2 build/debug/stm32f1xx_it.o
                0x08002cee                UsageFault_Handler
 .text.SVC_Handler
                0x08002cf0        0x2 build/debug/stm32f1xx_it.o
                0x08002cf0                SVC_Handler
 .text.DebugMon_Handler
                0x08002cf2        0x2 build/debug/stm32f1xx_it.o
                0x08002cf2                DebugMon_Handler
 .text.PendSV_Handler
                0x08002cf4        0x2 build/debug/stm32f1xx_it.o
                0x08002cf4                PendSV_Handler
 .text.SysTick_Handler
                0x08002cf6        0x8 build/debug/stm32f1xx_it.o
                0x08002cf6                SysTick_Handler
 *fill*         0x08002cfe        0x2 
 .text.DMA1_Channel1_IRQHandler
                0x08002d00       0x10 build/debug/stm32f1xx_it.o
                0x08002d00                DMA1_Channel1_IRQHandler
 .text.ADC1_2_IRQHandler
                0x08002d10       0x10 build/debug/stm32f1xx_it.o
                0x08002d10                ADC1_2_IRQHandler
 .text.TIM1_BRK_IRQHandler
                0x08002d20       0x10 build/debug/stm32f1xx_it.o
                0x08002d20                TIM1_BRK_IRQHandler
 .text.TIM1_UP_IRQHandler
                0x08002d30       0x10 build/debug/stm32f1xx_it.o
                0x08002d30                TIM1_UP_IRQHandler
 .text.TIM1_TRG_COM_IRQHandler
                0x08002d40       0x10 build/debug/stm32f1xx_it.o
                0x08002d40                TIM1_TRG_COM_IRQHandler
 .text.SystemInit
                0x08002d50        0x2 build/debug/system_stm32f1xx.o
                0x08002d50                SystemInit
 *fill*         0x08002d52        0x2 
 .text.Reset_Handler
                0x08002d54       0x48 build/debug/startup_stm32f103xb.o
                0x08002d54                Reset_Handler
 .text.Default_Handler
                0x08002d9c        0x2 build/debug/startup_stm32f103xb.o
                0x08002d9c                RTC_Alarm_IRQHandler
                0x08002d9c                EXTI2_IRQHandler
                0x08002d9c                TIM1_CC_IRQHandler
                0x08002d9c                PVD_IRQHandler
                0x08002d9c                EXTI3_IRQHandler
                0x08002d9c                EXTI0_IRQHandler
                0x08002d9c                I2C2_EV_IRQHandler
                0x08002d9c                SPI1_IRQHandler
                0x08002d9c                TAMPER_IRQHandler
                0x08002d9c                DMA1_Channel4_IRQHandler
                0x08002d9c                USART3_IRQHandler
                0x08002d9c                RTC_IRQHandler
                0x08002d9c                DMA1_Channel7_IRQHandler
                0x08002d9c                CAN1_RX1_IRQHandler
                0x08002d9c                TIM4_IRQHandler
                0x08002d9c                I2C1_EV_IRQHandler
                0x08002d9c                DMA1_Channel6_IRQHandler
                0x08002d9c                TIM3_IRQHandler
                0x08002d9c                RCC_IRQHandler
                0x08002d9c                Default_Handler
                0x08002d9c                EXTI15_10_IRQHandler
                0x08002d9c                EXTI9_5_IRQHandler
                0x08002d9c                SPI2_IRQHandler
                0x08002d9c                DMA1_Channel5_IRQHandler
                0x08002d9c                EXTI4_IRQHandler
                0x08002d9c                USB_LP_CAN1_RX0_IRQHandler
                0x08002d9c                USB_HP_CAN1_TX_IRQHandler
                0x08002d9c                DMA1_Channel3_IRQHandler
                0x08002d9c                WWDG_IRQHandler
                0x08002d9c                TIM2_IRQHandler
                0x08002d9c                EXTI1_IRQHandler
                0x08002d9c                USART2_IRQHandler
                0x08002d9c                I2C2_ER_IRQHandler
                0x08002d9c                DMA1_Channel2_IRQHandler
                0x08002d9c                CAN1_SCE_IRQHandler
                0x08002d9c                FLASH_IRQHandler
                0x08002d9c                USART1_IRQHandler
                0x08002d9c                I2C1_ER_IRQHandler
                0x08002d9c                USBWakeUp_IRQHandler
 .text.memset   0x08002d9e       0x10 C:/Program Files (x86)/Arm GNU Toolchain arm-none-eabi/14.2 rel1/bin/../lib/gcc/arm-none-eabi/14.2.1/thumb/v7-m/nofp\libc_nano.a(libc_a-memset.o)
                0x08002d9e                memset
 *fill*         0x08002dae        0x2 
 .text.__libc_init_array
                0x08002db0       0x48 C:/Program Files (x86)/Arm GNU Toolchain arm-none-eabi/14.2 rel1/bin/../lib/gcc/arm-none-eabi/14.2.1/thumb/v7-m/nofp\libc_nano.a(libc_a-init.o)
                0x08002db0                __libc_init_array
 *(.glue_7)
 .glue_7        0x08002df8        0x0 linker stubs
 *(.glue_7t)
 .glue_7t       0x08002df8        0x0 linker stubs
 *(.eh_frame)
 .eh_frame      0x08002df8        0x0 C:/Program Files (x86)/Arm GNU Toolchain arm-none-eabi/14.2 rel1/bin/../lib/gcc/arm-none-eabi/14.2.1/thumb/v7-m/nofp/crtbegin.o
 *(.init)
 .init          0x08002df8        0x4 C:/Program Files (x86)/Arm GNU Toolchain arm-none-eabi/14.2 rel1/bin/../lib/gcc/arm-none-eabi/14.2.1/thumb/v7-m/nofp/crti.o
                0x08002df8                _init
 .init          0x08002dfc        0x8 C:/Program Files (x86)/Arm GNU Toolchain arm-none-eabi/14.2 rel1/bin/../lib/gcc/arm-none-eabi/14.2.1/thumb/v7-m/nofp/crtn.o
 *(.fini)
 .fini          0x08002e04        0x4 C:/Program Files (x86)/Arm GNU Toolchain arm-none-eabi/14.2 rel1/bin/../lib/gcc/arm-none-eabi/14.2.1/thumb/v7-m/nofp/crti.o
                0x08002e04                _fini
 .fini          0x08002e08        0x8 C:/Program Files (x86)/Arm GNU Toolchain arm-none-eabi/14.2 rel1/bin/../lib/gcc/arm-none-eabi/14.2.1/thumb/v7-m/nofp/crtn.o
                0x08002e10                        . = ALIGN (0x4)
                0x08002e10                        _etext = .

.vfp11_veneer   0x08002e10        0x0
 .vfp11_veneer  0x08002e10        0x0 linker stubs

.v4_bx          0x08002e10        0x0
 .v4_bx         0x08002e10        0x0 linker stubs

.iplt           0x08002e10        0x0
 .iplt          0x08002e10        0x0 C:/Program Files (x86)/Arm GNU Toolchain arm-none-eabi/14.2 rel1/bin/../lib/gcc/arm-none-eabi/14.2.1/thumb/v7-m/nofp/crtbegin.o

.rodata         0x08002e10       0x40
                0x08002e10                        . = ALIGN (0x4)
 *(.rodata)
 *(.rodata*)
 .rodata.aPredivFactorTable.0
                0x08002e10        0x2 build/debug/stm32f1xx_hal_rcc.o
 *fill*         0x08002e12        0x2 
 .rodata.aPLLMULFactorTable.1
                0x08002e14       0x10 build/debug/stm32f1xx_hal_rcc.o
 .rodata.aPredivFactorTable.0
                0x08002e24        0x2 build/debug/stm32f1xx_hal_rcc_ex.o
 *fill*         0x08002e26        0x2 
 .rodata.aPLLMULFactorTable.1
                0x08002e28       0x10 build/debug/stm32f1xx_hal_rcc_ex.o
 .rodata.APBPrescTable
                0x08002e38        0x8 build/debug/system_stm32f1xx.o
                0x08002e38                APBPrescTable
 .rodata.AHBPrescTable
                0x08002e40       0x10 build/debug/system_stm32f1xx.o
                0x08002e40                AHBPrescTable
                0x08002e50                        . = ALIGN (0x4)

.ARM.extab      0x08002e50        0x0
                0x08002e50                        . = ALIGN (0x4)
 *(.ARM.extab* .gnu.linkonce.armextab.*)
                0x08002e50                        . = ALIGN (0x4)

.ARM            0x08002e50        0x0
                0x08002e50                        . = ALIGN (0x4)
                0x08002e50                        __exidx_start = .
 *(.ARM.exidx*)
                0x08002e50                        __exidx_end = .
                0x08002e50                        . = ALIGN (0x4)

.preinit_array  0x08002e50        0x0
                0x08002e50                        . = ALIGN (0x4)
                0x08002e50                        PROVIDE (__preinit_array_start = .)
 *(.preinit_array*)
                0x08002e50                        PROVIDE (__preinit_array_end = .)
                0x08002e50                        . = ALIGN (0x4)

.init_array     0x08002e50        0x4
                0x08002e50                        . = ALIGN (0x4)
                0x08002e50                        PROVIDE (__init_array_start = .)
 *(SORT_BY_NAME(.init_array.*))
 *(.init_array*)
 .init_array    0x08002e50        0x4 C:/Program Files (x86)/Arm GNU Toolchain arm-none-eabi/14.2 rel1/bin/../lib/gcc/arm-none-eabi/14.2.1/thumb/v7-m/nofp/crtbegin.o
                0x08002e54                        PROVIDE (__init_array_end = .)
                0x08002e54                        . = ALIGN (0x4)

.fini_array     0x08002e54        0x4
                0x08002e54                        . = ALIGN (0x4)
                [!provide]                        PROVIDE (__fini_array_start = .)
 *(SORT_BY_NAME(.fini_array.*))
 *(.fini_array*)
 .fini_array    0x08002e54        0x4 C:/Program Files (x86)/Arm GNU Toolchain arm-none-eabi/14.2 rel1/bin/../lib/gcc/arm-none-eabi/14.2.1/thumb/v7-m/nofp/crtbegin.o
                [!provide]                        PROVIDE (__fini_array_end = .)
                0x08002e58                        . = ALIGN (0x4)
                0x08002e58                        _sidata = LOADADDR (.data)

.rel.dyn        0x08002e58        0x0
 .rel.iplt      0x08002e58        0x0 C:/Program Files (x86)/Arm GNU Toolchain arm-none-eabi/14.2 rel1/bin/../lib/gcc/arm-none-eabi/14.2.1/thumb/v7-m/nofp/crtbegin.o

.data           0x20000000       0x14 load address 0x08002e58
                0x20000000                        . = ALIGN (0x4)
                0x20000000                        _sdata = .
 *(.data)
 *(.data*)
 .data.gase_max_pos
                0x20000000        0x4 build/debug/main.o
                0x20000000                gase_max_pos
 .data.gase_zero_pos
                0x20000004        0x4 build/debug/main.o
                0x20000004                gase_zero_pos
 .data.uwTickFreq
                0x20000008        0x1 build/debug/stm32f1xx_hal.o
                0x20000008                uwTickFreq
 *fill*         0x20000009        0x3 
 .data.uwTickPrio
                0x2000000c        0x4 build/debug/stm32f1xx_hal.o
                0x2000000c                uwTickPrio
 .data.SystemCoreClock
                0x20000010        0x4 build/debug/system_stm32f1xx.o
                0x20000010                SystemCoreClock
 *(.RamFunc)
 *(.RamFunc*)
                0x20000014                        . = ALIGN (0x4)
                0x20000014                        _edata = .

.tm_clone_table
                0x20000014        0x0 load address 0x08002e6c
 .tm_clone_table
                0x20000014        0x0 C:/Program Files (x86)/Arm GNU Toolchain arm-none-eabi/14.2 rel1/bin/../lib/gcc/arm-none-eabi/14.2.1/thumb/v7-m/nofp/crtbegin.o
 .tm_clone_table
                0x20000014        0x0 C:/Program Files (x86)/Arm GNU Toolchain arm-none-eabi/14.2 rel1/bin/../lib/gcc/arm-none-eabi/14.2.1/thumb/v7-m/nofp/crtend.o

.igot.plt       0x20000014        0x0 load address 0x08002e6c
 .igot.plt      0x20000014        0x0 C:/Program Files (x86)/Arm GNU Toolchain arm-none-eabi/14.2 rel1/bin/../lib/gcc/arm-none-eabi/14.2.1/thumb/v7-m/nofp/crtbegin.o
                0x20000014                        . = ALIGN (0x4)

.bss            0x20000014       0xf4 load address 0x08002e6c
                0x20000014                        _sbss = .
                0x20000014                        __bss_start__ = _sbss
 *(.bss)
 *(.bss*)
 .bss.completed.1
                0x20000014        0x1 C:/Program Files (x86)/Arm GNU Toolchain arm-none-eabi/14.2 rel1/bin/../lib/gcc/arm-none-eabi/14.2.1/thumb/v7-m/nofp/crtbegin.o
 *fill*         0x20000015        0x3 
 .bss.object.0  0x20000018       0x18 C:/Program Files (x86)/Arm GNU Toolchain arm-none-eabi/14.2 rel1/bin/../lib/gcc/arm-none-eabi/14.2.1/thumb/v7-m/nofp/crtbegin.o
 .bss.target_duty
                0x20000030        0x2 build/debug/main.o
                0x20000030                target_duty
 .bss.adc_value
                0x20000032        0x2 build/debug/main.o
                0x20000032                adc_value
 .bss.hall_value
                0x20000034        0x1 build/debug/main.o
                0x20000034                hall_value
 *fill*         0x20000035        0x1 
 .bss.duty_dt   0x20000036        0x2 build/debug/main.o
                0x20000036                duty_dt
 .bss.duty      0x20000038        0x2 build/debug/main.o
                0x20000038                duty
 *fill*         0x2000003a        0x2 
 .bss.htim1     0x2000003c       0x48 build/debug/main.o
                0x2000003c                htim1
 .bss.hiwdg     0x20000084        0xc build/debug/main.o
                0x20000084                hiwdg
 .bss.hdma_adc1
                0x20000090       0x44 build/debug/main.o
                0x20000090                hdma_adc1
 .bss.hadc1     0x200000d4       0x30 build/debug/main.o
                0x200000d4                hadc1
 .bss.uwTick    0x20000104        0x4 build/debug/stm32f1xx_hal.o
                0x20000104                uwTick
 *(COMMON)
                0x20000108                        . = ALIGN (0x4)
                0x20000108                        _ebss = .
                0x20000108                        __bss_end__ = _ebss

._user_heap_stack
                0x20000108      0x600 load address 0x08002e6c
                0x20000108                        . = ALIGN (0x8)
                [!provide]                        PROVIDE (end = .)
                0x20000108                        PROVIDE (_end = .)
                0x20000308                        . = (. + _Min_Heap_Size)
 *fill*         0x20000108      0x200 
                0x20000708                        . = (. + _Min_Stack_Size)
 *fill*         0x20000308      0x400 
                0x20000708                        . = ALIGN (0x8)

/DISCARD/
 libc.a(*)
 libm.a(*)
 libgcc.a(*)
OUTPUT(build/debug/motorConrtol2.elf elf32-littlearm)
LOAD linker stubs
LOAD C:/Program Files (x86)/Arm GNU Toolchain arm-none-eabi/14.2 rel1/bin/../lib/gcc/arm-none-eabi/14.2.1/thumb/v7-m/nofp\libc.a
LOAD C:/Program Files (x86)/Arm GNU Toolchain arm-none-eabi/14.2 rel1/bin/../lib/gcc/arm-none-eabi/14.2.1/thumb/v7-m/nofp\libm.a
LOAD C:/Program Files (x86)/Arm GNU Toolchain arm-none-eabi/14.2 rel1/bin/../lib/gcc/arm-none-eabi/14.2.1/thumb/v7-m/nofp\libgcc.a

.ARM.attributes
                0x00000000       0x29
 .ARM.attributes
                0x00000000       0x1d C:/Program Files (x86)/Arm GNU Toolchain arm-none-eabi/14.2 rel1/bin/../lib/gcc/arm-none-eabi/14.2.1/thumb/v7-m/nofp/crti.o
 .ARM.attributes
                0x0000001d       0x2d C:/Program Files (x86)/Arm GNU Toolchain arm-none-eabi/14.2 rel1/bin/../lib/gcc/arm-none-eabi/14.2.1/thumb/v7-m/nofp/crtbegin.o
 .ARM.attributes
                0x0000004a       0x2d build/debug/main.o
 .ARM.attributes
                0x00000077       0x2d build/debug/six_step.o
 .ARM.attributes
                0x000000a4       0x2d build/debug/stm32f1xx_hal.o
 .ARM.attributes
                0x000000d1       0x2d build/debug/stm32f1xx_hal_adc.o
 .ARM.attributes
                0x000000fe       0x2d build/debug/stm32f1xx_hal_adc_ex.o
 .ARM.attributes
                0x0000012b       0x2d build/debug/stm32f1xx_hal_cortex.o
 .ARM.attributes
                0x00000158       0x2d build/debug/stm32f1xx_hal_dma.o
 .ARM.attributes
                0x00000185       0x2d build/debug/stm32f1xx_hal_gpio.o
 .ARM.attributes
                0x000001b2       0x2d build/debug/stm32f1xx_hal_iwdg.o
 .ARM.attributes
                0x000001df       0x2d build/debug/stm32f1xx_hal_msp.o
 .ARM.attributes
                0x0000020c       0x2d build/debug/stm32f1xx_hal_rcc.o
 .ARM.attributes
                0x00000239       0x2d build/debug/stm32f1xx_hal_rcc_ex.o
 .ARM.attributes
                0x00000266       0x2d build/debug/stm32f1xx_hal_tim.o
 .ARM.attributes
                0x00000293       0x2d build/debug/stm32f1xx_hal_tim_ex.o
 .ARM.attributes
                0x000002c0       0x2d build/debug/stm32f1xx_it.o
 .ARM.attributes
                0x000002ed       0x2d build/debug/system_stm32f1xx.o
 .ARM.attributes
                0x0000031a       0x21 build/debug/startup_stm32f103xb.o
 .ARM.attributes
                0x0000033b       0x2d C:/Program Files (x86)/Arm GNU Toolchain arm-none-eabi/14.2 rel1/bin/../lib/gcc/arm-none-eabi/14.2.1/thumb/v7-m/nofp\libc_nano.a(libc_a-memset.o)
 .ARM.attributes
                0x00000368       0x2d C:/Program Files (x86)/Arm GNU Toolchain arm-none-eabi/14.2 rel1/bin/../lib/gcc/arm-none-eabi/14.2.1/thumb/v7-m/nofp\libc_nano.a(libc_a-init.o)
 .ARM.attributes
                0x00000395       0x1d C:/Program Files (x86)/Arm GNU Toolchain arm-none-eabi/14.2 rel1/bin/../lib/gcc/arm-none-eabi/14.2.1/thumb/v7-m/nofp\libgcc.a(_arm_addsubdf3.o)
 .ARM.attributes
                0x000003b2       0x1d C:/Program Files (x86)/Arm GNU Toolchain arm-none-eabi/14.2 rel1/bin/../lib/gcc/arm-none-eabi/14.2.1/thumb/v7-m/nofp\libgcc.a(_arm_cmpdf2.o)
 .ARM.attributes
                0x000003cf       0x2d C:/Program Files (x86)/Arm GNU Toolchain arm-none-eabi/14.2 rel1/bin/../lib/gcc/arm-none-eabi/14.2.1/thumb/v7-m/nofp/crtend.o
 .ARM.attributes
                0x000003fc       0x1d C:/Program Files (x86)/Arm GNU Toolchain arm-none-eabi/14.2 rel1/bin/../lib/gcc/arm-none-eabi/14.2.1/thumb/v7-m/nofp/crtn.o

.comment        0x00000000       0x45
 .comment       0x00000000       0x45 build/debug/main.o
                                 0x46 (size before relaxing)
 .comment       0x00000045       0x46 build/debug/six_step.o
 .comment       0x00000045       0x46 build/debug/stm32f1xx_hal.o
 .comment       0x00000045       0x46 build/debug/stm32f1xx_hal_adc.o
 .comment       0x00000045       0x46 build/debug/stm32f1xx_hal_adc_ex.o
 .comment       0x00000045       0x46 build/debug/stm32f1xx_hal_cortex.o
 .comment       0x00000045       0x46 build/debug/stm32f1xx_hal_dma.o
 .comment       0x00000045       0x46 build/debug/stm32f1xx_hal_gpio.o
 .comment       0x00000045       0x46 build/debug/stm32f1xx_hal_iwdg.o
 .comment       0x00000045       0x46 build/debug/stm32f1xx_hal_msp.o
 .comment       0x00000045       0x46 build/debug/stm32f1xx_hal_rcc.o
 .comment       0x00000045       0x46 build/debug/stm32f1xx_hal_rcc_ex.o
 .comment       0x00000045       0x46 build/debug/stm32f1xx_hal_tim.o
 .comment       0x00000045       0x46 build/debug/stm32f1xx_hal_tim_ex.o
 .comment       0x00000045       0x46 build/debug/stm32f1xx_it.o
 .comment       0x00000045       0x46 build/debug/system_stm32f1xx.o

.debug_info     0x00000000     0xe66f
 .debug_info    0x00000000     0x1ab5 build/debug/main.o
 .debug_info    0x00001ab5      0xca8 build/debug/six_step.o
 .debug_info    0x0000275d      0x7a2 build/debug/stm32f1xx_hal.o
 .debug_info    0x00002eff      0xed9 build/debug/stm32f1xx_hal_adc.o
 .debug_info    0x00003dd8      0xc3a build/debug/stm32f1xx_hal_adc_ex.o
 .debug_info    0x00004a12      0xcd9 build/debug/stm32f1xx_hal_cortex.o
 .debug_info    0x000056eb      0x7f2 build/debug/stm32f1xx_hal_dma.o
 .debug_info    0x00005edd      0x604 build/debug/stm32f1xx_hal_gpio.o
 .debug_info    0x000064e1      0x1f6 build/debug/stm32f1xx_hal_iwdg.o
 .debug_info    0x000066d7      0xf2c build/debug/stm32f1xx_hal_msp.o
 .debug_info    0x00007603      0x9c7 build/debug/stm32f1xx_hal_rcc.o
 .debug_info    0x00007fca      0x420 build/debug/stm32f1xx_hal_rcc_ex.o
 .debug_info    0x000083ea     0x3c0f build/debug/stm32f1xx_hal_tim.o
 .debug_info    0x0000bff9     0x1a9e build/debug/stm32f1xx_hal_tim_ex.o
 .debug_info    0x0000da97      0x97b build/debug/stm32f1xx_it.o
 .debug_info    0x0000e412      0x22d build/debug/system_stm32f1xx.o
 .debug_info    0x0000e63f       0x30 build/debug/startup_stm32f103xb.o

.debug_abbrev   0x00000000     0x2408
 .debug_abbrev  0x00000000      0x372 build/debug/main.o
 .debug_abbrev  0x00000372      0x1d7 build/debug/six_step.o
 .debug_abbrev  0x00000549      0x22d build/debug/stm32f1xx_hal.o
 .debug_abbrev  0x00000776      0x252 build/debug/stm32f1xx_hal_adc.o
 .debug_abbrev  0x000009c8      0x287 build/debug/stm32f1xx_hal_adc_ex.o
 .debug_abbrev  0x00000c4f      0x36d build/debug/stm32f1xx_hal_cortex.o
 .debug_abbrev  0x00000fbc      0x244 build/debug/stm32f1xx_hal_dma.o
 .debug_abbrev  0x00001200      0x1f7 build/debug/stm32f1xx_hal_gpio.o
 .debug_abbrev  0x000013f7      0x139 build/debug/stm32f1xx_hal_iwdg.o
 .debug_abbrev  0x00001530      0x250 build/debug/stm32f1xx_hal_msp.o
 .debug_abbrev  0x00001780      0x2a0 build/debug/stm32f1xx_hal_rcc.o
 .debug_abbrev  0x00001a20      0x1d8 build/debug/stm32f1xx_hal_rcc_ex.o
 .debug_abbrev  0x00001bf8      0x270 build/debug/stm32f1xx_hal_tim.o
 .debug_abbrev  0x00001e68      0x26e build/debug/stm32f1xx_hal_tim_ex.o
 .debug_abbrev  0x000020d6      0x1cb build/debug/stm32f1xx_it.o
 .debug_abbrev  0x000022a1      0x143 build/debug/system_stm32f1xx.o
 .debug_abbrev  0x000023e4       0x24 build/debug/startup_stm32f103xb.o

.debug_loclists
                0x00000000     0x7181
 .debug_loclists
                0x00000000       0xbc build/debug/main.o
 .debug_loclists
                0x000000bc       0x33 build/debug/six_step.o
 .debug_loclists
                0x000000ef       0xe1 build/debug/stm32f1xx_hal.o
 .debug_loclists
                0x000001d0      0x7c5 build/debug/stm32f1xx_hal_adc.o
 .debug_loclists
                0x00000995      0x5b1 build/debug/stm32f1xx_hal_adc_ex.o
 .debug_loclists
                0x00000f46      0x530 build/debug/stm32f1xx_hal_cortex.o
 .debug_loclists
                0x00001476      0x562 build/debug/stm32f1xx_hal_dma.o
 .debug_loclists
                0x000019d8      0x300 build/debug/stm32f1xx_hal_gpio.o
 .debug_loclists
                0x00001cd8       0x68 build/debug/stm32f1xx_hal_iwdg.o
 .debug_loclists
                0x00001d40       0xec build/debug/stm32f1xx_hal_msp.o
 .debug_loclists
                0x00001e2c      0x42e build/debug/stm32f1xx_hal_rcc.o
 .debug_loclists
                0x0000225a      0x2ca build/debug/stm32f1xx_hal_rcc_ex.o
 .debug_loclists
                0x00002524     0x37f3 build/debug/stm32f1xx_hal_tim.o
 .debug_loclists
                0x00005d17     0x13b3 build/debug/stm32f1xx_hal_tim_ex.o
 .debug_loclists
                0x000070ca       0xb7 build/debug/system_stm32f1xx.o

.debug_aranges  0x00000000      0xbd0
 .debug_aranges
                0x00000000       0x68 build/debug/main.o
 .debug_aranges
                0x00000068       0x40 build/debug/six_step.o
 .debug_aranges
                0x000000a8       0xe0 build/debug/stm32f1xx_hal.o
 .debug_aranges
                0x00000188       0xf0 build/debug/stm32f1xx_hal_adc.o
 .debug_aranges
                0x00000278       0x80 build/debug/stm32f1xx_hal_adc_ex.o
 .debug_aranges
                0x000002f8       0xc0 build/debug/stm32f1xx_hal_cortex.o
 .debug_aranges
                0x000003b8       0x80 build/debug/stm32f1xx_hal_dma.o
 .debug_aranges
                0x00000438       0x58 build/debug/stm32f1xx_hal_gpio.o
 .debug_aranges
                0x00000490       0x28 build/debug/stm32f1xx_hal_iwdg.o
 .debug_aranges
                0x000004b8       0x48 build/debug/stm32f1xx_hal_msp.o
 .debug_aranges
                0x00000500       0x90 build/debug/stm32f1xx_hal_rcc.o
 .debug_aranges
                0x00000590       0x30 build/debug/stm32f1xx_hal_rcc_ex.o
 .debug_aranges
                0x000005c0      0x3d0 build/debug/stm32f1xx_hal_tim.o
 .debug_aranges
                0x00000990      0x168 build/debug/stm32f1xx_hal_tim_ex.o
 .debug_aranges
                0x00000af8       0x88 build/debug/stm32f1xx_it.o
 .debug_aranges
                0x00000b80       0x28 build/debug/system_stm32f1xx.o
 .debug_aranges
                0x00000ba8       0x28 build/debug/startup_stm32f103xb.o

.debug_rnglists
                0x00000000      0x90e
 .debug_rnglists
                0x00000000       0x59 build/debug/main.o
 .debug_rnglists
                0x00000059       0x2c build/debug/six_step.o
 .debug_rnglists
                0x00000085       0xa3 build/debug/stm32f1xx_hal.o
 .debug_rnglists
                0x00000128       0xb8 build/debug/stm32f1xx_hal_adc.o
 .debug_rnglists
                0x000001e0       0x62 build/debug/stm32f1xx_hal_adc_ex.o
 .debug_rnglists
                0x00000242       0x8b build/debug/stm32f1xx_hal_cortex.o
 .debug_rnglists
                0x000002cd       0x5e build/debug/stm32f1xx_hal_dma.o
 .debug_rnglists
                0x0000032b       0x3f build/debug/stm32f1xx_hal_gpio.o
 .debug_rnglists
                0x0000036a       0x19 build/debug/stm32f1xx_hal_iwdg.o
 .debug_rnglists
                0x00000383       0x32 build/debug/stm32f1xx_hal_msp.o
 .debug_rnglists
                0x000003b5       0x7d build/debug/stm32f1xx_hal_rcc.o
 .debug_rnglists
                0x00000432       0x2f build/debug/stm32f1xx_hal_rcc_ex.o
 .debug_rnglists
                0x00000461      0x2ff build/debug/stm32f1xx_hal_tim.o
 .debug_rnglists
                0x00000760      0x11a build/debug/stm32f1xx_hal_tim_ex.o
 .debug_rnglists
                0x0000087a       0x61 build/debug/stm32f1xx_it.o
 .debug_rnglists
                0x000008db       0x1a build/debug/system_stm32f1xx.o
 .debug_rnglists
                0x000008f5       0x19 build/debug/startup_stm32f103xb.o

.debug_line     0x00000000     0xbddb
 .debug_line    0x00000000      0x82f build/debug/main.o
 .debug_line    0x0000082f      0x2bb build/debug/six_step.o
 .debug_line    0x00000aea      0x52e build/debug/stm32f1xx_hal.o
 .debug_line    0x00001018      0xe64 build/debug/stm32f1xx_hal_adc.o
 .debug_line    0x00001e7c      0xb2c build/debug/stm32f1xx_hal_adc_ex.o
 .debug_line    0x000029a8      0x6a7 build/debug/stm32f1xx_hal_cortex.o
 .debug_line    0x0000304f      0xade build/debug/stm32f1xx_hal_dma.o
 .debug_line    0x00003b2d      0x5c9 build/debug/stm32f1xx_hal_gpio.o
 .debug_line    0x000040f6      0x281 build/debug/stm32f1xx_hal_iwdg.o
 .debug_line    0x00004377      0x3eb build/debug/stm32f1xx_hal_msp.o
 .debug_line    0x00004762      0xcb8 build/debug/stm32f1xx_hal_rcc.o
 .debug_line    0x0000541a      0x4a9 build/debug/stm32f1xx_hal_rcc_ex.o
 .debug_line    0x000058c3     0x45a4 build/debug/stm32f1xx_hal_tim.o
 .debug_line    0x00009e67     0x1980 build/debug/stm32f1xx_hal_tim_ex.o
 .debug_line    0x0000b7e7      0x33b build/debug/stm32f1xx_it.o
 .debug_line    0x0000bb22      0x245 build/debug/system_stm32f1xx.o
 .debug_line    0x0000bd67       0x74 build/debug/startup_stm32f103xb.o

.debug_str      0x00000000     0x385d
 .debug_str     0x00000000     0x385d build/debug/main.o
                               0x1301 (size before relaxing)
 .debug_str     0x0000385d      0x758 build/debug/six_step.o
 .debug_str     0x0000385d      0x800 build/debug/stm32f1xx_hal.o
 .debug_str     0x0000385d      0x8ac build/debug/stm32f1xx_hal_adc.o
 .debug_str     0x0000385d      0x88f build/debug/stm32f1xx_hal_adc_ex.o
 .debug_str     0x0000385d      0x8a5 build/debug/stm32f1xx_hal_cortex.o
 .debug_str     0x0000385d      0x5cf build/debug/stm32f1xx_hal_dma.o
 .debug_str     0x0000385d      0x3d2 build/debug/stm32f1xx_hal_gpio.o
 .debug_str     0x0000385d      0x24d build/debug/stm32f1xx_hal_iwdg.o
 .debug_str     0x0000385d      0xc44 build/debug/stm32f1xx_hal_msp.o
 .debug_str     0x0000385d      0x5fd build/debug/stm32f1xx_hal_rcc.o
 .debug_str     0x0000385d      0x3a5 build/debug/stm32f1xx_hal_rcc_ex.o
 .debug_str     0x0000385d     0x1657 build/debug/stm32f1xx_hal_tim.o
 .debug_str     0x0000385d      0xe63 build/debug/stm32f1xx_hal_tim_ex.o
 .debug_str     0x0000385d      0x8a2 build/debug/stm32f1xx_it.o
 .debug_str     0x0000385d      0x226 build/debug/system_stm32f1xx.o
 .debug_str     0x0000385d       0x59 build/debug/startup_stm32f103xb.o

.debug_frame    0x00000000     0x20c0
 .debug_frame   0x00000000      0x130 build/debug/main.o
 .debug_frame   0x00000130       0x84 build/debug/six_step.o
 .debug_frame   0x000001b4      0x1cc build/debug/stm32f1xx_hal.o
 .debug_frame   0x00000380      0x2c8 build/debug/stm32f1xx_hal_adc.o
 .debug_frame   0x00000648      0x19c build/debug/stm32f1xx_hal_adc_ex.o
 .debug_frame   0x000007e4      0x19c build/debug/stm32f1xx_hal_cortex.o
 .debug_frame   0x00000980      0x144 build/debug/stm32f1xx_hal_dma.o
 .debug_frame   0x00000ac4       0xe4 build/debug/stm32f1xx_hal_gpio.o
 .debug_frame   0x00000ba8       0x44 build/debug/stm32f1xx_hal_iwdg.o
 .debug_frame   0x00000bec       0xb4 build/debug/stm32f1xx_hal_msp.o
 .debug_frame   0x00000ca0      0x184 build/debug/stm32f1xx_hal_rcc.o
 .debug_frame   0x00000e24       0x60 build/debug/stm32f1xx_hal_rcc_ex.o
 .debug_frame   0x00000e84      0xb18 build/debug/stm32f1xx_hal_tim.o
 .debug_frame   0x0000199c      0x418 build/debug/stm32f1xx_hal_tim_ex.o
 .debug_frame   0x00001db4      0x120 build/debug/stm32f1xx_it.o
 .debug_frame   0x00001ed4       0x30 build/debug/system_stm32f1xx.o
 .debug_frame   0x00001f04       0x20 C:/Program Files (x86)/Arm GNU Toolchain arm-none-eabi/14.2 rel1/bin/../lib/gcc/arm-none-eabi/14.2.1/thumb/v7-m/nofp\libc_nano.a(libc_a-memset.o)
 .debug_frame   0x00001f24       0x2c C:/Program Files (x86)/Arm GNU Toolchain arm-none-eabi/14.2 rel1/bin/../lib/gcc/arm-none-eabi/14.2.1/thumb/v7-m/nofp\libc_nano.a(libc_a-init.o)
 .debug_frame   0x00001f50       0xac C:/Program Files (x86)/Arm GNU Toolchain arm-none-eabi/14.2 rel1/bin/../lib/gcc/arm-none-eabi/14.2.1/thumb/v7-m/nofp\libgcc.a(_arm_addsubdf3.o)
 .debug_frame   0x00001ffc       0xc4 C:/Program Files (x86)/Arm GNU Toolchain arm-none-eabi/14.2 rel1/bin/../lib/gcc/arm-none-eabi/14.2.1/thumb/v7-m/nofp\libgcc.a(_arm_cmpdf2.o)

.debug_line_str
                0x00000000      0x10b
 .debug_line_str
                0x00000000      0x10b build/debug/startup_stm32f103xb.o
                                 0x3d (size before relaxing)
 .debug_line_str
                0x0000010b       0xce C:/Program Files (x86)/Arm GNU Toolchain arm-none-eabi/14.2 rel1/bin/../lib/gcc/arm-none-eabi/14.2.1/thumb/v7-m/nofp\libgcc.a(_arm_addsubdf3.o)
 .debug_line_str
                0x0000010b       0xce C:/Program Files (x86)/Arm GNU Toolchain arm-none-eabi/14.2 rel1/bin/../lib/gcc/arm-none-eabi/14.2.1/thumb/v7-m/nofp\libgcc.a(_arm_cmpdf2.o)

Cross Reference Table

Symbol                                            File
ADC1_2_IRQHandler                                 build/debug/stm32f1xx_it.o
ADC_ConversionStop_Disable                        build/debug/stm32f1xx_hal_adc.o
                                                  build/debug/stm32f1xx_hal_adc_ex.o
ADC_DMAConvCplt                                   build/debug/stm32f1xx_hal_adc.o
                                                  build/debug/stm32f1xx_hal_adc_ex.o
ADC_DMAError                                      build/debug/stm32f1xx_hal_adc.o
                                                  build/debug/stm32f1xx_hal_adc_ex.o
ADC_DMAHalfConvCplt                               build/debug/stm32f1xx_hal_adc.o
                                                  build/debug/stm32f1xx_hal_adc_ex.o
ADC_Enable                                        build/debug/stm32f1xx_hal_adc.o
                                                  build/debug/stm32f1xx_hal_adc_ex.o
AHBPrescTable                                     build/debug/system_stm32f1xx.o
                                                  build/debug/stm32f1xx_hal_rcc.o
APBPrescTable                                     build/debug/system_stm32f1xx.o
                                                  build/debug/stm32f1xx_hal_rcc.o
BusFault_Handler                                  build/debug/stm32f1xx_it.o
CAN1_RX1_IRQHandler                               build/debug/startup_stm32f103xb.o
CAN1_SCE_IRQHandler                               build/debug/startup_stm32f103xb.o
DMA1_Channel1_IRQHandler                          build/debug/stm32f1xx_it.o
DMA1_Channel2_IRQHandler                          build/debug/startup_stm32f103xb.o
DMA1_Channel3_IRQHandler                          build/debug/startup_stm32f103xb.o
DMA1_Channel4_IRQHandler                          build/debug/startup_stm32f103xb.o
DMA1_Channel5_IRQHandler                          build/debug/startup_stm32f103xb.o
DMA1_Channel6_IRQHandler                          build/debug/startup_stm32f103xb.o
DMA1_Channel7_IRQHandler                          build/debug/startup_stm32f103xb.o
DebugMon_Handler                                  build/debug/stm32f1xx_it.o
Default_Handler                                   build/debug/startup_stm32f103xb.o
EXTI0_IRQHandler                                  build/debug/startup_stm32f103xb.o
EXTI15_10_IRQHandler                              build/debug/startup_stm32f103xb.o
EXTI1_IRQHandler                                  build/debug/startup_stm32f103xb.o
EXTI2_IRQHandler                                  build/debug/startup_stm32f103xb.o
EXTI3_IRQHandler                                  build/debug/startup_stm32f103xb.o
EXTI4_IRQHandler                                  build/debug/startup_stm32f103xb.o
EXTI9_5_IRQHandler                                build/debug/startup_stm32f103xb.o
Error_Handler                                     build/debug/main.o
                                                  build/debug/stm32f1xx_hal_msp.o
FLASH_IRQHandler                                  build/debug/startup_stm32f103xb.o
FLASH_PageErase                                   build/debug/stm32f1xx_hal_flash_ex.o
                                                  build/debug/stm32f1xx_hal_flash.o
FLASH_WaitForLastOperation                        build/debug/stm32f1xx_hal_flash.o
                                                  build/debug/stm32f1xx_hal_flash_ex.o
HAL_ADCEx_Calibration_Start                       build/debug/stm32f1xx_hal_adc_ex.o
                                                  build/debug/main.o
HAL_ADCEx_InjectedConfigChannel                   build/debug/stm32f1xx_hal_adc_ex.o
HAL_ADCEx_InjectedConvCpltCallback                build/debug/stm32f1xx_hal_adc_ex.o
                                                  build/debug/stm32f1xx_hal_adc.o
HAL_ADCEx_InjectedGetValue                        build/debug/stm32f1xx_hal_adc_ex.o
HAL_ADCEx_InjectedPollForConversion               build/debug/stm32f1xx_hal_adc_ex.o
HAL_ADCEx_InjectedStart                           build/debug/stm32f1xx_hal_adc_ex.o
HAL_ADCEx_InjectedStart_IT                        build/debug/stm32f1xx_hal_adc_ex.o
HAL_ADCEx_InjectedStop                            build/debug/stm32f1xx_hal_adc_ex.o
HAL_ADCEx_InjectedStop_IT                         build/debug/stm32f1xx_hal_adc_ex.o
HAL_ADCEx_MultiModeConfigChannel                  build/debug/stm32f1xx_hal_adc_ex.o
HAL_ADCEx_MultiModeGetValue                       build/debug/stm32f1xx_hal_adc_ex.o
HAL_ADCEx_MultiModeStart_DMA                      build/debug/stm32f1xx_hal_adc_ex.o
HAL_ADCEx_MultiModeStop_DMA                       build/debug/stm32f1xx_hal_adc_ex.o
HAL_ADC_AnalogWDGConfig                           build/debug/stm32f1xx_hal_adc.o
HAL_ADC_ConfigChannel                             build/debug/stm32f1xx_hal_adc.o
                                                  build/debug/main.o
HAL_ADC_ConvCpltCallback                          build/debug/stm32f1xx_hal_adc.o
HAL_ADC_ConvHalfCpltCallback                      build/debug/stm32f1xx_hal_adc.o
HAL_ADC_DeInit                                    build/debug/stm32f1xx_hal_adc.o
HAL_ADC_ErrorCallback                             build/debug/stm32f1xx_hal_adc.o
HAL_ADC_GetError                                  build/debug/stm32f1xx_hal_adc.o
HAL_ADC_GetState                                  build/debug/stm32f1xx_hal_adc.o
HAL_ADC_GetValue                                  build/debug/stm32f1xx_hal_adc.o
HAL_ADC_IRQHandler                                build/debug/stm32f1xx_hal_adc.o
                                                  build/debug/stm32f1xx_it.o
HAL_ADC_Init                                      build/debug/stm32f1xx_hal_adc.o
                                                  build/debug/main.o
HAL_ADC_LevelOutOfWindowCallback                  build/debug/stm32f1xx_hal_adc.o
HAL_ADC_MspDeInit                                 build/debug/stm32f1xx_hal_msp.o
                                                  build/debug/stm32f1xx_hal_adc.o
HAL_ADC_MspInit                                   build/debug/stm32f1xx_hal_msp.o
                                                  build/debug/stm32f1xx_hal_adc.o
HAL_ADC_PollForConversion                         build/debug/stm32f1xx_hal_adc.o
HAL_ADC_PollForEvent                              build/debug/stm32f1xx_hal_adc.o
HAL_ADC_Start                                     build/debug/stm32f1xx_hal_adc.o
HAL_ADC_Start_DMA                                 build/debug/stm32f1xx_hal_adc.o
                                                  build/debug/main.o
HAL_ADC_Start_IT                                  build/debug/stm32f1xx_hal_adc.o
HAL_ADC_Stop                                      build/debug/stm32f1xx_hal_adc.o
                                                  build/debug/main.o
HAL_ADC_Stop_DMA                                  build/debug/stm32f1xx_hal_adc.o
HAL_ADC_Stop_IT                                   build/debug/stm32f1xx_hal_adc.o
HAL_DBGMCU_DisableDBGSleepMode                    build/debug/stm32f1xx_hal.o
HAL_DBGMCU_DisableDBGStandbyMode                  build/debug/stm32f1xx_hal.o
HAL_DBGMCU_DisableDBGStopMode                     build/debug/stm32f1xx_hal.o
HAL_DBGMCU_EnableDBGSleepMode                     build/debug/stm32f1xx_hal.o
HAL_DBGMCU_EnableDBGStandbyMode                   build/debug/stm32f1xx_hal.o
HAL_DBGMCU_EnableDBGStopMode                      build/debug/stm32f1xx_hal.o
HAL_DMA_Abort                                     build/debug/stm32f1xx_hal_dma.o
                                                  build/debug/stm32f1xx_hal_adc_ex.o
                                                  build/debug/stm32f1xx_hal_adc.o
HAL_DMA_Abort_IT                                  build/debug/stm32f1xx_hal_dma.o
                                                  build/debug/stm32f1xx_hal_tim_ex.o
                                                  build/debug/stm32f1xx_hal_tim.o
HAL_DMA_DeInit                                    build/debug/stm32f1xx_hal_dma.o
                                                  build/debug/stm32f1xx_hal_msp.o
HAL_DMA_GetError                                  build/debug/stm32f1xx_hal_dma.o
HAL_DMA_GetState                                  build/debug/stm32f1xx_hal_dma.o
HAL_DMA_IRQHandler                                build/debug/stm32f1xx_hal_dma.o
                                                  build/debug/stm32f1xx_it.o
HAL_DMA_Init                                      build/debug/stm32f1xx_hal_dma.o
                                                  build/debug/stm32f1xx_hal_msp.o
HAL_DMA_PollForTransfer                           build/debug/stm32f1xx_hal_dma.o
HAL_DMA_RegisterCallback                          build/debug/stm32f1xx_hal_dma.o
HAL_DMA_Start                                     build/debug/stm32f1xx_hal_dma.o
HAL_DMA_Start_IT                                  build/debug/stm32f1xx_hal_dma.o
                                                  build/debug/stm32f1xx_hal_tim_ex.o
                                                  build/debug/stm32f1xx_hal_tim.o
                                                  build/debug/stm32f1xx_hal_adc_ex.o
                                                  build/debug/stm32f1xx_hal_adc.o
HAL_DMA_UnRegisterCallback                        build/debug/stm32f1xx_hal_dma.o
HAL_DeInit                                        build/debug/stm32f1xx_hal.o
HAL_Delay                                         build/debug/stm32f1xx_hal.o
HAL_EXTI_ClearConfigLine                          build/debug/stm32f1xx_hal_exti.o
HAL_EXTI_ClearPending                             build/debug/stm32f1xx_hal_exti.o
HAL_EXTI_GenerateSWI                              build/debug/stm32f1xx_hal_exti.o
HAL_EXTI_GetConfigLine                            build/debug/stm32f1xx_hal_exti.o
HAL_EXTI_GetHandle                                build/debug/stm32f1xx_hal_exti.o
HAL_EXTI_GetPending                               build/debug/stm32f1xx_hal_exti.o
HAL_EXTI_IRQHandler                               build/debug/stm32f1xx_hal_exti.o
HAL_EXTI_RegisterCallback                         build/debug/stm32f1xx_hal_exti.o
HAL_EXTI_SetConfigLine                            build/debug/stm32f1xx_hal_exti.o
HAL_FLASHEx_Erase                                 build/debug/stm32f1xx_hal_flash_ex.o
HAL_FLASHEx_Erase_IT                              build/debug/stm32f1xx_hal_flash_ex.o
HAL_FLASHEx_OBErase                               build/debug/stm32f1xx_hal_flash_ex.o
HAL_FLASHEx_OBGetConfig                           build/debug/stm32f1xx_hal_flash_ex.o
HAL_FLASHEx_OBGetUserData                         build/debug/stm32f1xx_hal_flash_ex.o
HAL_FLASHEx_OBProgram                             build/debug/stm32f1xx_hal_flash_ex.o
HAL_FLASH_EndOfOperationCallback                  build/debug/stm32f1xx_hal_flash.o
HAL_FLASH_GetError                                build/debug/stm32f1xx_hal_flash.o
HAL_FLASH_IRQHandler                              build/debug/stm32f1xx_hal_flash.o
HAL_FLASH_Lock                                    build/debug/stm32f1xx_hal_flash.o
HAL_FLASH_OB_Launch                               build/debug/stm32f1xx_hal_flash.o
HAL_FLASH_OB_Lock                                 build/debug/stm32f1xx_hal_flash.o
HAL_FLASH_OB_Unlock                               build/debug/stm32f1xx_hal_flash.o
HAL_FLASH_OperationErrorCallback                  build/debug/stm32f1xx_hal_flash.o
HAL_FLASH_Program                                 build/debug/stm32f1xx_hal_flash.o
HAL_FLASH_Program_IT                              build/debug/stm32f1xx_hal_flash.o
HAL_FLASH_Unlock                                  build/debug/stm32f1xx_hal_flash.o
HAL_GPIOEx_ConfigEventout                         build/debug/stm32f1xx_hal_gpio_ex.o
HAL_GPIOEx_DisableEventout                        build/debug/stm32f1xx_hal_gpio_ex.o
HAL_GPIOEx_EnableEventout                         build/debug/stm32f1xx_hal_gpio_ex.o
HAL_GPIO_DeInit                                   build/debug/stm32f1xx_hal_gpio.o
                                                  build/debug/stm32f1xx_hal_msp.o
HAL_GPIO_EXTI_Callback                            build/debug/stm32f1xx_hal_gpio.o
HAL_GPIO_EXTI_IRQHandler                          build/debug/stm32f1xx_hal_gpio.o
HAL_GPIO_Init                                     build/debug/stm32f1xx_hal_gpio.o
                                                  build/debug/stm32f1xx_hal_rcc.o
                                                  build/debug/stm32f1xx_hal_msp.o
                                                  build/debug/main.o
HAL_GPIO_LockPin                                  build/debug/stm32f1xx_hal_gpio.o
HAL_GPIO_ReadPin                                  build/debug/stm32f1xx_hal_gpio.o
                                                  build/debug/main.o
HAL_GPIO_TogglePin                                build/debug/stm32f1xx_hal_gpio.o
                                                  build/debug/main.o
HAL_GPIO_WritePin                                 build/debug/stm32f1xx_hal_gpio.o
                                                  build/debug/six_step.o
                                                  build/debug/main.o
HAL_GetDEVID                                      build/debug/stm32f1xx_hal.o
HAL_GetHalVersion                                 build/debug/stm32f1xx_hal.o
HAL_GetREVID                                      build/debug/stm32f1xx_hal.o
HAL_GetTick                                       build/debug/stm32f1xx_hal.o
                                                  build/debug/stm32f1xx_hal_rcc_ex.o
                                                  build/debug/stm32f1xx_hal_rcc.o
                                                  build/debug/stm32f1xx_hal_iwdg.o
                                                  build/debug/stm32f1xx_hal_flash.o
                                                  build/debug/stm32f1xx_hal_dma.o
                                                  build/debug/stm32f1xx_hal_adc_ex.o
                                                  build/debug/stm32f1xx_hal_adc.o
HAL_GetTickFreq                                   build/debug/stm32f1xx_hal.o
HAL_GetTickPrio                                   build/debug/stm32f1xx_hal.o
HAL_GetUIDw0                                      build/debug/stm32f1xx_hal.o
HAL_GetUIDw1                                      build/debug/stm32f1xx_hal.o
HAL_GetUIDw2                                      build/debug/stm32f1xx_hal.o
HAL_IWDG_Init                                     build/debug/stm32f1xx_hal_iwdg.o
                                                  build/debug/main.o
HAL_IWDG_Refresh                                  build/debug/stm32f1xx_hal_iwdg.o
                                                  build/debug/main.o
HAL_IncTick                                       build/debug/stm32f1xx_hal.o
                                                  build/debug/stm32f1xx_it.o
HAL_Init                                          build/debug/stm32f1xx_hal.o
                                                  build/debug/main.o
HAL_InitTick                                      build/debug/stm32f1xx_hal.o
                                                  build/debug/stm32f1xx_hal_rcc.o
HAL_MspDeInit                                     build/debug/stm32f1xx_hal.o
HAL_MspInit                                       build/debug/stm32f1xx_hal_msp.o
                                                  build/debug/stm32f1xx_hal.o
HAL_NVIC_ClearPendingIRQ                          build/debug/stm32f1xx_hal_cortex.o
HAL_NVIC_DisableIRQ                               build/debug/stm32f1xx_hal_cortex.o
                                                  build/debug/stm32f1xx_hal_msp.o
HAL_NVIC_EnableIRQ                                build/debug/stm32f1xx_hal_cortex.o
                                                  build/debug/stm32f1xx_hal_msp.o
                                                  build/debug/main.o
HAL_NVIC_GetActive                                build/debug/stm32f1xx_hal_cortex.o
HAL_NVIC_GetPendingIRQ                            build/debug/stm32f1xx_hal_cortex.o
HAL_NVIC_GetPriority                              build/debug/stm32f1xx_hal_cortex.o
HAL_NVIC_GetPriorityGrouping                      build/debug/stm32f1xx_hal_cortex.o
HAL_NVIC_SetPendingIRQ                            build/debug/stm32f1xx_hal_cortex.o
HAL_NVIC_SetPriority                              build/debug/stm32f1xx_hal_cortex.o
                                                  build/debug/stm32f1xx_hal_msp.o
                                                  build/debug/stm32f1xx_hal.o
                                                  build/debug/main.o
HAL_NVIC_SetPriorityGrouping                      build/debug/stm32f1xx_hal_cortex.o
                                                  build/debug/stm32f1xx_hal.o
HAL_NVIC_SystemReset                              build/debug/stm32f1xx_hal_cortex.o
                                                  build/debug/stm32f1xx_hal_flash.o
HAL_PWR_ConfigPVD                                 build/debug/stm32f1xx_hal_pwr.o
HAL_PWR_DeInit                                    build/debug/stm32f1xx_hal_pwr.o
HAL_PWR_DisableBkUpAccess                         build/debug/stm32f1xx_hal_pwr.o
HAL_PWR_DisablePVD                                build/debug/stm32f1xx_hal_pwr.o
HAL_PWR_DisableSEVOnPend                          build/debug/stm32f1xx_hal_pwr.o
HAL_PWR_DisableSleepOnExit                        build/debug/stm32f1xx_hal_pwr.o
HAL_PWR_DisableWakeUpPin                          build/debug/stm32f1xx_hal_pwr.o
HAL_PWR_EnableBkUpAccess                          build/debug/stm32f1xx_hal_pwr.o
HAL_PWR_EnablePVD                                 build/debug/stm32f1xx_hal_pwr.o
HAL_PWR_EnableSEVOnPend                           build/debug/stm32f1xx_hal_pwr.o
HAL_PWR_EnableSleepOnExit                         build/debug/stm32f1xx_hal_pwr.o
HAL_PWR_EnableWakeUpPin                           build/debug/stm32f1xx_hal_pwr.o
HAL_PWR_EnterSLEEPMode                            build/debug/stm32f1xx_hal_pwr.o
HAL_PWR_EnterSTANDBYMode                          build/debug/stm32f1xx_hal_pwr.o
HAL_PWR_EnterSTOPMode                             build/debug/stm32f1xx_hal_pwr.o
HAL_PWR_PVDCallback                               build/debug/stm32f1xx_hal_pwr.o
HAL_PWR_PVD_IRQHandler                            build/debug/stm32f1xx_hal_pwr.o
HAL_RCCEx_GetPeriphCLKConfig                      build/debug/stm32f1xx_hal_rcc_ex.o
HAL_RCCEx_GetPeriphCLKFreq                        build/debug/stm32f1xx_hal_rcc_ex.o
                                                  build/debug/stm32f1xx_hal_adc_ex.o
                                                  build/debug/stm32f1xx_hal_adc.o
HAL_RCCEx_PeriphCLKConfig                         build/debug/stm32f1xx_hal_rcc_ex.o
                                                  build/debug/main.o
HAL_RCC_CSSCallback                               build/debug/stm32f1xx_hal_rcc.o
HAL_RCC_ClockConfig                               build/debug/stm32f1xx_hal_rcc.o
                                                  build/debug/main.o
HAL_RCC_DeInit                                    build/debug/stm32f1xx_hal_rcc.o
HAL_RCC_DisableCSS                                build/debug/stm32f1xx_hal_rcc.o
HAL_RCC_EnableCSS                                 build/debug/stm32f1xx_hal_rcc.o
HAL_RCC_GetClockConfig                            build/debug/stm32f1xx_hal_rcc.o
HAL_RCC_GetHCLKFreq                               build/debug/stm32f1xx_hal_rcc.o
HAL_RCC_GetOscConfig                              build/debug/stm32f1xx_hal_rcc.o
HAL_RCC_GetPCLK1Freq                              build/debug/stm32f1xx_hal_rcc.o
HAL_RCC_GetPCLK2Freq                              build/debug/stm32f1xx_hal_rcc.o
                                                  build/debug/stm32f1xx_hal_rcc_ex.o
HAL_RCC_GetSysClockFreq                           build/debug/stm32f1xx_hal_rcc.o
HAL_RCC_MCOConfig                                 build/debug/stm32f1xx_hal_rcc.o
HAL_RCC_NMI_IRQHandler                            build/debug/stm32f1xx_hal_rcc.o
HAL_RCC_OscConfig                                 build/debug/stm32f1xx_hal_rcc.o
                                                  build/debug/main.o
HAL_ResumeTick                                    build/debug/stm32f1xx_hal.o
HAL_SYSTICK_CLKSourceConfig                       build/debug/stm32f1xx_hal_cortex.o
HAL_SYSTICK_Callback                              build/debug/stm32f1xx_hal_cortex.o
HAL_SYSTICK_Config                                build/debug/stm32f1xx_hal_cortex.o
                                                  build/debug/stm32f1xx_hal.o
HAL_SYSTICK_IRQHandler                            build/debug/stm32f1xx_hal_cortex.o
HAL_SetTickFreq                                   build/debug/stm32f1xx_hal.o
HAL_SuspendTick                                   build/debug/stm32f1xx_hal.o
HAL_TIMEx_BreakCallback                           build/debug/stm32f1xx_hal_tim_ex.o
                                                  build/debug/stm32f1xx_hal_tim.o
HAL_TIMEx_CommutCallback                          build/debug/stm32f1xx_hal_tim_ex.o
                                                  build/debug/stm32f1xx_hal_tim.o
HAL_TIMEx_CommutHalfCpltCallback                  build/debug/stm32f1xx_hal_tim_ex.o
HAL_TIMEx_ConfigBreakDeadTime                     build/debug/stm32f1xx_hal_tim_ex.o
                                                  build/debug/main.o
HAL_TIMEx_ConfigCommutEvent                       build/debug/stm32f1xx_hal_tim_ex.o
HAL_TIMEx_ConfigCommutEvent_DMA                   build/debug/stm32f1xx_hal_tim_ex.o
HAL_TIMEx_ConfigCommutEvent_IT                    build/debug/stm32f1xx_hal_tim_ex.o
HAL_TIMEx_GetChannelNState                        build/debug/stm32f1xx_hal_tim_ex.o
HAL_TIMEx_HallSensor_DeInit                       build/debug/stm32f1xx_hal_tim_ex.o
HAL_TIMEx_HallSensor_GetState                     build/debug/stm32f1xx_hal_tim_ex.o
HAL_TIMEx_HallSensor_Init                         build/debug/stm32f1xx_hal_tim_ex.o
HAL_TIMEx_HallSensor_MspDeInit                    build/debug/stm32f1xx_hal_tim_ex.o
HAL_TIMEx_HallSensor_MspInit                      build/debug/stm32f1xx_hal_tim_ex.o
HAL_TIMEx_HallSensor_Start                        build/debug/stm32f1xx_hal_tim_ex.o
HAL_TIMEx_HallSensor_Start_DMA                    build/debug/stm32f1xx_hal_tim_ex.o
HAL_TIMEx_HallSensor_Start_IT                     build/debug/stm32f1xx_hal_tim_ex.o
HAL_TIMEx_HallSensor_Stop                         build/debug/stm32f1xx_hal_tim_ex.o
HAL_TIMEx_HallSensor_Stop_DMA                     build/debug/stm32f1xx_hal_tim_ex.o
HAL_TIMEx_HallSensor_Stop_IT                      build/debug/stm32f1xx_hal_tim_ex.o
HAL_TIMEx_MasterConfigSynchronization             build/debug/stm32f1xx_hal_tim_ex.o
                                                  build/debug/main.o
HAL_TIMEx_OCN_Start                               build/debug/stm32f1xx_hal_tim_ex.o
HAL_TIMEx_OCN_Start_DMA                           build/debug/stm32f1xx_hal_tim_ex.o
HAL_TIMEx_OCN_Start_IT                            build/debug/stm32f1xx_hal_tim_ex.o
HAL_TIMEx_OCN_Stop                                build/debug/stm32f1xx_hal_tim_ex.o
HAL_TIMEx_OCN_Stop_DMA                            build/debug/stm32f1xx_hal_tim_ex.o
HAL_TIMEx_OCN_Stop_IT                             build/debug/stm32f1xx_hal_tim_ex.o
HAL_TIMEx_OnePulseN_Start                         build/debug/stm32f1xx_hal_tim_ex.o
HAL_TIMEx_OnePulseN_Start_IT                      build/debug/stm32f1xx_hal_tim_ex.o
HAL_TIMEx_OnePulseN_Stop                          build/debug/stm32f1xx_hal_tim_ex.o
HAL_TIMEx_OnePulseN_Stop_IT                       build/debug/stm32f1xx_hal_tim_ex.o
HAL_TIMEx_PWMN_Start                              build/debug/stm32f1xx_hal_tim_ex.o
HAL_TIMEx_PWMN_Start_DMA                          build/debug/stm32f1xx_hal_tim_ex.o
HAL_TIMEx_PWMN_Start_IT                           build/debug/stm32f1xx_hal_tim_ex.o
HAL_TIMEx_PWMN_Stop                               build/debug/stm32f1xx_hal_tim_ex.o
HAL_TIMEx_PWMN_Stop_DMA                           build/debug/stm32f1xx_hal_tim_ex.o
HAL_TIMEx_PWMN_Stop_IT                            build/debug/stm32f1xx_hal_tim_ex.o
HAL_TIMEx_RemapConfig                             build/debug/stm32f1xx_hal_tim_ex.o
HAL_TIM_Base_DeInit                               build/debug/stm32f1xx_hal_tim.o
HAL_TIM_Base_GetState                             build/debug/stm32f1xx_hal_tim.o
HAL_TIM_Base_Init                                 build/debug/stm32f1xx_hal_tim.o
                                                  build/debug/main.o
HAL_TIM_Base_MspDeInit                            build/debug/stm32f1xx_hal_msp.o
HAL_TIM_Base_MspInit                              build/debug/stm32f1xx_hal_msp.o
HAL_TIM_Base_Start                                build/debug/stm32f1xx_hal_tim.o
HAL_TIM_Base_Start_DMA                            build/debug/stm32f1xx_hal_tim.o
HAL_TIM_Base_Start_IT                             build/debug/stm32f1xx_hal_tim.o
                                                  build/debug/six_step.o
HAL_TIM_Base_Stop                                 build/debug/stm32f1xx_hal_tim.o
HAL_TIM_Base_Stop_DMA                             build/debug/stm32f1xx_hal_tim.o
HAL_TIM_Base_Stop_IT                              build/debug/stm32f1xx_hal_tim.o
HAL_TIM_ConfigClockSource                         build/debug/stm32f1xx_hal_tim.o
                                                  build/debug/main.o
HAL_TIM_ConfigOCrefClear                          build/debug/stm32f1xx_hal_tim.o
HAL_TIM_ConfigTI1Input                            build/debug/stm32f1xx_hal_tim.o
HAL_TIM_DMABurstState                             build/debug/stm32f1xx_hal_tim.o
HAL_TIM_DMABurst_MultiReadStart                   build/debug/stm32f1xx_hal_tim.o
HAL_TIM_DMABurst_MultiWriteStart                  build/debug/stm32f1xx_hal_tim.o
HAL_TIM_DMABurst_ReadStart                        build/debug/stm32f1xx_hal_tim.o
HAL_TIM_DMABurst_ReadStop                         build/debug/stm32f1xx_hal_tim.o
HAL_TIM_DMABurst_WriteStart                       build/debug/stm32f1xx_hal_tim.o
HAL_TIM_DMABurst_WriteStop                        build/debug/stm32f1xx_hal_tim.o
HAL_TIM_Encoder_DeInit                            build/debug/stm32f1xx_hal_tim.o
HAL_TIM_Encoder_GetState                          build/debug/stm32f1xx_hal_tim.o
HAL_TIM_Encoder_Init                              build/debug/stm32f1xx_hal_tim.o
HAL_TIM_Encoder_MspDeInit                         build/debug/stm32f1xx_hal_tim.o
HAL_TIM_Encoder_MspInit                           build/debug/stm32f1xx_hal_tim.o
HAL_TIM_Encoder_Start                             build/debug/stm32f1xx_hal_tim.o
HAL_TIM_Encoder_Start_DMA                         build/debug/stm32f1xx_hal_tim.o
HAL_TIM_Encoder_Start_IT                          build/debug/stm32f1xx_hal_tim.o
HAL_TIM_Encoder_Stop                              build/debug/stm32f1xx_hal_tim.o
HAL_TIM_Encoder_Stop_DMA                          build/debug/stm32f1xx_hal_tim.o
HAL_TIM_Encoder_Stop_IT                           build/debug/stm32f1xx_hal_tim.o
HAL_TIM_ErrorCallback                             build/debug/stm32f1xx_hal_tim.o
                                                  build/debug/stm32f1xx_hal_tim_ex.o
HAL_TIM_GenerateEvent                             build/debug/stm32f1xx_hal_tim.o
HAL_TIM_GetActiveChannel                          build/debug/stm32f1xx_hal_tim.o
HAL_TIM_GetChannelState                           build/debug/stm32f1xx_hal_tim.o
HAL_TIM_IC_CaptureCallback                        build/debug/stm32f1xx_hal_tim.o
HAL_TIM_IC_CaptureHalfCpltCallback                build/debug/stm32f1xx_hal_tim.o
HAL_TIM_IC_ConfigChannel                          build/debug/stm32f1xx_hal_tim.o
HAL_TIM_IC_DeInit                                 build/debug/stm32f1xx_hal_tim.o
HAL_TIM_IC_GetState                               build/debug/stm32f1xx_hal_tim.o
HAL_TIM_IC_Init                                   build/debug/stm32f1xx_hal_tim.o
HAL_TIM_IC_MspDeInit                              build/debug/stm32f1xx_hal_tim.o
HAL_TIM_IC_MspInit                                build/debug/stm32f1xx_hal_tim.o
HAL_TIM_IC_Start                                  build/debug/stm32f1xx_hal_tim.o
HAL_TIM_IC_Start_DMA                              build/debug/stm32f1xx_hal_tim.o
HAL_TIM_IC_Start_IT                               build/debug/stm32f1xx_hal_tim.o
HAL_TIM_IC_Stop                                   build/debug/stm32f1xx_hal_tim.o
HAL_TIM_IC_Stop_DMA                               build/debug/stm32f1xx_hal_tim.o
HAL_TIM_IC_Stop_IT                                build/debug/stm32f1xx_hal_tim.o
HAL_TIM_IRQHandler                                build/debug/stm32f1xx_hal_tim.o
                                                  build/debug/stm32f1xx_it.o
HAL_TIM_MspPostInit                               build/debug/stm32f1xx_hal_msp.o
                                                  build/debug/main.o
HAL_TIM_OC_ConfigChannel                          build/debug/stm32f1xx_hal_tim.o
HAL_TIM_OC_DeInit                                 build/debug/stm32f1xx_hal_tim.o
HAL_TIM_OC_DelayElapsedCallback                   build/debug/stm32f1xx_hal_tim.o
HAL_TIM_OC_GetState                               build/debug/stm32f1xx_hal_tim.o
HAL_TIM_OC_Init                                   build/debug/stm32f1xx_hal_tim.o
HAL_TIM_OC_MspDeInit                              build/debug/stm32f1xx_hal_tim.o
HAL_TIM_OC_MspInit                                build/debug/stm32f1xx_hal_tim.o
HAL_TIM_OC_Start                                  build/debug/stm32f1xx_hal_tim.o
HAL_TIM_OC_Start_DMA                              build/debug/stm32f1xx_hal_tim.o
HAL_TIM_OC_Start_IT                               build/debug/stm32f1xx_hal_tim.o
HAL_TIM_OC_Stop                                   build/debug/stm32f1xx_hal_tim.o
HAL_TIM_OC_Stop_DMA                               build/debug/stm32f1xx_hal_tim.o
HAL_TIM_OC_Stop_IT                                build/debug/stm32f1xx_hal_tim.o
HAL_TIM_OnePulse_ConfigChannel                    build/debug/stm32f1xx_hal_tim.o
HAL_TIM_OnePulse_DeInit                           build/debug/stm32f1xx_hal_tim.o
HAL_TIM_OnePulse_GetState                         build/debug/stm32f1xx_hal_tim.o
HAL_TIM_OnePulse_Init                             build/debug/stm32f1xx_hal_tim.o
HAL_TIM_OnePulse_MspDeInit                        build/debug/stm32f1xx_hal_tim.o
HAL_TIM_OnePulse_MspInit                          build/debug/stm32f1xx_hal_tim.o
HAL_TIM_OnePulse_Start                            build/debug/stm32f1xx_hal_tim.o
HAL_TIM_OnePulse_Start_IT                         build/debug/stm32f1xx_hal_tim.o
HAL_TIM_OnePulse_Stop                             build/debug/stm32f1xx_hal_tim.o
HAL_TIM_OnePulse_Stop_IT                          build/debug/stm32f1xx_hal_tim.o
HAL_TIM_PWM_ConfigChannel                         build/debug/stm32f1xx_hal_tim.o
                                                  build/debug/main.o
HAL_TIM_PWM_DeInit                                build/debug/stm32f1xx_hal_tim.o
HAL_TIM_PWM_GetState                              build/debug/stm32f1xx_hal_tim.o
HAL_TIM_PWM_Init                                  build/debug/stm32f1xx_hal_tim.o
                                                  build/debug/main.o
HAL_TIM_PWM_MspDeInit                             build/debug/stm32f1xx_hal_tim.o
HAL_TIM_PWM_MspInit                               build/debug/stm32f1xx_hal_tim.o
HAL_TIM_PWM_PulseFinishedCallback                 build/debug/stm32f1xx_hal_tim.o
                                                  build/debug/stm32f1xx_hal_tim_ex.o
HAL_TIM_PWM_PulseFinishedHalfCpltCallback         build/debug/stm32f1xx_hal_tim.o
HAL_TIM_PWM_Start                                 build/debug/stm32f1xx_hal_tim.o
                                                  build/debug/six_step.o
HAL_TIM_PWM_Start_DMA                             build/debug/stm32f1xx_hal_tim.o
HAL_TIM_PWM_Start_IT                              build/debug/stm32f1xx_hal_tim.o
HAL_TIM_PWM_Stop                                  build/debug/stm32f1xx_hal_tim.o
                                                  build/debug/six_step.o
HAL_TIM_PWM_Stop_DMA                              build/debug/stm32f1xx_hal_tim.o
HAL_TIM_PWM_Stop_IT                               build/debug/stm32f1xx_hal_tim.o
HAL_TIM_PeriodElapsedCallback                     build/debug/main.o
HAL_TIM_PeriodElapsedHalfCpltCallback             build/debug/stm32f1xx_hal_tim.o
HAL_TIM_ReadCapturedValue                         build/debug/stm32f1xx_hal_tim.o
HAL_TIM_SlaveConfigSynchro                        build/debug/stm32f1xx_hal_tim.o
HAL_TIM_SlaveConfigSynchro_IT                     build/debug/stm32f1xx_hal_tim.o
HAL_TIM_TriggerCallback                           build/debug/stm32f1xx_hal_tim.o
HAL_TIM_TriggerHalfCpltCallback                   build/debug/stm32f1xx_hal_tim.o
HardFault_Handler                                 build/debug/stm32f1xx_it.o
I2C1_ER_IRQHandler                                build/debug/startup_stm32f103xb.o
I2C1_EV_IRQHandler                                build/debug/startup_stm32f103xb.o
I2C2_ER_IRQHandler                                build/debug/startup_stm32f103xb.o
I2C2_EV_IRQHandler                                build/debug/startup_stm32f103xb.o
MC_DisablePWM                                     build/debug/six_step.o
                                                  build/debug/main.o
MC_EnablePWM                                      build/debug/six_step.o
                                                  build/debug/main.o
MC_InitPWM                                        build/debug/six_step.o
                                                  build/debug/main.o
MC_LoadStep                                       build/debug/six_step.o
                                                  build/debug/main.o
MC_SetDuty                                        build/debug/six_step.o
                                                  build/debug/main.o
MemManage_Handler                                 build/debug/stm32f1xx_it.o
NMI_Handler                                       build/debug/stm32f1xx_it.o
PVD_IRQHandler                                    build/debug/startup_stm32f103xb.o
PendSV_Handler                                    build/debug/stm32f1xx_it.o
RCC_IRQHandler                                    build/debug/startup_stm32f103xb.o
RTC_Alarm_IRQHandler                              build/debug/startup_stm32f103xb.o
RTC_IRQHandler                                    build/debug/startup_stm32f103xb.o
Reset_Handler                                     build/debug/startup_stm32f103xb.o
SPI1_IRQHandler                                   build/debug/startup_stm32f103xb.o
SPI2_IRQHandler                                   build/debug/startup_stm32f103xb.o
SVC_Handler                                       build/debug/stm32f1xx_it.o
SysTick_Handler                                   build/debug/stm32f1xx_it.o
SystemClock_Config                                build/debug/main.o
SystemCoreClock                                   build/debug/system_stm32f1xx.o
                                                  build/debug/stm32f1xx_hal_rcc.o
                                                  build/debug/stm32f1xx_hal_adc_ex.o
                                                  build/debug/stm32f1xx_hal_adc.o
                                                  build/debug/stm32f1xx_hal.o
SystemCoreClockUpdate                             build/debug/system_stm32f1xx.o
SystemInit                                        build/debug/system_stm32f1xx.o
                                                  build/debug/startup_stm32f103xb.o
TAMPER_IRQHandler                                 build/debug/startup_stm32f103xb.o
TIM1_BRK_IRQHandler                               build/debug/stm32f1xx_it.o
TIM1_CC_IRQHandler                                build/debug/startup_stm32f103xb.o
TIM1_TRG_COM_IRQHandler                           build/debug/stm32f1xx_it.o
TIM1_UP_IRQHandler                                build/debug/stm32f1xx_it.o
TIM2_IRQHandler                                   build/debug/startup_stm32f103xb.o
TIM3_IRQHandler                                   build/debug/startup_stm32f103xb.o
TIM4_IRQHandler                                   build/debug/startup_stm32f103xb.o
TIMEx_DMACommutationCplt                          build/debug/stm32f1xx_hal_tim_ex.o
                                                  build/debug/stm32f1xx_hal_tim.o
TIMEx_DMACommutationHalfCplt                      build/debug/stm32f1xx_hal_tim_ex.o
                                                  build/debug/stm32f1xx_hal_tim.o
TIM_Base_SetConfig                                build/debug/stm32f1xx_hal_tim.o
                                                  build/debug/stm32f1xx_hal_tim_ex.o
TIM_CCxChannelCmd                                 build/debug/stm32f1xx_hal_tim.o
                                                  build/debug/stm32f1xx_hal_tim_ex.o
TIM_DMACaptureCplt                                build/debug/stm32f1xx_hal_tim.o
                                                  build/debug/stm32f1xx_hal_tim_ex.o
TIM_DMACaptureHalfCplt                            build/debug/stm32f1xx_hal_tim.o
                                                  build/debug/stm32f1xx_hal_tim_ex.o
TIM_DMADelayPulseHalfCplt                         build/debug/stm32f1xx_hal_tim.o
                                                  build/debug/stm32f1xx_hal_tim_ex.o
TIM_DMAError                                      build/debug/stm32f1xx_hal_tim.o
                                                  build/debug/stm32f1xx_hal_tim_ex.o
TIM_ETR_SetConfig                                 build/debug/stm32f1xx_hal_tim.o
TIM_OC2_SetConfig                                 build/debug/stm32f1xx_hal_tim.o
                                                  build/debug/stm32f1xx_hal_tim_ex.o
TIM_TI1_SetConfig                                 build/debug/stm32f1xx_hal_tim.o
                                                  build/debug/stm32f1xx_hal_tim_ex.o
USART1_IRQHandler                                 build/debug/startup_stm32f103xb.o
USART2_IRQHandler                                 build/debug/startup_stm32f103xb.o
USART3_IRQHandler                                 build/debug/startup_stm32f103xb.o
USBWakeUp_IRQHandler                              build/debug/startup_stm32f103xb.o
USB_HP_CAN1_TX_IRQHandler                         build/debug/startup_stm32f103xb.o
USB_LP_CAN1_RX0_IRQHandler                        build/debug/startup_stm32f103xb.o
UsageFault_Handler                                build/debug/stm32f1xx_it.o
WWDG_IRQHandler                                   build/debug/startup_stm32f103xb.o
_ITM_deregisterTMCloneTable                       C:/Program Files (x86)/Arm GNU Toolchain arm-none-eabi/14.2 rel1/bin/../lib/gcc/arm-none-eabi/14.2.1/thumb/v7-m/nofp/crtbegin.o
_ITM_registerTMCloneTable                         C:/Program Files (x86)/Arm GNU Toolchain arm-none-eabi/14.2 rel1/bin/../lib/gcc/arm-none-eabi/14.2.1/thumb/v7-m/nofp/crtbegin.o
_Min_Stack_Size                                   build/debug/sysmem.o
__TMC_END__                                       C:/Program Files (x86)/Arm GNU Toolchain arm-none-eabi/14.2 rel1/bin/../lib/gcc/arm-none-eabi/14.2.1/thumb/v7-m/nofp/crtend.o
                                                  C:/Program Files (x86)/Arm GNU Toolchain arm-none-eabi/14.2 rel1/bin/../lib/gcc/arm-none-eabi/14.2.1/thumb/v7-m/nofp/crtbegin.o
__adddf3                                          C:/Program Files (x86)/Arm GNU Toolchain arm-none-eabi/14.2 rel1/bin/../lib/gcc/arm-none-eabi/14.2.1/thumb/v7-m/nofp\libgcc.a(_arm_addsubdf3.o)
__aeabi_cdcmpeq                                   C:/Program Files (x86)/Arm GNU Toolchain arm-none-eabi/14.2 rel1/bin/../lib/gcc/arm-none-eabi/14.2.1/thumb/v7-m/nofp\libgcc.a(_arm_cmpdf2.o)
__aeabi_cdcmple                                   C:/Program Files (x86)/Arm GNU Toolchain arm-none-eabi/14.2 rel1/bin/../lib/gcc/arm-none-eabi/14.2.1/thumb/v7-m/nofp\libgcc.a(_arm_cmpdf2.o)
__aeabi_cdrcmple                                  C:/Program Files (x86)/Arm GNU Toolchain arm-none-eabi/14.2 rel1/bin/../lib/gcc/arm-none-eabi/14.2.1/thumb/v7-m/nofp\libgcc.a(_arm_cmpdf2.o)
__aeabi_dadd                                      C:/Program Files (x86)/Arm GNU Toolchain arm-none-eabi/14.2 rel1/bin/../lib/gcc/arm-none-eabi/14.2.1/thumb/v7-m/nofp\libgcc.a(_arm_addsubdf3.o)
__aeabi_dcmpeq                                    C:/Program Files (x86)/Arm GNU Toolchain arm-none-eabi/14.2 rel1/bin/../lib/gcc/arm-none-eabi/14.2.1/thumb/v7-m/nofp\libgcc.a(_arm_cmpdf2.o)
__aeabi_dcmpge                                    C:/Program Files (x86)/Arm GNU Toolchain arm-none-eabi/14.2 rel1/bin/../lib/gcc/arm-none-eabi/14.2.1/thumb/v7-m/nofp\libgcc.a(_arm_cmpdf2.o)
__aeabi_dcmpgt                                    C:/Program Files (x86)/Arm GNU Toolchain arm-none-eabi/14.2 rel1/bin/../lib/gcc/arm-none-eabi/14.2.1/thumb/v7-m/nofp\libgcc.a(_arm_cmpdf2.o)
__aeabi_dcmple                                    C:/Program Files (x86)/Arm GNU Toolchain arm-none-eabi/14.2 rel1/bin/../lib/gcc/arm-none-eabi/14.2.1/thumb/v7-m/nofp\libgcc.a(_arm_cmpdf2.o)
                                                  build/debug/main.o
__aeabi_dcmplt                                    C:/Program Files (x86)/Arm GNU Toolchain arm-none-eabi/14.2 rel1/bin/../lib/gcc/arm-none-eabi/14.2.1/thumb/v7-m/nofp\libgcc.a(_arm_cmpdf2.o)
__aeabi_drsub                                     C:/Program Files (x86)/Arm GNU Toolchain arm-none-eabi/14.2 rel1/bin/../lib/gcc/arm-none-eabi/14.2.1/thumb/v7-m/nofp\libgcc.a(_arm_addsubdf3.o)
__aeabi_dsub                                      C:/Program Files (x86)/Arm GNU Toolchain arm-none-eabi/14.2 rel1/bin/../lib/gcc/arm-none-eabi/14.2.1/thumb/v7-m/nofp\libgcc.a(_arm_addsubdf3.o)
__aeabi_f2d                                       C:/Program Files (x86)/Arm GNU Toolchain arm-none-eabi/14.2 rel1/bin/../lib/gcc/arm-none-eabi/14.2.1/thumb/v7-m/nofp\libgcc.a(_arm_addsubdf3.o)
__aeabi_i2d                                       C:/Program Files (x86)/Arm GNU Toolchain arm-none-eabi/14.2 rel1/bin/../lib/gcc/arm-none-eabi/14.2.1/thumb/v7-m/nofp\libgcc.a(_arm_addsubdf3.o)
                                                  build/debug/main.o
__aeabi_l2d                                       C:/Program Files (x86)/Arm GNU Toolchain arm-none-eabi/14.2 rel1/bin/../lib/gcc/arm-none-eabi/14.2.1/thumb/v7-m/nofp\libgcc.a(_arm_addsubdf3.o)
__aeabi_ui2d                                      C:/Program Files (x86)/Arm GNU Toolchain arm-none-eabi/14.2 rel1/bin/../lib/gcc/arm-none-eabi/14.2.1/thumb/v7-m/nofp\libgcc.a(_arm_addsubdf3.o)
__aeabi_ul2d                                      C:/Program Files (x86)/Arm GNU Toolchain arm-none-eabi/14.2 rel1/bin/../lib/gcc/arm-none-eabi/14.2.1/thumb/v7-m/nofp\libgcc.a(_arm_addsubdf3.o)
__bss_end__                                       C:/Program Files (x86)/Arm GNU Toolchain arm-none-eabi/14.2 rel1/bin/../lib/gcc/arm-none-eabi/14.2.1/thumb/v7-m/nofp/crt0.o
__bss_start__                                     C:/Program Files (x86)/Arm GNU Toolchain arm-none-eabi/14.2 rel1/bin/../lib/gcc/arm-none-eabi/14.2.1/thumb/v7-m/nofp/crt0.o
__call_exitprocs                                  C:/Program Files (x86)/Arm GNU Toolchain arm-none-eabi/14.2 rel1/bin/../lib/gcc/arm-none-eabi/14.2.1/thumb/v7-m/nofp\libc_nano.a(libc_a-exit.o)
__cmpdf2                                          C:/Program Files (x86)/Arm GNU Toolchain arm-none-eabi/14.2 rel1/bin/../lib/gcc/arm-none-eabi/14.2.1/thumb/v7-m/nofp\libgcc.a(_arm_cmpdf2.o)
__deregister_frame_info                           C:/Program Files (x86)/Arm GNU Toolchain arm-none-eabi/14.2 rel1/bin/../lib/gcc/arm-none-eabi/14.2.1/thumb/v7-m/nofp/crtbegin.o